Component: Arm Compiler for Embedded 6.19 Tool: armlink [5e73cb00]

==============================================================================

Section Cross References

    blinky.o(.text.app_main) refers to led_nucleo_f429zi.o(.text.LED_On) for LED_On
    blinky.o(.text.app_main) refers to lcd.o(.text.LCD_setup) for LCD_setup
    blinky.o(.text.app_main) refers to lcd.o(.text.LCD_send_String) for LCD_send_String
    blinky.o(.text.app_main) refers to stm32f4xx_hal.o(.text.HAL_Delay) for HAL_Delay
    blinky.o(.text.app_main) refers to led_nucleo_f429zi.o(.text.LED_Initialize) for LED_Initialize
    blinky.o(.text.app_main) refers to buttons_nucleo_f429zi.o(.text.Buttons_Initialize) for Buttons_Initialize
    blinky.o(.text.app_main) refers to blinky.o(.text.thrBUT) for thrBUT
    blinky.o(.text.app_main) refers to rtx_thread.o(.text.osThreadNew) for osThreadNew
    blinky.o(.text.app_main) refers to blinky.o(.bss.tid_thrBUT) for tid_thrBUT
    blinky.o(.text.app_main) refers to blinky.o(.text.task_1) for task_1
    blinky.o(.text.app_main) refers to blinky.o(.bss.task_1_ID) for task_1_ID
    blinky.o(.text.app_main) refers to rtx_thread.o(.text.osThreadSetPriority) for osThreadSetPriority
    blinky.o(.text.app_main) refers to blinky.o(.text.task_2) for task_2
    blinky.o(.text.app_main) refers to blinky.o(.bss.task_2_ID) for task_2_ID
    blinky.o(.text.app_main) refers to blinky.o(.text.task_3) for task_3
    blinky.o(.text.app_main) refers to blinky.o(.bss.task_3_ID) for task_3_ID
    blinky.o(.text.app_main) refers to blinky.o(.text.task_4) for task_4
    blinky.o(.text.app_main) refers to blinky.o(.bss.task_4_ID) for task_4_ID
    blinky.o(.text.app_main) refers to rtx_thread.o(.text.osThreadExit) for osThreadExit
    blinky.o(.ARM.exidx.text.app_main) refers to blinky.o(.text.app_main) for [Anonymous Symbol]
    blinky.o(.text.thrBUT) refers to buttons_nucleo_f429zi.o(.text.Buttons_GetCount) for Buttons_GetCount
    blinky.o(.text.thrBUT) refers to blinky.o(.data.delay_val) for delay_val
    blinky.o(.text.thrBUT) refers to blinky.o(.bss.task_1_ID) for task_1_ID
    blinky.o(.text.thrBUT) refers to rtx_delay.o(.text.osDelay) for osDelay
    blinky.o(.text.thrBUT) refers to buttons_nucleo_f429zi.o(.text.Buttons_GetState) for Buttons_GetState
    blinky.o(.text.thrBUT) refers to rtx_thread.o(.text.osThreadFlagsSet) for osThreadFlagsSet
    blinky.o(.ARM.exidx.text.thrBUT) refers to blinky.o(.text.thrBUT) for [Anonymous Symbol]
    blinky.o(.text.task_1) refers to blinky.o(.bss.task_2_ID) for task_2_ID
    blinky.o(.text.task_1) refers to blinky.o(.bss.counter) for counter
    blinky.o(.text.task_1) refers to lcd.o(.text.LCD_clear) for LCD_clear
    blinky.o(.text.task_1) refers to led_nucleo_f429zi.o(.text.LED_On) for LED_On
    blinky.o(.text.task_1) refers to rtx_semaphore.o(.text.osSemaphoreAcquire) for osSemaphoreAcquire
    blinky.o(.text.task_1) refers to rtx_delay.o(.text.osDelay) for osDelay
    blinky.o(.text.task_1) refers to lcd.o(.text.LCD_send_intString) for LCD_send_intString
    blinky.o(.ARM.exidx.text.task_1) refers to blinky.o(.text.task_1) for [Anonymous Symbol]
    blinky.o(.text.task_2) refers to blinky.o(.bss.task_1_ID) for task_1_ID
    blinky.o(.text.task_2) refers to blinky.o(.bss.flag) for flag
    blinky.o(.text.task_2) refers to led_nucleo_f429zi.o(.text.LED_Off) for LED_Off
    blinky.o(.text.task_2) refers to rtx_semaphore.o(.text.osSemaphoreRelease) for osSemaphoreRelease
    blinky.o(.ARM.exidx.text.task_2) refers to blinky.o(.text.task_2) for [Anonymous Symbol]
    blinky.o(.text.task_3) refers to blinky.o(.data.global_counter) for global_counter
    blinky.o(.text.task_3) refers to rtx_delay.o(.text.osDelay) for osDelay
    blinky.o(.text.task_3) refers to lcd.o(.text.place_lcd_cursor) for place_lcd_cursor
    blinky.o(.text.task_3) refers to lcd.o(.text.LCD_send_intString) for LCD_send_intString
    blinky.o(.text.task_3) refers to lcd.o(.text.LCD_clear) for LCD_clear
    blinky.o(.ARM.exidx.text.task_3) refers to blinky.o(.text.task_3) for [Anonymous Symbol]
    blinky.o(.text.task_4) refers to blinky.o(.data.global_counter) for global_counter
    blinky.o(.text.task_4) refers to rtx_delay.o(.text.osDelay) for osDelay
    blinky.o(.text.task_4) refers to lcd.o(.text.place_lcd_cursor) for place_lcd_cursor
    blinky.o(.text.task_4) refers to lcd.o(.text.LCD_send_intString) for LCD_send_intString
    blinky.o(.text.task_4) refers to lcd.o(.text.LCD_clear) for LCD_clear
    blinky.o(.ARM.exidx.text.task_4) refers to blinky.o(.text.task_4) for [Anonymous Symbol]
    blinky.o(.rodata.app_main_attr) refers to blinky.o(.bss.app_main_stk) for app_main_stk
    lcd.o(.text) refers (Special) to _printf_percent.o(.ARM.Collect$$_printf_percent$$00000000) for _printf_percent
    lcd.o(.text) refers (Special) to _printf_d.o(.ARM.Collect$$_printf_percent$$00000009) for _printf_d
[...]
    _terminate_alloc                          - Undefined Weak Reference
    _terminate_user_alloc                     - Undefined Weak Reference
    _terminateio                              - Undefined Weak Reference
    __Vectors_Size                           0x000001ac   Number         0  startup_stm32f429xx.o ABSOLUTE
    __Vectors                                0x08000000   Data           4  startup_stm32f429xx.o(RESET)
    __Vectors_End                            0x080001ac   Data           0  startup_stm32f429xx.o(RESET)
    __main                                   0x080001ad   Thumb Code     8  __main.o(!!!main)
    __scatterload                            0x080001b5   Thumb Code     0  __scatter.o(!!!scatter)
    __scatterload_rt2                        0x080001b5   Thumb Code    44  __scatter.o(!!!scatter)
    __scatterload_rt2_thumb_only             0x080001b5   Thumb Code     0  __scatter.o(!!!scatter)
    __scatterload_null                       0x080001c3   Thumb Code     0  __scatter.o(!!!scatter)
    __scatterload_copy                       0x080001e9   Thumb Code    26  __scatter_copy.o(!!handler_copy)
    __scatterload_zeroinit                   0x08000205   Thumb Code    28  __scatter_zi.o(!!handler_zi)
    _printf_f                                0x08000221   Thumb Code     0  _printf_f.o(.ARM.Collect$$_printf_percent$$00000003)
    _printf_percent                          0x08000221   Thumb Code     0  _printf_percent.o(.ARM.Collect$$_printf_percent$$00000000)
    _printf_d                                0x08000227   Thumb Code     0  _printf_d.o(.ARM.Collect$$_printf_percent$$00000009)
    _printf_percent_end                      0x0800022d   Thumb Code     0  _printf_percent_end.o(.ARM.Collect$$_printf_percent$$00000017)
    __rt_lib_init                            0x08000231   Thumb Code     0  libinit.o(.ARM.Collect$$libinit$$00000000)
    __rt_lib_init_fp_1                       0x08000233   Thumb Code     0  libinit2.o(.ARM.Collect$$libinit$$00000001)
    __rt_lib_init_heap_1                     0x08000237   Thumb Code     0  libinit2.o(.ARM.Collect$$libinit$$0000000C)
    __rt_lib_init_lc_common                  0x08000237   Thumb Code     0  libinit2.o(.ARM.Collect$$libinit$$00000011)
    __rt_lib_init_preinit_1                  0x08000237   Thumb Code     0  libinit2.o(.ARM.Collect$$libinit$$00000006)
    __rt_lib_init_rand_1                     0x08000237   Thumb Code     0  libinit2.o(.ARM.Collect$$libinit$$00000010)
    __rt_lib_init_relocate_pie_1             0x08000237   Thumb Code     0  libinit2.o(.ARM.Collect$$libinit$$00000004)
    __rt_lib_init_user_alloc_1               0x08000237   Thumb Code     0  libinit2.o(.ARM.Collect$$libinit$$0000000E)
    __rt_lib_init_lc_collate_1               0x0800023d   Thumb Code     0  libinit2.o(.ARM.Collect$$libinit$$00000013)
    __rt_lib_init_lc_ctype_1                 0x0800023d   Thumb Code     0  libinit2.o(.ARM.Collect$$libinit$$00000015)
    __rt_lib_init_lc_monetary_1              0x0800023d   Thumb Code     0  libinit2.o(.ARM.Collect$$libinit$$00000017)
    __rt_lib_init_lc_numeric_2               0x0800023d   Thumb Code     0  libinit2.o(.ARM.Collect$$libinit$$00000018)
    __rt_lib_init_alloca_1                   0x08000247   Thumb Code     0  libinit2.o(.ARM.Collect$$libinit$$00000030)
    __rt_lib_init_argv_1                     0x08000247   Thumb Code     0  libinit2.o(.ARM.Collect$$libinit$$0000002E)
    __rt_lib_init_atexit_1                   0x08000247   Thumb Code     0  libinit2.o(.ARM.Collect$$libinit$$0000001D)
    __rt_lib_init_clock_1                    0x08000247   Thumb Code     0  libinit2.o(.ARM.Collect$$libinit$$00000023)
    __rt_lib_init_cpp_1                      0x08000247   Thumb Code     0  libinit2.o(.ARM.Collect$$libinit$$00000034)
    __rt_lib_init_exceptions_1               0x08000247   Thumb Code     0  libinit2.o(.ARM.Collect$$libinit$$00000032)
    __rt_lib_init_fp_trap_1                  0x08000247   Thumb Code     0  libinit2.o(.ARM.Collect$$libinit$$00000021)
    __rt_lib_init_getenv_1                   0x08000247   Thumb Code     0  libinit2.o(.ARM.Collect$$libinit$$00000025)
    __rt_lib_init_lc_numeric_1               0x08000247   Thumb Code     0  libinit2.o(.ARM.Collect$$libinit$$00000019)
    __rt_lib_init_lc_time_1                  0x08000247   Thumb Code     0  libinit2.o(.ARM.Collect$$libinit$$0000001B)
    __rt_lib_init_return                     0x08000247   Thumb Code     0  libinit2.o(.ARM.Collect$$libinit$$00000035)
    __rt_lib_init_signal_1                   0x08000247   Thumb Code     0  libinit2.o(.ARM.Collect$$libinit$$0000001F)
    __rt_lib_init_stdio_1                    0x08000247   Thumb Code     0  libinit2.o(.ARM.Collect$$libinit$$00000027)
    __rt_lib_shutdown                        0x08000249   Thumb Code     0  libshutdown.o(.ARM.Collect$$libshutdown$$00000000)
    __rt_lib_shutdown_cpp_1                  0x0800024b   Thumb Code     0  libshutdown2.o(.ARM.Collect$$libshutdown$$00000002)
    __rt_lib_shutdown_fp_trap_1              0x0800024b   Thumb Code     0  libshutdown2.o(.ARM.Collect$$libshutdown$$00000007)
    __rt_lib_shutdown_heap_1                 0x0800024b   Thumb Code     0  libshutdown2.o(.ARM.Collect$$libshutdown$$0000000F)
    __rt_lib_shutdown_return                 0x0800024b   Thumb Code     0  libshutdown2.o(.ARM.Collect$$libshutdown$$00000010)
    __rt_lib_shutdown_signal_1               0x0800024b   Thumb Code     0  libshutdown2.o(.ARM.Collect$$libshutdown$$0000000A)
    __rt_lib_shutdown_stdio_1                0x0800024b   Thumb Code     0  libshutdown2.o(.ARM.Collect$$libshutdown$$00000004)
    __rt_lib_shutdown_user_alloc_1           0x0800024b   Thumb Code     0  libshutdown2.o(.ARM.Collect$$libshutdown$$0000000C)
    __rt_entry                               0x0800024d   Thumb Code     0  __rtentry.o(.ARM.Collect$$rtentry$$00000000)
    __rt_entry_presh_1                       0x0800024d   Thumb Code     0  __rtentry2.o(.ARM.Collect$$rtentry$$00000002)
    __rt_entry_sh                            0x0800024d   Thumb Code     0  __rtentry4.o(.ARM.Collect$$rtentry$$00000004)
    __rt_entry_postsh_1                      0x08000253   Thumb Code     0  __rtentry2.o(.ARM.Collect$$rtentry$$00000008)
    __rt_entry_li                            0x0800025b   Thumb Code     0  __rtentry2.o(.ARM.Collect$$rtentry$$0000000A)
    __rt_entry_main                          0x0800025f   Thumb Code     0  __rtentry2.o(.ARM.Collect$$rtentry$$0000000D)
    __rt_entry_postli_1                      0x0800025f   Thumb Code     0  __rtentry2.o(.ARM.Collect$$rtentry$$0000000C)
    __rt_exit                                0x08000267   Thumb Code     0  rtexit.o(.ARM.Collect$$rtexit$$00000000)
    __rt_exit_ls                             0x08000269   Thumb Code     0  rtexit2.o(.ARM.Collect$$rtexit$$00000003)
    __rt_exit_prels_1                        0x08000269   Thumb Code     0  rtexit2.o(.ARM.Collect$$rtexit$$00000002)
    __rt_exit_exit                           0x0800026d   Thumb Code     0  rtexit2.o(.ARM.Collect$$rtexit$$00000004)
    SVC_Handler                              0x08000275   Thumb Code   210  irq_armv7m.o(.text)
    PendSV_Handler                           0x08000347   Thumb Code    16  irq_armv7m.o(.text)
    SysTick_Handler                          0x08000357   Thumb Code    16  irq_armv7m.o(.text)
    Reset_Handler                            0x08000379   Thumb Code     8  startup_stm32f429xx.o(.text)
    ADC_IRQHandler                           0x08000393   Thumb Code     0  startup_stm32f429xx.o(.text)
    CAN1_RX0_IRQHandler                      0x08000393   Thumb Code     0  startup_stm32f429xx.o(.text)
    CAN1_RX1_IRQHandler                      0x08000393   Thumb Code     0  startup_stm32f429xx.o(.text)
    CAN1_SCE_IRQHandler                      0x08000393   Thumb Code     0  startup_stm32f429xx.o(.text)
    CAN1_TX_IRQHandler                       0x08000393   Thumb Code     0  startup_stm32f429xx.o(.text)
    CAN2_RX0_IRQHandler                      0x08000393   Thumb Code     0  startup_stm32f429xx.o(.text)
    CAN2_RX1_IRQHandler                      0x08000393   Thumb Code     0  startup_stm32f429xx.o(.text)
    CAN2_SCE_IRQHandler                      0x08000393   Thumb Code     0  startup_stm32f429xx.o(.text)
    CAN2_TX_IRQHandler                       0x08000393   Thumb Code     0  startup_stm32f429xx.o(.text)
    DCMI_IRQHandler                          0x08000393   Thumb Code     0  startup_stm32f429xx.o(.text)
    DMA1_Stream0_IRQHandler                  0x08000393   Thumb Code     0  startup_stm32f429xx.o(.text)
    DMA1_Stream1_IRQHandler                  0x08000393   Thumb Code     0  startup_stm32f429xx.o(.text)
    DMA1_Stream2_IRQHandler                  0x08000393   Thumb Code     0  startup_stm32f429xx.o(.text)
    DMA1_Stream3_IRQHandler                  0x08000393   Thumb Code     0  startup_stm32f429xx.o(.text)
    DMA1_Stream4_IRQHandler                  0x08000393   Thumb Code     0  startup_stm32f429xx.o(.text)
    DMA1_Stream5_IRQHandler                  0x08000393   Thumb Code     0  startup_stm32f429xx.o(.text)
    DMA1_Stream6_IRQHandler                  0x08000393   Thumb Code     0  startup_stm32f429xx.o(.text)
    DMA1_Stream7_IRQHandler                  0x08000393   Thumb Code     0  startup_stm32f429xx.o(.text)
    DMA2D_IRQHandler                         0x08000393   Thumb Code     0  startup_stm32f429xx.o(.text)
    DMA2_Stream0_IRQHandler                  0x08000393   Thumb Code     0  startup_stm32f429xx.o(.text)
    DMA2_Stream1_IRQHandler                  0x08000393   Thumb Code     0  startup_stm32f429xx.o(.text)
    DMA2_Stream2_IRQHandler                  0x08000393   Thumb Code     0  startup_stm32f429xx.o(.text)
    DMA2_Stream3_IRQHandler                  0x08000393   Thumb Code     0  startup_stm32f429xx.o(.text)
    DMA2_Stream4_IRQHandler                  0x08000393   Thumb Code     0  startup_stm32f429xx.o(.text)
    DMA2_Stream5_IRQHandler                  0x08000393   Thumb Code     0  startup_stm32f429xx.o(.text)
    DMA2_Stream6_IRQHandler                  0x08000393   Thumb Code     0  startup_stm32f429xx.o(.text)
    DMA2_Stream7_IRQHandler                  0x08000393   Thumb Code     0  startup_stm32f429xx.o(.text)
    ETH_IRQHandler                           0x08000393   Thumb Code     0  startup_stm32f429xx.o(.text)
    ETH_WKUP_IRQHandler                      0x08000393   Thumb Code     0  startup_stm32f429xx.o(.text)
    EXTI0_IRQHandler                         0x08000393   Thumb Code     0  startup_stm32f429xx.o(.text)
    EXTI15_10_IRQHandler                     0x08000393   Thumb Code     0  startup_stm32f429xx.o(.text)
    EXTI1_IRQHandler                         0x08000393   Thumb Code     0  startup_stm32f429xx.o(.text)
    EXTI2_IRQHandler                         0x08000393   Thumb Code     0  startup_stm32f429xx.o(.text)
    EXTI3_IRQHandler                         0x08000393   Thumb Code     0  startup_stm32f429xx.o(.text)
    EXTI4_IRQHandler                         0x08000393   Thumb Code     0  startup_stm32f429xx.o(.text)
    EXTI9_5_IRQHandler                       0x08000393   Thumb Code     0  startup_stm32f429xx.o(.text)
    FLASH_IRQHandler                         0x08000393   Thumb Code     0  startup_stm32f429xx.o(.text)
    FMC_IRQHandler                           0x08000393   Thumb Code     0  startup_stm32f429xx.o(.text)
    FPU_IRQHandler                           0x08000393   Thumb Code     0  startup_stm32f429xx.o(.text)
    HASH_RNG_IRQHandler                      0x08000393   Thumb Code     0  startup_stm32f429xx.o(.text)
    I2C1_ER_IRQHandler                       0x08000393   Thumb Code     0  startup_stm32f429xx.o(.text)
    I2C1_EV_IRQHandler                       0x08000393   Thumb Code     0  startup_stm32f429xx.o(.text)
    I2C2_ER_IRQHandler                       0x08000393   Thumb Code     0  startup_stm32f429xx.o(.text)
    I2C2_EV_IRQHandler                       0x08000393   Thumb Code     0  startup_stm32f429xx.o(.text)
    I2C3_ER_IRQHandler                       0x08000393   Thumb Code     0  startup_stm32f429xx.o(.text)
    I2C3_EV_IRQHandler                       0x08000393   Thumb Code     0  startup_stm32f429xx.o(.text)
    LTDC_ER_IRQHandler                       0x08000393   Thumb Code     0  startup_stm32f429xx.o(.text)
    LTDC_IRQHandler                          0x08000393   Thumb Code     0  startup_stm32f429xx.o(.text)
    OTG_FS_IRQHandler                        0x08000393   Thumb Code     0  startup_stm32f429xx.o(.text)
    OTG_FS_WKUP_IRQHandler                   0x08000393   Thumb Code     0  startup_stm32f429xx.o(.text)
    OTG_HS_EP1_IN_IRQHandler                 0x08000393   Thumb Code     0  startup_stm32f429xx.o(.text)
    OTG_HS_EP1_OUT_IRQHandler                0x08000393   Thumb Code     0  startup_stm32f429xx.o(.text)
    OTG_HS_IRQHandler                        0x08000393   Thumb Code     0  startup_stm32f429xx.o(.text)
    OTG_HS_WKUP_IRQHandler                   0x08000393   Thumb Code     0  startup_stm32f429xx.o(.text)
    PVD_IRQHandler                           0x08000393   Thumb Code     0  startup_stm32f429xx.o(.text)
    RCC_IRQHandler                           0x08000393   Thumb Code     0  startup_stm32f429xx.o(.text)
    RTC_Alarm_IRQHandler                     0x08000393   Thumb Code     0  startup_stm32f429xx.o(.text)
    RTC_WKUP_IRQHandler                      0x08000393   Thumb Code     0  startup_stm32f429xx.o(.text)
    SAI1_IRQHandler                          0x08000393   Thumb Code     0  startup_stm32f429xx.o(.text)
    SDIO_IRQHandler                          0x08000393   Thumb Code     0  startup_stm32f429xx.o(.text)
    SPI1_IRQHandler                          0x08000393   Thumb Code     0  startup_stm32f429xx.o(.text)
    SPI2_IRQHandler                          0x08000393   Thumb Code     0  startup_stm32f429xx.o(.text)
    SPI3_IRQHandler                          0x08000393   Thumb Code     0  startup_stm32f429xx.o(.text)
    SPI4_IRQHandler                          0x08000393   Thumb Code     0  startup_stm32f429xx.o(.text)
    SPI5_IRQHandler                          0x08000393   Thumb Code     0  startup_stm32f429xx.o(.text)
    SPI6_IRQHandler                          0x08000393   Thumb Code     0  startup_stm32f429xx.o(.text)
    TAMP_STAMP_IRQHandler                    0x08000393   Thumb Code     0  startup_stm32f429xx.o(.text)
    TIM1_BRK_TIM9_IRQHandler                 0x08000393   Thumb Code     0  startup_stm32f429xx.o(.text)
    TIM1_CC_IRQHandler                       0x08000393   Thumb Code     0  startup_stm32f429xx.o(.text)
    TIM1_TRG_COM_TIM11_IRQHandler            0x08000393   Thumb Code     0  startup_stm32f429xx.o(.text)
    TIM1_UP_TIM10_IRQHandler                 0x08000393   Thumb Code     0  startup_stm32f429xx.o(.text)
    TIM2_IRQHandler                          0x08000393   Thumb Code     0  startup_stm32f429xx.o(.text)
    TIM3_IRQHandler                          0x08000393   Thumb Code     0  startup_stm32f429xx.o(.text)
    TIM4_IRQHandler                          0x08000393   Thumb Code     0  startup_stm32f429xx.o(.text)
    TIM5_IRQHandler                          0x08000393   Thumb Code     0  startup_stm32f429xx.o(.text)
    TIM6_DAC_IRQHandler                      0x08000393   Thumb Code     0  startup_stm32f429xx.o(.text)
    TIM7_IRQHandler                          0x08000393   Thumb Code     0  startup_stm32f429xx.o(.text)
    TIM8_BRK_TIM12_IRQHandler                0x08000393   Thumb Code     0  startup_stm32f429xx.o(.text)
    TIM8_CC_IRQHandler                       0x08000393   Thumb Code     0  startup_stm32f429xx.o(.text)
    TIM8_TRG_COM_TIM14_IRQHandler            0x08000393   Thumb Code     0  startup_stm32f429xx.o(.text)
    TIM8_UP_TIM13_IRQHandler                 0x08000393   Thumb Code     0  startup_stm32f429xx.o(.text)
    UART4_IRQHandler                         0x08000393   Thumb Code     0  startup_stm32f429xx.o(.text)
    UART5_IRQHandler                         0x08000393   Thumb Code     0  startup_stm32f429xx.o(.text)
    UART7_IRQHandler                         0x08000393   Thumb Code     0  startup_stm32f429xx.o(.text)
    UART8_IRQHandler                         0x08000393   Thumb Code     0  startup_stm32f429xx.o(.text)
    USART1_IRQHandler                        0x08000393   Thumb Code     0  startup_stm32f429xx.o(.text)
    USART2_IRQHandler                        0x08000393   Thumb Code     0  startup_stm32f429xx.o(.text)
    USART3_IRQHandler                        0x08000393   Thumb Code     0  startup_stm32f429xx.o(.text)
    USART6_IRQHandler                        0x08000393   Thumb Code     0  startup_stm32f429xx.o(.text)
    WWDG_IRQHandler                          0x08000393   Thumb Code     0  startup_stm32f429xx.o(.text)
    __user_initial_stackheap                 0x08000395   Thumb Code     0  startup_stm32f429xx.o(.text)
    __aeabi_uldivmod                         0x080003b9   Thumb Code     0  lludivv7m.o(.text)
    _ll_udiv                                 0x080003b9   Thumb Code   240  lludivv7m.o(.text)
    __2sprintf                               0x080004a9   Thumb Code    34  noretval__2sprintf.o(.text)
    __printf                                 0x080004d1   Thumb Code   104  __printf.o(.text)
    _printf_int_dec                          0x08000539   Thumb Code   104  _printf_dec.o(.text)
    __aeabi_memcpy                           0x080005b1   Thumb Code     0  rt_memcpy_v6.o(.text)
    __rt_memcpy                              0x080005b1   Thumb Code   138  rt_memcpy_v6.o(.text)
    _memcpy_lastbytes                        0x08000617   Thumb Code     0  rt_memcpy_v6.o(.text)
    __aeabi_memset4                          0x0800063b   Thumb Code    16  aeabi_memset4.o(.text)
    __aeabi_memset8                          0x0800063b   Thumb Code     0  aeabi_memset4.o(.text)
    __aeabi_memclr                           0x0800064b   Thumb Code     0  rt_memclr.o(.text)
    __rt_memclr                              0x0800064b   Thumb Code     0  rt_memclr.o(.text)
    _memset                                  0x0800064f   Thumb Code    64  rt_memclr.o(.text)
    __aeabi_memclr4                          0x0800068f   Thumb Code     0  rt_memclr_w.o(.text)
    __aeabi_memclr8                          0x0800068f   Thumb Code     0  rt_memclr_w.o(.text)
    __rt_memclr_w                            0x0800068f   Thumb Code     0  rt_memclr_w.o(.text)
    _memset_w                                0x08000693   Thumb Code    74  rt_memclr_w.o(.text)
    __use_two_region_memory                  0x080006dd   Thumb Code     2  heapauxi.o(.text)
    __rt_heap_escrow$2region                 0x080006df   Thumb Code     2  heapauxi.o(.text)
    __rt_heap_expand$2region                 0x080006e1   Thumb Code     2  heapauxi.o(.text)
    _printf_int_common                       0x080006e3   Thumb Code   178  _printf_intcommon.o(.text)
    _printf_fp_dec_real                      0x08000945   Thumb Code   620  _printf_fp_dec.o(.text)
    _printf_char_common                      0x08000bbb   Thumb Code    32  _printf_char_common.o(.text)
    _sputc                                   0x08000be1   Thumb Code    10  _sputc.o(.text)
    __aeabi_memcpy4                          0x08000beb   Thumb Code     0  rt_memcpy_w.o(.text)
    __aeabi_memcpy8                          0x08000beb   Thumb Code     0  rt_memcpy_w.o(.text)
    __rt_memcpy_w                            0x08000beb   Thumb Code   100  rt_memcpy_w.o(.text)
    _memcpy_lastbytes_aligned                0x08000c33   Thumb Code     0  rt_memcpy_w.o(.text)
    __rt_locale                              0x08000c4f   Thumb Code    10  rt_locale_twolibspace.o(.text)
    _ll_udiv10                               0x08000c59   Thumb Code   138  lludiv10.o(.text)
    _printf_fp_infnan                        0x08000ce5   Thumb Code   112  _printf_fp_infnan.o(.text)
    _btod_etento                             0x08000d65   Thumb Code   224  bigflt0.o(.text)
    __user_libspace                          0x08000e49   Thumb Code     8  libspace.o(.text)
    __user_perproc_libspace                  0x08000e49   Thumb Code     0  libspace.o(.text)
    __user_setup_stackheap                   0x08000e51   Thumb Code    74  sys_stackheap_outer.o(.text)
    exit                                     0x08000e9b   Thumb Code    18  exit.o(.text)
    strcmp                                   0x08000eb1   Thumb Code   124  strcmpv7em.o(.text)
    _sys_exit                                0x08000f2d   Thumb Code     8  sys_exit.o(.text)
    __I$use$semihosting                      0x08000f39   Thumb Code     0  use_no_semi.o(.text)
    __use_no_semihosting_swi                 0x08000f39   Thumb Code     2  use_no_semi.o(.text)
    __semihosting_library_function           0x08000f3b   Thumb Code     0  indicate_semi.o(.text)
    _fp_init                                 0x08000f3d   Thumb Code    22  rtx_lib.o(.text.$Sub$$_fp_init)
    BusFault_Handler                         0x08000f55   Thumb Code     2  stm32f4xx_it.o(.text.BusFault_Handler)
    Buttons_GetCount                         0x08000f59   Thumb Code     4  buttons_nucleo_f429zi.o(.text.Buttons_GetCount)
    Buttons_GetState                         0x08000f5d   Thumb Code    28  buttons_nucleo_f429zi.o(.text.Buttons_GetState)
    Buttons_Initialize                       0x08000f79   Thumb Code    64  buttons_nucleo_f429zi.o(.text.Buttons_Initialize)
    DebugMon_Handler                         0x08000fb9   Thumb Code     2  stm32f4xx_it.o(.text.DebugMon_Handler)
    EventRecord2                             0x08000fbd   Thumb Code   406  eventrecorder.o(.text.EventRecord2)
    EventRecord4                             0x08001155   Thumb Code   682  eventrecorder.o(.text.EventRecord4)
    EventRecorderDisable                     0x08001401   Thumb Code   108  eventrecorder.o(.text.EventRecorderDisable)
    EventRecorderEnable                      0x0800146d   Thumb Code   108  eventrecorder.o(.text.EventRecorderEnable)
    EventRecorderInitialize                  0x080014d9   Thumb Code   730  eventrecorder.o(.text.EventRecorderInitialize)
    EventRecorderStart                       0x080017b5   Thumb Code   328  eventrecorder.o(.text.EventRecorderStart)
    EventRecorderTimerGetCount               0x080018fd   Thumb Code    12  eventrecorder.o(.text.EventRecorderTimerGetCount)
    EventRecorderTimerGetFreq                0x08001909   Thumb Code    12  eventrecorder.o(.text.EventRecorderTimerGetFreq)
    EventRecorderTimerSetup                  0x08001915   Thumb Code    36  eventrecorder.o(.text.EventRecorderTimerSetup)
    EvrRtxDelay                              0x08001939   Thumb Code    16  rtx_evr.o(.text.EvrRtxDelay)
    EvrRtxDelayCompleted                     0x08001949   Thumb Code    16  rtx_evr.o(.text.EvrRtxDelayCompleted)
    EvrRtxDelayError                         0x08001959   Thumb Code    12  rtx_evr.o(.text.EvrRtxDelayError)
    EvrRtxDelayStarted                       0x08001965   Thumb Code    16  rtx_evr.o(.text.EvrRtxDelayStarted)
    EvrRtxEventFlagsWaitTimeout              0x08001975   Thumb Code    16  rtx_evr.o(.text.EvrRtxEventFlagsWaitTimeout)
    EvrRtxKernelError                        0x08001985   Thumb Code    12  rtx_evr.o(.text.EvrRtxKernelError)
    EvrRtxKernelErrorNotify                  0x08001991   Thumb Code    12  rtx_evr.o(.text.EvrRtxKernelErrorNotify)
    EvrRtxKernelGetTickCount                 0x0800199d   Thumb Code    16  rtx_evr.o(.text.EvrRtxKernelGetTickCount)
    EvrRtxKernelInitialize                   0x080019ad   Thumb Code    16  rtx_evr.o(.text.EvrRtxKernelInitialize)
    EvrRtxKernelInitialized                  0x080019bd   Thumb Code    16  rtx_evr.o(.text.EvrRtxKernelInitialized)
    EvrRtxKernelStart                        0x080019cd   Thumb Code    16  rtx_evr.o(.text.EvrRtxKernelStart)
    EvrRtxKernelStarted                      0x080019dd   Thumb Code    16  rtx_evr.o(.text.EvrRtxKernelStarted)
    EvrRtxMemoryAlloc                        0x080019ed   Thumb Code    32  rtx_evr.o(.text.EvrRtxMemoryAlloc)
    EvrRtxMemoryBlockAlloc                   0x08001a0d   Thumb Code    16  rtx_evr.o(.text.EvrRtxMemoryBlockAlloc)
    EvrRtxMemoryBlockFree                    0x08001a1d   Thumb Code    34  rtx_evr.o(.text.EvrRtxMemoryBlockFree)
    EvrRtxMemoryBlockInit                    0x08001a41   Thumb Code    32  rtx_evr.o(.text.EvrRtxMemoryBlockInit)
    EvrRtxMemoryFree                         0x08001a61   Thumb Code    34  rtx_evr.o(.text.EvrRtxMemoryFree)
    EvrRtxMemoryInit                         0x08001a85   Thumb Code    30  rtx_evr.o(.text.EvrRtxMemoryInit)
    EvrRtxMemoryPoolAllocTimeout             0x08001aa5   Thumb Code    16  rtx_evr.o(.text.EvrRtxMemoryPoolAllocTimeout)
    EvrRtxMessageQueueCreated                0x08001ab5   Thumb Code    16  rtx_evr.o(.text.EvrRtxMessageQueueCreated)
    EvrRtxMessageQueueError                  0x08001ac5   Thumb Code    12  rtx_evr.o(.text.EvrRtxMessageQueueError)
    EvrRtxMessageQueueGet                    0x08001ad1   Thumb Code    32  rtx_evr.o(.text.EvrRtxMessageQueueGet)
    EvrRtxMessageQueueGetPending             0x08001af1   Thumb Code    34  rtx_evr.o(.text.EvrRtxMessageQueueGetPending)
    EvrRtxMessageQueueGetTimeout             0x08001b15   Thumb Code    16  rtx_evr.o(.text.EvrRtxMessageQueueGetTimeout)
    EvrRtxMessageQueueInsertPending          0x08001b25   Thumb Code    16  rtx_evr.o(.text.EvrRtxMessageQueueInsertPending)
    EvrRtxMessageQueueInserted               0x08001b35   Thumb Code    16  rtx_evr.o(.text.EvrRtxMessageQueueInserted)
    EvrRtxMessageQueueNotInserted            0x08001b45   Thumb Code    16  rtx_evr.o(.text.EvrRtxMessageQueueNotInserted)
    EvrRtxMessageQueueNotRetrieved           0x08001b55   Thumb Code    16  rtx_evr.o(.text.EvrRtxMessageQueueNotRetrieved)
    EvrRtxMessageQueuePut                    0x08001b65   Thumb Code    32  rtx_evr.o(.text.EvrRtxMessageQueuePut)
    EvrRtxMessageQueuePutPending             0x08001b85   Thumb Code    34  rtx_evr.o(.text.EvrRtxMessageQueuePutPending)
    EvrRtxMessageQueuePutTimeout             0x08001ba9   Thumb Code    16  rtx_evr.o(.text.EvrRtxMessageQueuePutTimeout)
    EvrRtxMessageQueueRetrieved              0x08001bb9   Thumb Code    16  rtx_evr.o(.text.EvrRtxMessageQueueRetrieved)
    EvrRtxMutexAcquire                       0x08001bc9   Thumb Code    16  rtx_evr.o(.text.EvrRtxMutexAcquire)
    EvrRtxMutexAcquirePending                0x08001bd9   Thumb Code    16  rtx_evr.o(.text.EvrRtxMutexAcquirePending)
    EvrRtxMutexAcquireTimeout                0x08001be9   Thumb Code    16  rtx_evr.o(.text.EvrRtxMutexAcquireTimeout)
    EvrRtxMutexAcquired                      0x08001bf9   Thumb Code    16  rtx_evr.o(.text.EvrRtxMutexAcquired)
    EvrRtxMutexCreated                       0x08001c09   Thumb Code    16  rtx_evr.o(.text.EvrRtxMutexCreated)
    EvrRtxMutexDelete                        0x08001c19   Thumb Code    16  rtx_evr.o(.text.EvrRtxMutexDelete)
    EvrRtxMutexDestroyed                     0x08001c29   Thumb Code    16  rtx_evr.o(.text.EvrRtxMutexDestroyed)
    EvrRtxMutexError                         0x08001c39   Thumb Code    12  rtx_evr.o(.text.EvrRtxMutexError)
    EvrRtxMutexNew                           0x08001c45   Thumb Code    16  rtx_evr.o(.text.EvrRtxMutexNew)
    EvrRtxMutexNotAcquired                   0x08001c55   Thumb Code    16  rtx_evr.o(.text.EvrRtxMutexNotAcquired)
    EvrRtxMutexRelease                       0x08001c65   Thumb Code    16  rtx_evr.o(.text.EvrRtxMutexRelease)
    EvrRtxMutexReleased                      0x08001c75   Thumb Code    16  rtx_evr.o(.text.EvrRtxMutexReleased)
    EvrRtxSemaphoreAcquire                   0x08001c85   Thumb Code    16  rtx_evr.o(.text.EvrRtxSemaphoreAcquire)
    EvrRtxSemaphoreAcquirePending            0x08001c95   Thumb Code    16  rtx_evr.o(.text.EvrRtxSemaphoreAcquirePending)
    EvrRtxSemaphoreAcquireTimeout            0x08001ca5   Thumb Code    16  rtx_evr.o(.text.EvrRtxSemaphoreAcquireTimeout)
    EvrRtxSemaphoreAcquired                  0x08001cb5   Thumb Code    16  rtx_evr.o(.text.EvrRtxSemaphoreAcquired)
    EvrRtxSemaphoreError                     0x08001cc5   Thumb Code    12  rtx_evr.o(.text.EvrRtxSemaphoreError)
    EvrRtxSemaphoreNotAcquired               0x08001cd1   Thumb Code    16  rtx_evr.o(.text.EvrRtxSemaphoreNotAcquired)
    EvrRtxSemaphoreRelease                   0x08001ce1   Thumb Code    16  rtx_evr.o(.text.EvrRtxSemaphoreRelease)
    EvrRtxSemaphoreReleased                  0x08001cf1   Thumb Code    16  rtx_evr.o(.text.EvrRtxSemaphoreReleased)
    EvrRtxThreadBlocked                      0x08001d01   Thumb Code    16  rtx_evr.o(.text.EvrRtxThreadBlocked)
    EvrRtxThreadCreated                      0x08001d11   Thumb Code    24  rtx_evr.o(.text.EvrRtxThreadCreated)
    EvrRtxThreadDestroyed                    0x08001d29   Thumb Code    16  rtx_evr.o(.text.EvrRtxThreadDestroyed)
    EvrRtxThreadError                        0x08001d39   Thumb Code    12  rtx_evr.o(.text.EvrRtxThreadError)
    EvrRtxThreadExit                         0x08001d45   Thumb Code    16  rtx_evr.o(.text.EvrRtxThreadExit)
    EvrRtxThreadFlagsError                   0x08001d55   Thumb Code    12  rtx_evr.o(.text.EvrRtxThreadFlagsError)
    EvrRtxThreadFlagsSet                     0x08001d61   Thumb Code    16  rtx_evr.o(.text.EvrRtxThreadFlagsSet)
    EvrRtxThreadFlagsSetDone                 0x08001d71   Thumb Code    16  rtx_evr.o(.text.EvrRtxThreadFlagsSetDone)
    EvrRtxThreadFlagsWaitCompleted           0x08001d81   Thumb Code    32  rtx_evr.o(.text.EvrRtxThreadFlagsWaitCompleted)
    EvrRtxThreadFlagsWaitTimeout             0x08001da1   Thumb Code    16  rtx_evr.o(.text.EvrRtxThreadFlagsWaitTimeout)
    EvrRtxThreadJoined                       0x08001db1   Thumb Code    16  rtx_evr.o(.text.EvrRtxThreadJoined)
    EvrRtxThreadNew                          0x08001dc1   Thumb Code    34  rtx_evr.o(.text.EvrRtxThreadNew)
    EvrRtxThreadPreempted                    0x08001de5   Thumb Code    16  rtx_evr.o(.text.EvrRtxThreadPreempted)
    EvrRtxThreadPriorityUpdated              0x08001df5   Thumb Code    16  rtx_evr.o(.text.EvrRtxThreadPriorityUpdated)
    EvrRtxThreadSetPriority                  0x08001e05   Thumb Code    16  rtx_evr.o(.text.EvrRtxThreadSetPriority)
    EvrRtxThreadSwitched                     0x08001e15   Thumb Code    16  rtx_evr.o(.text.EvrRtxThreadSwitched)
    EvrRtxThreadUnblocked                    0x08001e25   Thumb Code    16  rtx_evr.o(.text.EvrRtxThreadUnblocked)
    EvrRtxTimerCallback                      0x08001e35   Thumb Code    16  rtx_evr.o(.text.EvrRtxTimerCallback)
    HAL_Delay                                0x08001e45   Thumb Code    40  stm32f4xx_hal.o(.text.HAL_Delay)
    HAL_GPIO_Init                            0x08001e6d   Thumb Code   416  stm32f4xx_hal_gpio.o(.text.HAL_GPIO_Init)
    HAL_GPIO_ReadPin                         0x0800200d   Thumb Code    10  stm32f4xx_hal_gpio.o(.text.HAL_GPIO_ReadPin)
    HAL_GPIO_WritePin                        0x08002019   Thumb Code    10  stm32f4xx_hal_gpio.o(.text.HAL_GPIO_WritePin)
    HAL_GetTick                              0x08002025   Thumb Code    76  main.o(.text.HAL_GetTick)
    HAL_Init                                 0x08002071   Thumb Code    54  stm32f4xx_hal.o(.text.HAL_Init)
    HAL_InitTick                             0x080020a9   Thumb Code     4  main.o(.text.HAL_InitTick)
    HAL_MspInit                              0x080020ad   Thumb Code    84  stm32f4xx_hal_msp.o(.text.HAL_MspInit)
    HAL_NVIC_SetPriority                     0x08002101   Thumb Code    86  stm32f4xx_hal_cortex.o(.text.HAL_NVIC_SetPriority)
    HAL_NVIC_SetPriorityGrouping             0x08002159   Thumb Code    32  stm32f4xx_hal_cortex.o(.text.HAL_NVIC_SetPriorityGrouping)
    HAL_RCC_ClockConfig                      0x08002179   Thumb Code   352  stm32f4xx_hal_rcc.o(.text.HAL_RCC_ClockConfig)
    HAL_RCC_GetSysClockFreq                  0x080022d9   Thumb Code   106  stm32f4xx_hal_rcc.o(.text.HAL_RCC_GetSysClockFreq)
    HAL_RCC_OscConfig                        0x08002345   Thumb Code   836  stm32f4xx_hal_rcc.o(.text.HAL_RCC_OscConfig)
    HardFault_Handler                        0x08002689   Thumb Code     2  stm32f4xx_it.o(.text.HardFault_Handler)
    LCD_clear                                0x0800268d   Thumb Code   332  lcd.o(.text.LCD_clear)
    LCD_init                                 0x080027d9   Thumb Code  2638  lcd.o(.text.LCD_init)
    LCD_sendData                             0x08003229   Thumb Code   338  lcd.o(.text.LCD_sendData)
    LCD_send_String                          0x0800337d   Thumb Code    28  lcd.o(.text.LCD_send_String)
    LCD_send_intString                       0x08003399   Thumb Code    52  lcd.o(.text.LCD_send_intString)
    LCD_setup                                0x080033d1   Thumb Code   220  lcd.o(.text.LCD_setup)
    LED_Initialize                           0x080034ad   Thumb Code   102  led_nucleo_f429zi.o(.text.LED_Initialize)
    LED_Off                                  0x08003515   Thumb Code    40  led_nucleo_f429zi.o(.text.LED_Off)
    LED_On                                   0x0800353d   Thumb Code    40  led_nucleo_f429zi.o(.text.LED_On)
    MemManage_Handler                        0x08003565   Thumb Code     2  stm32f4xx_it.o(.text.MemManage_Handler)
    NMI_Handler                              0x08003569   Thumb Code     2  stm32f4xx_it.o(.text.NMI_Handler)
    OS_Tick_AcknowledgeIRQ                   0x0800356d   Thumb Code    12  os_systick.o(.text.OS_Tick_AcknowledgeIRQ)
    OS_Tick_Enable                           0x08003579   Thumb Code    50  os_systick.o(.text.OS_Tick_Enable)
    OS_Tick_GetIRQn                          0x080035ad   Thumb Code     6  os_systick.o(.text.OS_Tick_GetIRQn)
    OS_Tick_Setup                            0x080035b5   Thumb Code    72  os_systick.o(.text.OS_Tick_Setup)
    SystemClock_Config                       0x080035fd   Thumb Code   170  main.o(.text.SystemClock_Config)
    SystemCoreClockUpdate                    0x080036a9   Thumb Code   134  system_stm32f4xx.o(.text.SystemCoreClockUpdate)
    SystemInit                               0x08003731   Thumb Code    18  system_stm32f4xx.o(.text.SystemInit)
    UsageFault_Handler                       0x08003745   Thumb Code     2  stm32f4xx_it.o(.text.UsageFault_Handler)
    _mutex_acquire                           0x08003749   Thumb Code    50  rtx_lib.o(.text._mutex_acquire)
    _mutex_free                              0x0800377d   Thumb Code     6  rtx_lib.o(.text._mutex_free)
    _mutex_initialize                        0x08003785   Thumb Code    32  rtx_lib.o(.text._mutex_initialize)
    _mutex_release                           0x080037a5   Thumb Code    46  rtx_lib.o(.text._mutex_release)
    _platform_post_stackheap_init            0x080037d5   Thumb Code     4  rtx_lib.o(.text._platform_post_stackheap_init)
    app_main                                 0x080037d9   Thumb Code   184  blinky.o(.text.app_main)
    main                                     0x080038a1   Thumb Code   306  main.o(.text.main)
    osDelay                                  0x080039d5   Thumb Code    54  rtx_delay.o(.text.osDelay)
    osKernelGetState                         0x08003a0d   Thumb Code    50  rtx_kernel.o(.text.osKernelGetState)
    osKernelGetTickCount                     0x08003a41   Thumb Code    50  rtx_kernel.o(.text.osKernelGetTickCount)
    osKernelInitialize                       0x08003a75   Thumb Code    54  rtx_kernel.o(.text.osKernelInitialize)
    osKernelStart                            0x08003aad   Thumb Code    50  rtx_kernel.o(.text.osKernelStart)
    osMessageQueueGet                        0x08003ae1   Thumb Code   212  rtx_msgqueue.o(.text.osMessageQueueGet)
    osMessageQueuePut                        0x08003bb5   Thumb Code   162  rtx_msgqueue.o(.text.osMessageQueuePut)
    osMutexAcquire                           0x08003c59   Thumb Code    60  rtx_mutex.o(.text.osMutexAcquire)
    osMutexDelete                            0x08003c95   Thumb Code    56  rtx_mutex.o(.text.osMutexDelete)
    osMutexNew                               0x08003ccd   Thumb Code    56  rtx_mutex.o(.text.osMutexNew)
    osMutexRelease                           0x08003d05   Thumb Code    56  rtx_mutex.o(.text.osMutexRelease)
    osRtxErrorNotify                         0x08003d3d   Thumb Code     2  rtx_config.o(.text.osRtxErrorNotify)
    osRtxIdleThread                          0x08003d41   Thumb Code     2  rtx_config.o(.text.osRtxIdleThread)
    osRtxKernelErrorNotify                   0x08003d45   Thumb Code    22  rtx_kernel.o(.text.osRtxKernelErrorNotify)
    osRtxKernelPreInit                       0x08003d5d   Thumb Code   244  rtx_lib.o(.text.osRtxKernelPreInit)
    osRtxMemoryAlloc                         0x08003e51   Thumb Code   128  rtx_memory.o(.text.osRtxMemoryAlloc)
    osRtxMemoryFree                          0x08003ed1   Thumb Code    90  rtx_memory.o(.text.osRtxMemoryFree)
    osRtxMemoryInit                          0x08003f2d   Thumb Code    64  rtx_memory.o(.text.osRtxMemoryInit)
    osRtxMemoryPoolAlloc                     0x08003f6d   Thumb Code    68  rtx_mempool.o(.text.osRtxMemoryPoolAlloc)
    osRtxMemoryPoolFree                      0x08003fb1   Thumb Code    86  rtx_mempool.o(.text.osRtxMemoryPoolFree)
    osRtxMemoryPoolInit                      0x08004009   Thumb Code    96  rtx_mempool.o(.text.osRtxMemoryPoolInit)
    osRtxMessageQueueTimerSetup              0x08004225   Thumb Code    44  rtx_msgqueue.o(.text.osRtxMessageQueueTimerSetup)
    osRtxMutexOwnerRelease                   0x08004251   Thumb Code   102  rtx_mutex.o(.text.osRtxMutexOwnerRelease)
    osRtxMutexOwnerRestore                   0x080042b9   Thumb Code    80  rtx_mutex.o(.text.osRtxMutexOwnerRestore)
    osRtxPendSV_Handler                      0x08004309   Thumb Code   136  rtx_system.o(.text.osRtxPendSV_Handler)
    osRtxPostProcess                         0x080043b5   Thumb Code   118  rtx_system.o(.text.osRtxPostProcess)
    osRtxThreadDelayTick                     0x0800442d   Thumb Code   356  rtx_thread.o(.text.osRtxThreadDelayTick)
    osRtxThreadDispatch                      0x08004591   Thumb Code   234  rtx_thread.o(.text.osRtxThreadDispatch)
    osRtxThreadListGet                       0x080046e1   Thumb Code    20  rtx_thread.o(.text.osRtxThreadListGet)
    osRtxThreadListPut                       0x080046f5   Thumb Code    44  rtx_thread.o(.text.osRtxThreadListPut)
    osRtxThreadListRemove                    0x08004721   Thumb Code    26  rtx_thread.o(.text.osRtxThreadListRemove)
    osRtxThreadListSort                      0x0800473d   Thumb Code   112  rtx_thread.o(.text.osRtxThreadListSort)
    osRtxThreadReadyPut                      0x0800484d   Thumb Code    60  rtx_thread.o(.text.osRtxThreadReadyPut)
    osRtxThreadRegPtr                        0x08004889   Thumb Code    20  rtx_thread.o(.text.osRtxThreadRegPtr)
    osRtxThreadStackCheck                    0x0800489d   Thumb Code    32  rtx_thread.o(.text.osRtxThreadStackCheck)
    osRtxThreadStartup                       0x080048bd   Thumb Code    74  rtx_thread.o(.text.osRtxThreadStartup)
    osRtxThreadSwitch                        0x08004909   Thumb Code    18  rtx_thread.o(.text.osRtxThreadSwitch)
    osRtxThreadWaitEnter                     0x0800491d   Thumb Code   216  rtx_thread.o(.text.osRtxThreadWaitEnter)
    osRtxThreadWaitExit                      0x080049f5   Thumb Code   164  rtx_thread.o(.text.osRtxThreadWaitExit)
    osRtxTick_Handler                        0x08004a99   Thumb Code   132  rtx_system.o(.text.osRtxTick_Handler)
    osRtxTimerSetup                          0x08004b1d   Thumb Code    38  rtx_timer.o(.text.osRtxTimerSetup)
    osRtxTimerThread                         0x08004b45   Thumb Code    42  rtx_timer.o(.text.osRtxTimerThread)
    osSemaphoreAcquire                       0x08004c39   Thumb Code   128  rtx_semaphore.o(.text.osSemaphoreAcquire)
    osSemaphoreRelease                       0x08004cb9   Thumb Code   140  rtx_semaphore.o(.text.osSemaphoreRelease)
    osThreadExit                             0x08004d45   Thumb Code    26  rtx_thread.o(.text.osThreadExit)
    osThreadFlagsSet                         0x08004d61   Thumb Code   130  rtx_thread.o(.text.osThreadFlagsSet)
    osThreadNew                              0x08004de5   Thumb Code    64  rtx_thread.o(.text.osThreadNew)
    osThreadSetPriority                      0x08004e25   Thumb Code    60  rtx_thread.o(.text.osThreadSetPriority)
    place_lcd_cursor                         0x08004e61   Thumb Code   170  lcd.o(.text.place_lcd_cursor)
    _btod_d2e                                0x080060d5   Thumb Code    62  btod.o(CL$$btod_d2e)
    _d2e_denorm_low                          0x08006113   Thumb Code    70  btod.o(CL$$btod_d2e_denorm_low)
    _d2e_norm_op1                            0x08006159   Thumb Code    96  btod.o(CL$$btod_d2e_norm_op1)
    __btod_div_common                        0x080061b9   Thumb Code   696  btod.o(CL$$btod_div_common)
    _e2e                                     0x080064f1   Thumb Code   220  btod.o(CL$$btod_e2e)
    _btod_ediv                               0x080065cd   Thumb Code    42  btod.o(CL$$btod_ediv)
    _btod_emul                               0x080065f7   Thumb Code    42  btod.o(CL$$btod_emul)
    __btod_mult_common                       0x08006621   Thumb Code   580  btod.o(CL$$btod_mult_common)
    __ARM_fpclassify                         0x08006865   Thumb Code    48  fpclassify.o(i.__ARM_fpclassify)
    _get_lc_numeric                          0x08006895   Thumb Code    44  lc_numeric_c.o(locale$$code)
    $Super$$_fp_init                         0x080068c1   Thumb Code    26  fpinit.o(x$fpl$fpinit)
    __fplib_config_fpu_vfp                   0x080068d9   Thumb Code     0  fpinit.o(x$fpl$fpinit)
    __fplib_config_pureend_doubles           0x080068d9   Thumb Code     0  fpinit.o(x$fpl$fpinit)
    _printf_fp_dec                           0x080068db   Thumb Code     4  printf1.o(x$fpl$printf1)
    __I$use$fp                               0x080068de   Number         0  usenofp.o(x$fpl$usenofp)
    osRtxConfig                              0x08006974   Data         112  rtx_lib.o(.rodata)
    os_cb_sections                           0x080069e4   Data          56  rtx_lib.o(.rodata)
    AHBPrescTable                            0x08006a1c   Data          16  system_stm32f4xx.o(.rodata.AHBPrescTable)
    EventRecorderInfo                        0x08006a2c   Data          24  eventrecorder.o(.rodata.EventRecorderInfo)
    app_main_attr                            0x08006a5c   Data          36  blinky.o(.rodata.app_main_attr)
    osRtxUserSVC                             0x08006a80   Data           4  rtx_lib.o(.rodata.osRtxUserSVC)
    Region$$Table$$Base                      0x08006af0   Number         0  anon$$obj.o(Region$$Table)
    Region$$Table$$Limit                     0x08006b20   Number         0  anon$$obj.o(Region$$Table)
    SystemCoreClock                          0x20000000   Data           4  system_stm32f4xx.o(.data.SystemCoreClock)
    global_counter                           0x20000008   Data           4  blinky.o(.data.global_counter)
    osRtxInfo                                0x2000000c   Data         164  rtx_kernel.o(.data.os)
    uwTickFreq                               0x200000b0   Data           1  stm32f4xx_hal.o(.data.uwTickFreq)
    uwTickPrio                               0x200000b4   Data           4  stm32f4xx_hal.o(.data.uwTickPrio)
    __libspace_start                         0x200000b8   Data          96  libspace.o(.bss)
    __temporary_stack_top$libspace           0x20000118   Data           0  libspace.o(.bss)
    app_main_stk                             0x20000120   Data         512  blinky.o(.bss.app_main_stk)
    counter                                  0x20000320   Data           4  blinky.o(.bss.counter)
    flag                                     0x20000324   Data           4  blinky.o(.bss.flag)
    .bss.os.msgqueue.cb$$Base                0x2000836c   Number         0  rtx_lib.o(.bss.os.msgqueue.cb)
    .bss.os.msgqueue.cb$$Limit               0x200083a0   Number         0  rtx_lib.o(.bss.os.msgqueue.cb)
    .bss.os.thread.cb$$Base                  0x200083f0   Number         0  rtx_lib.o(.bss.os.thread.cb)
    .bss.os.thread.cb$$Limit                 0x20008478   Number         0  rtx_lib.o(.bss.os.thread.cb)



==============================================================================

Memory Map of the image

  Image Entry point : 0x080001ad

  Load Region LR_IROM1 (Base: 0x08000000, Size: 0x00006bf8, Max: 0x00200000, ABSOLUTE)

    Execution Region ER_IROM1 (Exec base: 0x08000000, Load base: 0x08000000, Size: 0x00006b3c, Max: 0x00200000, ABSOLUTE)

    Exec Addr    Load Addr    Size         Type   Attr      Idx    E Section Name        Object

    0x08000000   0x08000000   0x000001ac   Data   RO         1938    RESET               startup_stm32f429xx.o
    0x080001ac   0x080001ac   0x00000008   Code   RO         2005  * !!!main             c_w.l(__main.o)
    0x080001b4   0x080001b4   0x00000034   Code   RO         2253    !!!scatter          c_w.l(__scatter.o)
    0x080001e8   0x080001e8   0x0000001a   Code   RO         2255    !!handler_copy      c_w.l(__scatter_copy.o)
    0x08000202   0x08000202   0x00000002   PAD
    0x08000204   0x08000204   0x0000001c   Code   RO         2257    !!handler_zi        c_w.l(__scatter_zi.o)
    0x08000220   0x08000220   0x00000000   Code   RO         1994    .ARM.Collect$$_printf_percent$$00000000  c_w.l(_printf_percent.o)
    0x08000220   0x08000220   0x00000006   Code   RO         1993    .ARM.Collect$$_printf_percent$$00000003  c_w.l(_printf_f.o)
    0x08000226   0x08000226   0x00000006   Code   RO         1992    .ARM.Collect$$_printf_percent$$00000009  c_w.l(_printf_d.o)
    0x0800022c   0x0800022c   0x00000004   Code   RO         2028    .ARM.Collect$$_printf_percent$$00000017  c_w.l(_printf_percent_end.o)
    0x08000230   0x08000230   0x00000002   Code   RO         2118    .ARM.Collect$$libinit$$00000000  c_w.l(libinit.o)
    0x08000232   0x08000232   0x00000004   Code   RO         2119    .ARM.Collect$$libinit$$00000001  c_w.l(libinit2.o)
    0x08000236   0x08000236   0x00000000   Code   RO         2122    .ARM.Collect$$libinit$$00000004  c_w.l(libinit2.o)
    0x08000236   0x08000236   0x00000000   Code   RO         2124    .ARM.Collect$$libinit$$00000006  c_w.l(libinit2.o)
    0x08000236   0x08000236   0x00000000   Code   RO         2127    .ARM.Collect$$libinit$$0000000C  c_w.l(libinit2.o)
    0x08000236   0x08000236   0x00000000   Code   RO         2129    .ARM.Collect$$libinit$$0000000E  c_w.l(libinit2.o)
    0x08000236   0x08000236   0x00000000   Code   RO         2131    .ARM.Collect$$libinit$$00000010  c_w.l(libinit2.o)
    0x08000236   0x08000236   0x00000006   Code   RO         2132    .ARM.Collect$$libinit$$00000011  c_w.l(libinit2.o)
    0x0800023c   0x0800023c   0x00000000   Code   RO         2134    .ARM.Collect$$libinit$$00000013  c_w.l(libinit2.o)
    0x0800023c   0x0800023c   0x00000000   Code   RO         2136    .ARM.Collect$$libinit$$00000015  c_w.l(libinit2.o)
    0x0800023c   0x0800023c   0x00000000   Code   RO         2138    .ARM.Collect$$libinit$$00000017  c_w.l(libinit2.o)
    0x0800023c   0x0800023c   0x0000000a   Code   RO         2139    .ARM.Collect$$libinit$$00000018  c_w.l(libinit2.o)
    0x08000246   0x08000246   0x00000000   Code   RO         2140    .ARM.Collect$$libinit$$00000019  c_w.l(libinit2.o)
    0x08000246   0x08000246   0x00000000   Code   RO         2142    .ARM.Collect$$libinit$$0000001B  c_w.l(libinit2.o)
    0x08000246   0x08000246   0x00000000   Code   RO         2144    .ARM.Collect$$libinit$$0000001D  c_w.l(libinit2.o)
    0x08000246   0x08000246   0x00000000   Code   RO         2146    .ARM.Collect$$libinit$$0000001F  c_w.l(libinit2.o)
    0x08000246   0x08000246   0x00000000   Code   RO         2148    .ARM.Collect$$libinit$$00000021  c_w.l(libinit2.o)
    0x08000246   0x08000246   0x00000000   Code   RO         2150    .ARM.Collect$$libinit$$00000023  c_w.l(libinit2.o)
    0x08000246   0x08000246   0x00000000   Code   RO         2152    .ARM.Collect$$libinit$$00000025  c_w.l(libinit2.o)
    0x08000246   0x08000246   0x00000000   Code   RO         2154    .ARM.Collect$$libinit$$00000027  c_w.l(libinit2.o)
    0x08000246   0x08000246   0x00000000   Code   RO         2158    .ARM.Collect$$libinit$$0000002E  c_w.l(libinit2.o)
    0x08000246   0x08000246   0x00000000   Code   RO         2160    .ARM.Collect$$libinit$$00000030  c_w.l(libinit2.o)
    0x08000246   0x08000246   0x00000000   Code   RO         2162    .ARM.Collect$$libinit$$00000032  c_w.l(libinit2.o)
    0x08000246   0x08000246   0x00000000   Code   RO         2164    .ARM.Collect$$libinit$$00000034  c_w.l(libinit2.o)
    0x08000246   0x08000246   0x00000002   Code   RO         2165    .ARM.Collect$$libinit$$00000035  c_w.l(libinit2.o)
    0x08000248   0x08000248   0x00000002   Code   RO         2218    .ARM.Collect$$libshutdown$$00000000  c_w.l(libshutdown.o)
    0x0800024a   0x0800024a   0x00000000   Code   RO         2236    .ARM.Collect$$libshutdown$$00000002  c_w.l(libshutdown2.o)
    0x0800024a   0x0800024a   0x00000000   Code   RO         2238    .ARM.Collect$$libshutdown$$00000004  c_w.l(libshutdown2.o)
    0x0800024a   0x0800024a   0x00000000   Code   RO         2241    .ARM.Collect$$libshutdown$$00000007  c_w.l(libshutdown2.o)
    0x0800024a   0x0800024a   0x00000000   Code   RO         2244    .ARM.Collect$$libshutdown$$0000000A  c_w.l(libshutdown2.o)
    0x0800024a   0x0800024a   0x00000000   Code   RO         2246    .ARM.Collect$$libshutdown$$0000000C  c_w.l(libshutdown2.o)
    0x0800024a   0x0800024a   0x00000000   Code   RO         2249    .ARM.Collect$$libshutdown$$0000000F  c_w.l(libshutdown2.o)
    0x0800024a   0x0800024a   0x00000002   Code   RO         2250    .ARM.Collect$$libshutdown$$00000010  c_w.l(libshutdown2.o)
    0x0800024c   0x0800024c   0x00000000   Code   RO         2013    .ARM.Collect$$rtentry$$00000000  c_w.l(__rtentry.o)
    0x0800024c   0x0800024c   0x00000000   Code   RO         2037    .ARM.Collect$$rtentry$$00000002  c_w.l(__rtentry2.o)
    0x0800024c   0x0800024c   0x00000006   Code   RO         2049    .ARM.Collect$$rtentry$$00000004  c_w.l(__rtentry4.o)
    0x08000252   0x08000252   0x00000008   Code   RO         2038    .ARM.Collect$$rtentry$$00000008  c_w.l(__rtentry2.o)
    0x0800025a   0x0800025a   0x00000004   Code   RO         2040    .ARM.Collect$$rtentry$$0000000A  c_w.l(__rtentry2.o)
    0x0800025e   0x0800025e   0x00000000   Code   RO         2042    .ARM.Collect$$rtentry$$0000000C  c_w.l(__rtentry2.o)
    0x0800025e   0x0800025e   0x00000008   Code   RO         2043    .ARM.Collect$$rtentry$$0000000D  c_w.l(__rtentry2.o)
    0x08000266   0x08000266   0x00000002   Code   RO         2166    .ARM.Collect$$rtexit$$00000000  c_w.l(rtexit.o)
    0x08000268   0x08000268   0x00000000   Code   RO         2183    .ARM.Collect$$rtexit$$00000002  c_w.l(rtexit2.o)
    0x08000268   0x08000268   0x00000004   Code   RO         2184    .ARM.Collect$$rtexit$$00000003  c_w.l(rtexit2.o)
    0x0800026c   0x0800026c   0x00000006   Code   RO         2185    .ARM.Collect$$rtexit$$00000004  c_w.l(rtexit2.o)
    0x08000272   0x08000272   0x00000002   PAD
    0x08000274   0x08000274   0x00000104   Code   RO          146    .text               irq_armv7m.o
    0x08000378   0x08000378   0x00000040   Code   RO         1939    .text               startup_stm32f429xx.o
    0x080003b8   0x080003b8   0x000000f0   Code   RO         1962    .text               c_w.l(lludivv7m.o)
    0x080004a8   0x080004a8   0x00000028   Code   RO         1966    .text               c_w.l(noretval__2sprintf.o)
    0x080004d0   0x080004d0   0x00000068   Code   RO         1968    .text               c_w.l(__printf.o)
    0x08000538   0x08000538   0x00000078   Code   RO         1970    .text               c_w.l(_printf_dec.o)
    0x080005b0   0x080005b0   0x0000008a   Code   RO         1995    .text               c_w.l(rt_memcpy_v6.o)
    0x0800063a   0x0800063a   0x00000010   Code   RO         1997    .text               c_w.l(aeabi_memset4.o)
    0x0800064a   0x0800064a   0x00000044   Code   RO         1999    .text               c_w.l(rt_memclr.o)
    0x0800068e   0x0800068e   0x0000004e   Code   RO         2001    .text               c_w.l(rt_memclr_w.o)
    0x080006dc   0x080006dc   0x00000006   Code   RO         2003    .text               c_w.l(heapauxi.o)
    0x080006e2   0x080006e2   0x000000b2   Code   RO         2018    .text               c_w.l(_printf_intcommon.o)
    0x08000794   0x08000794   0x0000041c   Code   RO         2020    .text               c_w.l(_printf_fp_dec.o)
    0x08000bb0   0x08000bb0   0x00000030   Code   RO         2024    .text               c_w.l(_printf_char_common.o)
    0x08000be0   0x08000be0   0x0000000a   Code   RO         2026    .text               c_w.l(_sputc.o)
    0x08000bea   0x08000bea   0x00000064   Code   RO         2029    .text               c_w.l(rt_memcpy_w.o)
    0x08000c4e   0x08000c4e   0x0000000a   Code   RO         2058    .text               c_w.l(rt_locale_twolibspace.o)
    0x08000c58   0x08000c58   0x0000008a   Code   RO         2060    .text               c_w.l(lludiv10.o)
    0x08000ce2   0x08000ce2   0x00000002   PAD
    0x08000ce4   0x08000ce4   0x00000080   Code   RO         2062    .text               c_w.l(_printf_fp_infnan.o)
    0x08000d64   0x08000d64   0x000000e4   Code   RO         2066    .text               c_w.l(bigflt0.o)
    0x08000e48   0x08000e48   0x00000008   Code   RO         2100    .text               c_w.l(libspace.o)
    0x08000e50   0x08000e50   0x0000004a   Code   RO         2103    .text               c_w.l(sys_stackheap_outer.o)
    0x08000e9a   0x08000e9a   0x00000012   Code   RO         2107    .text               c_w.l(exit.o)
    0x08000eac   0x08000eac   0x00000004   PAD
    0x08000eb0   0x08000eb0   0x0000007c   Code   RO         2113    .text               c_w.l(strcmpv7em.o)
    0x08000f2c   0x08000f2c   0x0000000c   Code   RO         2178    .text               c_w.l(sys_exit.o)
    0x08000f38   0x08000f38   0x00000002   Code   RO         2205    .text               c_w.l(use_no_semi.o)
    0x08000f3a   0x08000f3a   0x00000000   Code   RO         2207    .text               c_w.l(indicate_semi.o)
    0x08000f3a   0x08000f3a   0x00000002   PAD
    0x08000f3c   0x08000f3c   0x00000016   Code   RO          630    .text.$Sub$$_fp_init  rtx_lib.o
    0x08000f52   0x08000f52   0x00000002   PAD
    0x08000f54   0x08000f54   0x00000002   Code   RO           97    .text.BusFault_Handler  stm32f4xx_it.o
    0x08000f56   0x08000f56   0x00000002   PAD
    0x08000f58   0x08000f58   0x00000004   Code   RO          116    .text.Buttons_GetCount  buttons_nucleo_f429zi.o
    0x08000f5c   0x08000f5c   0x0000001c   Code   RO          114    .text.Buttons_GetState  buttons_nucleo_f429zi.o
    0x08000f78   0x08000f78   0x00000040   Code   RO          110    .text.Buttons_Initialize  buttons_nucleo_f429zi.o
    0x08000fb8   0x08000fb8   0x00000002   Code   RO          101    .text.DebugMon_Handler  stm32f4xx_it.o
    0x08000fba   0x08000fba   0x00000002   PAD
    0x08000fbc   0x08000fbc   0x00000196   Code   RO         1085    .text.EventRecord2  eventrecorder.o
    0x08001152   0x08001152   0x00000002   PAD
    0x08001154   0x08001154   0x000002aa   Code   RO         1087    .text.EventRecord4  eventrecorder.o
    0x080013fe   0x080013fe   0x00000002   PAD
    0x08001400   0x08001400   0x0000006c   Code   RO         1077    .text.EventRecorderDisable  eventrecorder.o
    0x0800146c   0x0800146c   0x0000006c   Code   RO         1073    .text.EventRecorderEnable  eventrecorder.o
    0x080014d8   0x080014d8   0x000002da   Code   RO         1071    .text.EventRecorderInitialize  eventrecorder.o
    0x080017b2   0x080017b2   0x00000002   PAD
    0x080017b4   0x080017b4   0x00000148   Code   RO         1075    .text.EventRecorderStart  eventrecorder.o
    0x080018fc   0x080018fc   0x0000000c   Code   RO         1069    .text.EventRecorderTimerGetCount  eventrecorder.o
    0x08001908   0x08001908   0x0000000c   Code   RO         1067    .text.EventRecorderTimerGetFreq  eventrecorder.o
    0x08001914   0x08001914   0x00000024   Code   RO         1065    .text.EventRecorderTimerSetup  eventrecorder.o
    0x08001938   0x08001938   0x00000010   Code   RO          348    .text.EvrRtxDelay   rtx_evr.o
    0x08001948   0x08001948   0x00000010   Code   RO          356    .text.EvrRtxDelayCompleted  rtx_evr.o
    0x08001958   0x08001958   0x0000000c   Code   RO          346    .text.EvrRtxDelayError  rtx_evr.o
    0x08001964   0x08001964   0x00000010   Code   RO          352    .text.EvrRtxDelayStarted  rtx_evr.o
    0x08001974   0x08001974   0x00000010   Code   RO          404    .text.EvrRtxEventFlagsWaitTimeout  rtx_evr.o
    0x08001984   0x08001984   0x0000000c   Code   RO          220    .text.EvrRtxKernelError  rtx_evr.o
    0x08001990   0x08001990   0x0000000c   Code   RO          262    .text.EvrRtxKernelErrorNotify  rtx_evr.o
    0x0800199c   0x0800199c   0x00000010   Code   RO          254    .text.EvrRtxKernelGetTickCount  rtx_evr.o
    0x080019ac   0x080019ac   0x00000010   Code   RO          222    .text.EvrRtxKernelInitialize  rtx_evr.o
    0x080019bc   0x080019bc   0x00000010   Code   RO          224    .text.EvrRtxKernelInitialized  rtx_evr.o
    0x080019cc   0x080019cc   0x00000010   Code   RO          230    .text.EvrRtxKernelStart  rtx_evr.o
    0x080019dc   0x080019dc   0x00000010   Code   RO          232    .text.EvrRtxKernelStarted  rtx_evr.o
    0x080019ec   0x080019ec   0x00000020   Code   RO          210    .text.EvrRtxMemoryAlloc  rtx_evr.o
    0x08001a0c   0x08001a0c   0x00000010   Code   RO          216    .text.EvrRtxMemoryBlockAlloc  rtx_evr.o
    0x08001a1c   0x08001a1c   0x00000022   Code   RO          218    .text.EvrRtxMemoryBlockFree  rtx_evr.o
    0x08001a3e   0x08001a3e   0x00000002   PAD
    0x08001a40   0x08001a40   0x00000020   Code   RO          214    .text.EvrRtxMemoryBlockInit  rtx_evr.o
    0x08001a60   0x08001a60   0x00000022   Code   RO          212    .text.EvrRtxMemoryFree  rtx_evr.o
    0x08001a82   0x08001a82   0x00000002   PAD
    0x08001a84   0x08001a84   0x0000001e   Code   RO          208    .text.EvrRtxMemoryInit  rtx_evr.o
    0x08001aa2   0x08001aa2   0x00000002   PAD
    0x08001aa4   0x08001aa4   0x00000010   Code   RO          482    .text.EvrRtxMemoryPoolAllocTimeout  rtx_evr.o
    0x08001ab4   0x08001ab4   0x00000010   Code   RO          510    .text.EvrRtxMessageQueueCreated  rtx_evr.o
    0x08001ac4   0x08001ac4   0x0000000c   Code   RO          506    .text.EvrRtxMessageQueueError  rtx_evr.o
    0x08001ad0   0x08001ad0   0x00000020   Code   RO          526    .text.EvrRtxMessageQueueGet  rtx_evr.o
    0x08001af0   0x08001af0   0x00000022   Code   RO          528    .text.EvrRtxMessageQueueGetPending  rtx_evr.o
    0x08001b12   0x08001b12   0x00000002   PAD
    0x08001b14   0x08001b14   0x00000010   Code   RO          530    .text.EvrRtxMessageQueueGetTimeout  rtx_evr.o
    0x08001b24   0x08001b24   0x00000010   Code   RO          520    .text.EvrRtxMessageQueueInsertPending  rtx_evr.o
    0x08001b34   0x08001b34   0x00000010   Code   RO          522    .text.EvrRtxMessageQueueInserted  rtx_evr.o
    0x08001b44   0x08001b44   0x00000010   Code   RO          524    .text.EvrRtxMessageQueueNotInserted  rtx_evr.o
    0x08001b54   0x08001b54   0x00000010   Code   RO          534    .text.EvrRtxMessageQueueNotRetrieved  rtx_evr.o
    0x08001b64   0x08001b64   0x00000020   Code   RO          514    .text.EvrRtxMessageQueuePut  rtx_evr.o
    0x08001b84   0x08001b84   0x00000022   Code   RO          516    .text.EvrRtxMessageQueuePutPending  rtx_evr.o
    0x08001ba6   0x08001ba6   0x00000002   PAD
    0x08001ba8   0x08001ba8   0x00000010   Code   RO          518    .text.EvrRtxMessageQueuePutTimeout  rtx_evr.o
    0x08001bb8   0x08001bb8   0x00000010   Code   RO          532    .text.EvrRtxMessageQueueRetrieved  rtx_evr.o
    0x08001bc8   0x08001bc8   0x00000010   Code   RO          422    .text.EvrRtxMutexAcquire  rtx_evr.o
    0x08001bd8   0x08001bd8   0x00000010   Code   RO          424    .text.EvrRtxMutexAcquirePending  rtx_evr.o
    0x08001be8   0x08001be8   0x00000010   Code   RO          426    .text.EvrRtxMutexAcquireTimeout  rtx_evr.o
    0x08001bf8   0x08001bf8   0x00000010   Code   RO          428    .text.EvrRtxMutexAcquired  rtx_evr.o
    0x08001c08   0x08001c08   0x00000010   Code   RO          418    .text.EvrRtxMutexCreated  rtx_evr.o
    0x08001c18   0x08001c18   0x00000010   Code   RO          438    .text.EvrRtxMutexDelete  rtx_evr.o
    0x08001c28   0x08001c28   0x00000010   Code   RO          440    .text.EvrRtxMutexDestroyed  rtx_evr.o
    0x08001c38   0x08001c38   0x0000000c   Code   RO          414    .text.EvrRtxMutexError  rtx_evr.o
    0x08001c44   0x08001c44   0x00000010   Code   RO          416    .text.EvrRtxMutexNew  rtx_evr.o
    0x08001c54   0x08001c54   0x00000010   Code   RO          430    .text.EvrRtxMutexNotAcquired  rtx_evr.o
    0x08001c64   0x08001c64   0x00000010   Code   RO          432    .text.EvrRtxMutexRelease  rtx_evr.o
    0x08001c74   0x08001c74   0x00000010   Code   RO          434    .text.EvrRtxMutexReleased  rtx_evr.o
    0x08001c84   0x08001c84   0x00000010   Code   RO          450    .text.EvrRtxSemaphoreAcquire  rtx_evr.o
    0x08001c94   0x08001c94   0x00000010   Code   RO          452    .text.EvrRtxSemaphoreAcquirePending  rtx_evr.o
    0x08001ca4   0x08001ca4   0x00000010   Code   RO          454    .text.EvrRtxSemaphoreAcquireTimeout  rtx_evr.o
    0x08001cb4   0x08001cb4   0x00000010   Code   RO          456    .text.EvrRtxSemaphoreAcquired  rtx_evr.o
    0x08001cc4   0x08001cc4   0x0000000c   Code   RO          442    .text.EvrRtxSemaphoreError  rtx_evr.o
    0x08001cd0   0x08001cd0   0x00000010   Code   RO          458    .text.EvrRtxSemaphoreNotAcquired  rtx_evr.o
    0x08001ce0   0x08001ce0   0x00000010   Code   RO          460    .text.EvrRtxSemaphoreRelease  rtx_evr.o
    0x08001cf0   0x08001cf0   0x00000010   Code   RO          462    .text.EvrRtxSemaphoreReleased  rtx_evr.o
    0x08001d00   0x08001d00   0x00000010   Code   RO          306    .text.EvrRtxThreadBlocked  rtx_evr.o
    0x08001d10   0x08001d10   0x00000018   Code   RO          268    .text.EvrRtxThreadCreated  rtx_evr.o
    0x08001d28   0x08001d28   0x00000010   Code   RO          318    .text.EvrRtxThreadDestroyed  rtx_evr.o
    0x08001d38   0x08001d38   0x0000000c   Code   RO          264    .text.EvrRtxThreadError  rtx_evr.o
    0x08001d44   0x08001d44   0x00000010   Code   RO          314    .text.EvrRtxThreadExit  rtx_evr.o
    0x08001d54   0x08001d54   0x0000000c   Code   RO          324    .text.EvrRtxThreadFlagsError  rtx_evr.o
    0x08001d60   0x08001d60   0x00000010   Code   RO          326    .text.EvrRtxThreadFlagsSet  rtx_evr.o
    0x08001d70   0x08001d70   0x00000010   Code   RO          328    .text.EvrRtxThreadFlagsSetDone  rtx_evr.o
    0x08001d80   0x08001d80   0x00000020   Code   RO          342    .text.EvrRtxThreadFlagsWaitCompleted  rtx_evr.o
    0x08001da0   0x08001da0   0x00000010   Code   RO          340    .text.EvrRtxThreadFlagsWaitTimeout  rtx_evr.o
    0x08001db0   0x08001db0   0x00000010   Code   RO          304    .text.EvrRtxThreadJoined  rtx_evr.o
    0x08001dc0   0x08001dc0   0x00000022   Code   RO          266    .text.EvrRtxThreadNew  rtx_evr.o
    0x08001de2   0x08001de2   0x00000002   PAD
    0x08001de4   0x08001de4   0x00000010   Code   RO          310    .text.EvrRtxThreadPreempted  rtx_evr.o
    0x08001df4   0x08001df4   0x00000010   Code   RO          282    .text.EvrRtxThreadPriorityUpdated  rtx_evr.o
    0x08001e04   0x08001e04   0x00000010   Code   RO          280    .text.EvrRtxThreadSetPriority  rtx_evr.o
    0x08001e14   0x08001e14   0x00000010   Code   RO          312    .text.EvrRtxThreadSwitched  rtx_evr.o
    0x08001e24   0x08001e24   0x00000010   Code   RO          308    .text.EvrRtxThreadUnblocked  rtx_evr.o
    0x08001e34   0x08001e34   0x00000010   Code   RO          360    .text.EvrRtxTimerCallback  rtx_evr.o
    0x08001e44   0x08001e44   0x00000028   Code   RO         1120    .text.HAL_Delay     stm32f4xx_hal.o
    0x08001e6c   0x08001e6c   0x000001a0   Code   RO         1368    .text.HAL_GPIO_Init  stm32f4xx_hal_gpio.o
    0x0800200c   0x0800200c   0x0000000a   Code   RO         1372    .text.HAL_GPIO_ReadPin  stm32f4xx_hal_gpio.o
    0x08002016   0x08002016   0x00000002   PAD
    0x08002018   0x08002018   0x0000000a   Code   RO         1374    .text.HAL_GPIO_WritePin  stm32f4xx_hal_gpio.o
    0x08002022   0x08002022   0x00000002   PAD
    0x08002024   0x08002024   0x0000004c   Code   RO           71    .text.HAL_GetTick   main.o
    0x08002070   0x08002070   0x00000036   Code   RO         1100    .text.HAL_Init      stm32f4xx_hal.o
    0x080020a6   0x080020a6   0x00000002   PAD
    0x080020a8   0x080020a8   0x00000004   Code   RO           73    .text.HAL_InitTick  main.o
    0x080020ac   0x080020ac   0x00000054   Code   RO         1928    .text.HAL_MspInit   stm32f4xx_hal_msp.o
    0x08002100   0x08002100   0x00000056   Code   RO         1171    .text.HAL_NVIC_SetPriority  stm32f4xx_hal_cortex.o
    0x08002156   0x08002156   0x00000002   PAD
    0x08002158   0x08002158   0x00000020   Code   RO         1169    .text.HAL_NVIC_SetPriorityGrouping  stm32f4xx_hal_cortex.o
    0x08002178   0x08002178   0x00000160   Code   RO         1558    .text.HAL_RCC_ClockConfig  stm32f4xx_hal_rcc.o
    0x080022d8   0x080022d8   0x0000006a   Code   RO         1560    .text.HAL_RCC_GetSysClockFreq  stm32f4xx_hal_rcc.o
    0x08002342   0x08002342   0x00000002   PAD
    0x08002344   0x08002344   0x00000344   Code   RO         1556    .text.HAL_RCC_OscConfig  stm32f4xx_hal_rcc.o
    0x08002688   0x08002688   0x00000002   Code   RO           93    .text.HardFault_Handler  stm32f4xx_it.o
    0x0800268a   0x0800268a   0x00000002   PAD
    0x0800268c   0x0800268c   0x0000014c   Code   RO           51    .text.LCD_clear     lcd.o
    0x080027d8   0x080027d8   0x00000a4e   Code   RO           45    .text.LCD_init      lcd.o
    0x08003226   0x08003226   0x00000002   PAD
    0x08003228   0x08003228   0x00000152   Code   RO           49    .text.LCD_sendData  lcd.o
    0x0800337a   0x0800337a   0x00000002   PAD
    0x0800337c   0x0800337c   0x0000001c   Code   RO           53    .text.LCD_send_String  lcd.o
    0x08003398   0x08003398   0x00000038   Code   RO           55    .text.LCD_send_intString  lcd.o
    0x080033d0   0x080033d0   0x000000dc   Code   RO           41    .text.LCD_setup     lcd.o
    0x080034ac   0x080034ac   0x00000066   Code   RO          126    .text.LED_Initialize  led_nucleo_f429zi.o
    0x08003512   0x08003512   0x00000002   PAD
    0x08003514   0x08003514   0x00000028   Code   RO          132    .text.LED_Off       led_nucleo_f429zi.o
    0x0800353c   0x0800353c   0x00000028   Code   RO          130    .text.LED_On        led_nucleo_f429zi.o
    0x08003564   0x08003564   0x00000002   Code   RO           95    .text.MemManage_Handler  stm32f4xx_it.o
    0x08003566   0x08003566   0x00000002   PAD
    0x08003568   0x08003568   0x00000002   Code   RO           91    .text.NMI_Handler   stm32f4xx_it.o
    0x0800356a   0x0800356a   0x00000002   PAD
    0x0800356c   0x0800356c   0x0000000c   Code   RO         1033    .text.OS_Tick_AcknowledgeIRQ  os_systick.o
    0x08003578   0x08003578   0x00000032   Code   RO         1029    .text.OS_Tick_Enable  os_systick.o
    0x080035aa   0x080035aa   0x00000002   PAD
    0x080035ac   0x080035ac   0x00000006   Code   RO         1035    .text.OS_Tick_GetIRQn  os_systick.o
    0x080035b2   0x080035b2   0x00000002   PAD
    0x080035b4   0x080035b4   0x00000048   Code   RO         1027    .text.OS_Tick_Setup  os_systick.o
    0x080035fc   0x080035fc   0x000000aa   Code   RO           77    .text.SystemClock_Config  main.o
    0x080036a6   0x080036a6   0x00000002   PAD
    0x080036a8   0x080036a8   0x00000086   Code   RO         1948    .text.SystemCoreClockUpdate  system_stm32f4xx.o
    0x0800372e   0x0800372e   0x00000002   PAD
    0x08003730   0x08003730   0x00000012   Code   RO         1946    .text.SystemInit    system_stm32f4xx.o
    0x08003742   0x08003742   0x00000002   PAD
    0x08003744   0x08003744   0x00000002   Code   RO           99    .text.UsageFault_Handler  stm32f4xx_it.o
    0x08003746   0x08003746   0x00000002   PAD
    0x08003748   0x08003748   0x00000032   Code   RO          636    .text._mutex_acquire  rtx_lib.o
    0x0800377a   0x0800377a   0x00000002   PAD
    0x0800377c   0x0800377c   0x00000006   Code   RO          640    .text._mutex_free   rtx_lib.o
    0x08003782   0x08003782   0x00000002   PAD
    0x08003784   0x08003784   0x00000020   Code   RO          634    .text._mutex_initialize  rtx_lib.o
    0x080037a4   0x080037a4   0x0000002e   Code   RO          638    .text._mutex_release  rtx_lib.o
    0x080037d2   0x080037d2   0x00000002   PAD
    0x080037d4   0x080037d4   0x00000004   Code   RO          626    .text._platform_post_stackheap_init  rtx_lib.o
    0x080037d8   0x080037d8   0x000000c8   Code   RO            2    .text.app_main      blinky.o
    0x080038a0   0x080038a0   0x00000132   Code   RO           75    .text.main          main.o
    0x080039d2   0x080039d2   0x00000002   PAD
    0x080039d4   0x080039d4   0x00000036   Code   RO          154    .text.osDelay       rtx_delay.o
    0x08003a0a   0x08003a0a   0x00000002   PAD
    0x08003a0c   0x08003a0c   0x00000032   Code   RO          570    .text.osKernelGetState  rtx_kernel.o
    0x08003a3e   0x08003a3e   0x00000002   PAD
    0x08003a40   0x08003a40   0x00000032   Code   RO          586    .text.osKernelGetTickCount  rtx_kernel.o
    0x08003a72   0x08003a72   0x00000002   PAD
    0x08003a74   0x08003a74   0x00000036   Code   RO          564    .text.osKernelInitialize  rtx_kernel.o
    0x08003aaa   0x08003aaa   0x00000002   PAD
    0x08003aac   0x08003aac   0x00000032   Code   RO          574    .text.osKernelStart  rtx_kernel.o
    0x08003ade   0x08003ade   0x00000002   PAD
    0x08003ae0   0x08003ae0   0x000000d4   Code   RO          741    .text.osMessageQueueGet  rtx_msgqueue.o
    0x08003bb4   0x08003bb4   0x000000a2   Code   RO          739    .text.osMessageQueuePut  rtx_msgqueue.o
    0x08003c56   0x08003c56   0x00000002   PAD
    0x08003c58   0x08003c58   0x0000003c   Code   RO          791    .text.osMutexAcquire  rtx_mutex.o
    0x08003c94   0x08003c94   0x00000038   Code   RO          797    .text.osMutexDelete  rtx_mutex.o
    0x08003ccc   0x08003ccc   0x00000038   Code   RO          787    .text.osMutexNew    rtx_mutex.o
    0x08003d04   0x08003d04   0x00000038   Code   RO          793    .text.osMutexRelease  rtx_mutex.o
    0x08003d3c   0x08003d3c   0x00000002   Code   RO         1056    .text.osRtxErrorNotify  rtx_config.o
    0x08003d3e   0x08003d3e   0x00000002   PAD
    0x08003d40   0x08003d40   0x00000002   Code   RO         1054    .text.osRtxIdleThread  rtx_config.o
    0x08003d42   0x08003d42   0x00000002   PAD
    0x08003d44   0x08003d44   0x00000016   Code   RO          562    .text.osRtxKernelErrorNotify  rtx_kernel.o
    0x08003d5a   0x08003d5a   0x00000002   PAD
    0x08003d5c   0x08003d5c   0x000000f4   Code   RO          628    .text.osRtxKernelPreInit  rtx_lib.o
    0x08003e50   0x08003e50   0x00000080   Code   RO          667    .text.osRtxMemoryAlloc  rtx_memory.o
    0x08003ed0   0x08003ed0   0x0000005a   Code   RO          669    .text.osRtxMemoryFree  rtx_memory.o
    0x08003f2a   0x08003f2a   0x00000002   PAD
    0x08003f2c   0x08003f2c   0x00000040   Code   RO          665    .text.osRtxMemoryInit  rtx_memory.o
    0x08003f6c   0x08003f6c   0x00000044   Code   RO          681    .text.osRtxMemoryPoolAlloc  rtx_mempool.o
    0x08003fb0   0x08003fb0   0x00000056   Code   RO          683    .text.osRtxMemoryPoolFree  rtx_mempool.o
    0x08004006   0x08004006   0x00000002   PAD
    0x08004008   0x08004008   0x00000060   Code   RO          679    .text.osRtxMemoryPoolInit  rtx_mempool.o
    0x08004068   0x08004068   0x000001ba   Code   RO          763    .text.osRtxMessageQueuePostProcess  rtx_msgqueue.o
    0x08004222   0x08004222   0x00000002   PAD
    0x08004224   0x08004224   0x0000002c   Code   RO          731    .text.osRtxMessageQueueTimerSetup  rtx_msgqueue.o
    0x08004250   0x08004250   0x00000066   Code   RO          783    .text.osRtxMutexOwnerRelease  rtx_mutex.o
    0x080042b6   0x080042b6   0x00000002   PAD
    0x080042b8   0x080042b8   0x00000050   Code   RO          785    .text.osRtxMutexOwnerRestore  rtx_mutex.o
    0x08004308   0x08004308   0x000000ac   Code   RO          855    .text.osRtxPendSV_Handler  rtx_system.o
    0x080043b4   0x080043b4   0x00000076   Code   RO          857    .text.osRtxPostProcess  rtx_system.o
    0x0800442a   0x0800442a   0x00000002   PAD
    0x0800442c   0x0800442c   0x00000164   Code   RO          877    .text.osRtxThreadDelayTick  rtx_thread.o
    0x08004590   0x08004590   0x000000ea   Code   RO          883    .text.osRtxThreadDispatch  rtx_thread.o
    0x0800467a   0x0800467a   0x00000002   PAD
    0x0800467c   0x0800467c   0x00000062   Code   RO          961    .text.osRtxThreadFree  rtx_thread.o
    0x080046de   0x080046de   0x00000002   PAD
    0x080046e0   0x080046e0   0x00000014   Code   RO          869    .text.osRtxThreadListGet  rtx_thread.o
    0x080046f4   0x080046f4   0x0000002c   Code   RO          867    .text.osRtxThreadListPut  rtx_thread.o
    0x08004720   0x08004720   0x0000001a   Code   RO          873    .text.osRtxThreadListRemove  rtx_thread.o
    0x0800473a   0x0800473a   0x00000002   PAD
    0x0800473c   0x0800473c   0x00000070   Code   RO          871    .text.osRtxThreadListSort  rtx_thread.o
    0x080047ac   0x080047ac   0x0000009e   Code   RO          939    .text.osRtxThreadPostProcess  rtx_thread.o
    0x0800484a   0x0800484a   0x00000002   PAD
    0x0800484c   0x0800484c   0x0000003c   Code   RO          875    .text.osRtxThreadReadyPut  rtx_thread.o
    0x08004888   0x08004888   0x00000014   Code   RO          879    .text.osRtxThreadRegPtr  rtx_thread.o
    0x0800489c   0x0800489c   0x00000020   Code   RO          889    .text.osRtxThreadStackCheck  rtx_thread.o
    0x080048bc   0x080048bc   0x0000004a   Code   RO          891    .text.osRtxThreadStartup  rtx_thread.o
    0x08004906   0x08004906   0x00000002   PAD
    0x08004908   0x08004908   0x00000012   Code   RO          881    .text.osRtxThreadSwitch  rtx_thread.o
    0x0800491a   0x0800491a   0x00000002   PAD
    0x0800491c   0x0800491c   0x000000d8   Code   RO          887    .text.osRtxThreadWaitEnter  rtx_thread.o
    0x080049f4   0x080049f4   0x000000a4   Code   RO          885    .text.osRtxThreadWaitExit  rtx_thread.o
    0x08004a98   0x08004a98   0x00000084   Code   RO          853    .text.osRtxTick_Handler  rtx_system.o
    0x08004b1c   0x08004b1c   0x00000026   Code   RO          989    .text.osRtxTimerSetup  rtx_timer.o
    0x08004b42   0x08004b42   0x00000002   PAD
    0x08004b44   0x08004b44   0x0000002a   Code   RO          993    .text.osRtxTimerThread  rtx_timer.o
    0x08004b6e   0x08004b6e   0x00000002   PAD
    0x08004b70   0x08004b70   0x000000c6   Code   RO          991    .text.osRtxTimerTick  rtx_timer.o
    0x08004c36   0x08004c36   0x00000002   PAD
    0x08004c38   0x08004c38   0x00000080   Code   RO          823    .text.osSemaphoreAcquire  rtx_semaphore.o
    0x08004cb8   0x08004cb8   0x0000008c   Code   RO          825    .text.osSemaphoreRelease  rtx_semaphore.o
    0x08004d44   0x08004d44   0x0000001a   Code   RO          923    .text.osThreadExit  rtx_thread.o
    0x08004d5e   0x08004d5e   0x00000002   PAD
    0x08004d60   0x08004d60   0x00000082   Code   RO          931    .text.osThreadFlagsSet  rtx_thread.o
    0x08004de2   0x08004de2   0x00000002   PAD
    0x08004de4   0x08004de4   0x00000040   Code   RO          895    .text.osThreadNew   rtx_thread.o
    0x08004e24   0x08004e24   0x0000003c   Code   RO          909    .text.osThreadSetPriority  rtx_thread.o
    0x08004e60   0x08004e60   0x000000aa   Code   RO           61    .text.place_lcd_cursor  lcd.o
    0x08004f0a   0x08004f0a   0x00000002   PAD
    0x08004f0c   0x08004f0c   0x00000034   Code   RO          158    .text.svcRtxDelay   rtx_delay.o
    0x08004f40   0x08004f40   0x0000000c   Code   RO          572    .text.svcRtxKernelGetState  rtx_kernel.o
    0x08004f4c   0x08004f4c   0x00000014   Code   RO          588    .text.svcRtxKernelGetTickCount  rtx_kernel.o
    0x08004f60   0x08004f60   0x00000150   Code   RO          602    .text.svcRtxKernelInitialize  rtx_kernel.o
    0x080050b0   0x080050b0   0x000000b0   Code   RO          604    .text.svcRtxKernelStart  rtx_kernel.o
    0x08005160   0x08005160   0x000001c4   Code   RO          769    .text.svcRtxMessageQueueGet  rtx_msgqueue.o
    0x08005324   0x08005324   0x0000018c   Code   RO          733    .text.svcRtxMessageQueueNew  rtx_msgqueue.o
    0x080054b0   0x080054b0   0x00000142   Code   RO          767    .text.svcRtxMessageQueuePut  rtx_msgqueue.o
    0x080055f2   0x080055f2   0x00000002   PAD
    0x080055f4   0x080055f4   0x000000e2   Code   RO          803    .text.svcRtxMutexAcquire  rtx_mutex.o
    0x080056d6   0x080056d6   0x00000002   PAD
    0x080056d8   0x080056d8   0x000000cc   Code   RO          809    .text.svcRtxMutexDelete  rtx_mutex.o
    0x080057a4   0x080057a4   0x000000a8   Code   RO          799    .text.svcRtxMutexNew  rtx_mutex.o
    0x0800584c   0x0800584c   0x000000f4   Code   RO          805    .text.svcRtxMutexRelease  rtx_mutex.o
    0x08005940   0x08005940   0x0000008c   Code   RO          839    .text.svcRtxSemaphoreAcquire  rtx_semaphore.o
    0x080059cc   0x080059cc   0x00000088   Code   RO          841    .text.svcRtxSemaphoreRelease  rtx_semaphore.o
    0x08005a54   0x08005a54   0x000000b2   Code   RO          965    .text.svcRtxThreadExit  rtx_thread.o
    0x08005b06   0x08005b06   0x00000002   PAD
    0x08005b08   0x08005b08   0x00000152   Code   RO          973    .text.svcRtxThreadFlagsSet  rtx_thread.o
    0x08005c5a   0x08005c5a   0x00000002   PAD
    0x08005c5c   0x08005c5c   0x00000244   Code   RO          893    .text.svcRtxThreadNew  rtx_thread.o
    0x08005ea0   0x08005ea0   0x0000012e   Code   RO          949    .text.svcRtxThreadSetPriority  rtx_thread.o
    0x08005fce   0x08005fce   0x00000002   PAD
    0x08005fd0   0x08005fd0   0x00000040   Code   RO            6    .text.task_1        blinky.o
    0x08006010   0x08006010   0x0000002a   Code   RO            8    .text.task_2        blinky.o
    0x0800603a   0x0800603a   0x00000002   PAD
    0x0800603c   0x0800603c   0x0000002e   Code   RO           10    .text.task_3        blinky.o
    0x0800606a   0x0800606a   0x00000002   PAD
    0x0800606c   0x0800606c   0x0000002e   Code   RO           12    .text.task_4        blinky.o
    0x0800609a   0x0800609a   0x00000002   PAD
    0x0800609c   0x0800609c   0x00000038   Code   RO            4    .text.thrBUT        blinky.o
    0x080060d4   0x080060d4   0x0000003e   Code   RO         2069    CL$$btod_d2e        c_w.l(btod.o)
    0x08006112   0x08006112   0x00000046   Code   RO         2071    CL$$btod_d2e_denorm_low  c_w.l(btod.o)
    0x08006158   0x08006158   0x00000060   Code   RO         2070    CL$$btod_d2e_norm_op1  c_w.l(btod.o)
    0x080061b8   0x080061b8   0x00000338   Code   RO         2079    CL$$btod_div_common  c_w.l(btod.o)
    0x080064f0   0x080064f0   0x000000dc   Code   RO         2076    CL$$btod_e2e        c_w.l(btod.o)
    0x080065cc   0x080065cc   0x0000002a   Code   RO         2073    CL$$btod_ediv       c_w.l(btod.o)
    0x080065f6   0x080065f6   0x0000002a   Code   RO         2072    CL$$btod_emul       c_w.l(btod.o)
    0x08006620   0x08006620   0x00000244   Code   RO         2078    CL$$btod_mult_common  c_w.l(btod.o)
    0x08006864   0x08006864   0x00000030   Code   RO         2098    i.__ARM_fpclassify  m_wm.l(fpclassify.o)
    0x08006894   0x08006894   0x0000002c   Code   RO         2094    locale$$code        c_w.l(lc_numeric_c.o)
    0x080068c0   0x080068c0   0x0000001a   Code   RO         2009    x$fpl$fpinit        fz_wm.l(fpinit.o)
    0x080068da   0x080068da   0x00000004   Code   RO         2011    x$fpl$printf1       fz_wm.l(printf1.o)
    0x080068de   0x080068de   0x00000000   Code   RO         2035    x$fpl$usenofp       fz_wm.l(usenofp.o)
    0x080068de   0x080068de   0x00000002   PAD
    0x080068e0   0x080068e0   0x00000094   Data   RO         2067    .constdata          c_w.l(bigflt0.o)
    0x08006974   0x08006974   0x00000070   Data   RO          646    .rodata             rtx_lib.o
    0x080069e4   0x080069e4   0x00000038   Data   RO          649    .rodata             rtx_lib.o
    0x08006a1c   0x08006a1c   0x00000010   Data   RO         1951    .rodata.AHBPrescTable  system_stm32f4xx.o
    0x08006a2c   0x08006a2c   0x00000018   Data   RO         1090    .rodata.EventRecorderInfo  eventrecorder.o
    0x08006a44   0x08006a44   0x00000018   Data   RO          138    .rodata.LED_PIN     led_nucleo_f429zi.o
    0x08006a5c   0x08006a5c   0x00000024   Data   RO           15    .rodata.app_main_attr  blinky.o
    0x08006a80   0x08006a80   0x00000004   Data   RO          648    .rodata.osRtxUserSVC  rtx_lib.o
    0x08006a84   0x08006a84   0x00000024   Data   RO          643    .rodata.os_idle_thread_attr  rtx_lib.o
    0x08006aa8   0x08006aa8   0x00000018   Data   RO          645    .rodata.os_timer_mq_attr  rtx_lib.o
    0x08006ac0   0x08006ac0   0x00000024   Data   RO          644    .rodata.os_timer_thread_attr  rtx_lib.o
    0x08006ae4   0x08006ae4   0x0000000b   Data   RO          616    .rodata.str1.4      rtx_kernel.o
    0x08006aef   0x08006aef   0x00000001   PAD
    0x08006af0   0x08006af0   0x00000030   Data   RO         2252    Region$$Table       anon$$obj.o
    0x08006b20   0x08006b20   0x0000001c   Data   RO         2093    locale$$data        c_w.l(lc_numeric_c.o)


    Execution Region RW_IRAM2 (Exec base: 0x10000000, Load base: 0x08006bf8, Size: 0x000004e4, Max: 0x00010000, ABSOLUTE)

    Exec Addr    Load Addr    Size         Type   Attr      Idx    E Section Name        Object

    0x10000000        -       0x00000001   Zero   RW         1091    .bss.TS_OverflowLock  eventrecorder.o
    0x10000001   0x08006bf8   0x0000003f   PAD
    0x10000040        -       0x000004a4   Zero   RW         1089    .bss.noinit         eventrecorder.o


    Execution Region RW_IRAM1 (Exec base: 0x20000000, Load base: 0x08006b40, Size: 0x00008e90, Max: 0x00030000, ABSOLUTE)

    Exec Addr    Load Addr    Size         Type   Attr      Idx    E Section Name        Object

    0x20000000   0x08006b40   0x00000004   Data   RW         1950    .data.SystemCoreClock  system_stm32f4xx.o
    0x20000004   0x08006b44   0x00000004   Data   RW           24    .data.delay_val     blinky.o
    0x20000008   0x08006b48   0x00000004   Data   RW           17    .data.global_counter  blinky.o
    0x2000000c   0x08006b4c   0x000000a4   Data   RW          617    .data.os            rtx_kernel.o
    0x200000b0   0x08006bf0   0x00000001   Data   RW         1159    .data.uwTickFreq    stm32f4xx_hal.o
    0x200000b1   0x08006bf1   0x00000003   PAD
    0x200000b4   0x08006bf4   0x00000004   Data   RW         1158    .data.uwTickPrio    stm32f4xx_hal.o
    0x200000b8        -       0x00000060   Zero   RW         2101    .bss                c_w.l(libspace.o)
    0x20000118        -       0x00000004   Zero   RW           81    .bss.HAL_GetTick.ticks  main.o
    0x2000011c   0x08006bf8   0x00000004   PAD
    0x20000120        -       0x00000200   Zero   RW           14    .bss.app_main_stk   blinky.o
    0x20000320        -       0x00000004   Zero   RW           16    .bss.counter        blinky.o
    0x20000324        -       0x00000004   Zero   RW           18    .bss.flag           blinky.o
    0x20000328        -       0x00008040   Zero   RW          642    .bss.os             rtx_lib.o
    0x20008368        -       0x00000001   Zero   RW         1045    .bss.os             os_systick.o
    0x20008369   0x08006bf8   0x00000003   PAD
    0x2000836c        -       0x00000034   Zero   RW          654    .bss.os.msgqueue.cb  rtx_lib.o
    0x200083a0        -       0x00000050   Zero   RW          655    .bss.os.msgqueue.mem  rtx_lib.o
    0x200083f0        -       0x00000088   Zero   RW          651    .bss.os.thread.cb   rtx_lib.o
    0x20008478        -       0x00000200   Zero   RW          652    .bss.os.thread.idle.stack  rtx_lib.o
    0x20008678        -       0x00000200   Zero   RW          653    .bss.os.thread.timer.stack  rtx_lib.o
    0x20008878        -       0x00000001   Zero   RW          656    .bss.os_kernel_is_active.os_kernel_active  rtx_lib.o
    0x20008879   0x08006bf8   0x00000003   PAD
    0x2000887c        -       0x00000004   Zero   RW           20    .bss.task_1_ID      blinky.o
    0x20008880        -       0x00000004   Zero   RW           21    .bss.task_2_ID      blinky.o
    0x20008884        -       0x00000004   Zero   RW           22    .bss.task_3_ID      blinky.o
    0x20008888        -       0x00000004   Zero   RW           23    .bss.task_4_ID      blinky.o
    0x2000888c        -       0x00000004   Zero   RW           19    .bss.tid_thrBUT     blinky.o
    0x20008890        -       0x00000200   Zero   RW         1937    HEAP                startup_stm32f429xx.o
    0x20008a90        -       0x00000400   Zero   RW         1936    STACK               startup_stm32f429xx.o


==============================================================================

Image component sizes


      Code (inc. data)   RO Data    RW Data    ZI Data      Debug   Object Name

       454         16         36          8        540       3729   blinky.o
        96          0          0          0          0       3105   buttons_nucleo_f429zi.o
      2422          0         24          0       1189      21026   eventrecorder.o
       260         16          0          0          0        760   irq_armv7m.o
      3782          4          0          0          0      15805   lcd.o
       182          0         24          0          0       3530   led_nucleo_f429zi.o
       556          0          0          0          4       6305   main.o
       140          0          0          0          1       4855   os_systick.o
         4          0          0          0          0        688   rtx_config.o
       106          0          0          0          0       3092   rtx_delay.o
      1280          0          0          0          0      37198   rtx_evr.o
       770          0         11        164          0      17520   rtx_kernel.o
       404          0        268          0      34125       8403   rtx_lib.o
       282          0          0          0          0       2774   rtx_memory.o
       250          0          0          0          0      18928   rtx_mempool.o
      2030          0          0          0          0      22975   rtx_msgqueue.o
      1252          0          0          0          0      10441   rtx_mutex.o
       544          0          0          0          0      11537   rtx_semaphore.o
       422         36          0          0          0       5416   rtx_system.o
      3310         10          0          0          0      41609   rtx_thread.o
       278          0          0          0          0      11425   rtx_timer.o
        64         26        428          0       1536        888   startup_stm32f429xx.o
        94          0          0          5          0       7866   stm32f4xx_hal.o
       118          0          0          0          0      10849   stm32f4xx_hal_cortex.o
       436          0          0          0          0       5256   stm32f4xx_hal_gpio.o
        84          0          0          0          0       3971   stm32f4xx_hal_msp.o
      1294          0          0          0          0       7555   stm32f4xx_hal_rcc.o
        12          0          0          0          0        843   stm32f4xx_it.o
       152          0         16          4          0       2775   system_stm32f4xx.o

    ----------------------------------------------------------------------
     21212        108        856        184      37468     291124   Object Totals
         0          0         48          0          0          0   (incl. Generated)
       134          0          1          3         73          0   (incl. Padding)

    ----------------------------------------------------------------------

      Code (inc. data)   RO Data    RW Data    ZI Data      Debug   Library Member Name

         8          0          0          0          0         68   __main.o
       104          0          0          0          0         84   __printf.o
         0          0          0          0          0          0   __rtentry.o
        20          0          0          0          0          0   __rtentry2.o
         6          0          0          0          0          0   __rtentry4.o
        52          8          0          0          0          0   __scatter.o
        26          0          0          0          0          0   __scatter_copy.o
        28          0          0          0          0          0   __scatter_zi.o
        48          6          0          0          0         96   _printf_char_common.o
         6          0          0          0          0          0   _printf_d.o
       120         16          0          0          0         92   _printf_dec.o
         6          0          0          0          0          0   _printf_f.o
      1052          0          0          0          0        148   _printf_fp_dec.o
       128         16          0          0          0         84   _printf_fp_infnan.o
       178          0          0          0          0         88   _printf_intcommon.o
         0          0          0          0          0          0   _printf_percent.o
         4          0          0          0          0          0   _printf_percent_end.o
        10          0          0          0          0         68   _sputc.o
        16          0          0          0          0         68   aeabi_memset4.o
       228          4        148          0          0         96   bigflt0.o
      1936        128          0          0          0        668   btod.o
        18          0          0          0          0         80   exit.o
         6          0          0          0          0        152   heapauxi.o
         0          0          0          0          0          0   indicate_semi.o
        44         10         28          0          0         76   lc_numeric_c.o
         2          0          0          0          0          0   libinit.o
        22          0          0          0          0          0   libinit2.o
         2          0          0          0          0          0   libshutdown.o
         2          0          0          0          0          0   libshutdown2.o
         8          4          0          0         96         68   libspace.o
       138          0          0          0          0         80   lludiv10.o
       240          0          0          0          0        100   lludivv7m.o
        40          6          0          0          0         84   noretval__2sprintf.o
        10          0          0          0          0         76   rt_locale_twolibspace.o
        68          0          0          0          0         68   rt_memclr.o
        78          0          0          0          0         80   rt_memclr_w.o
       138          0          0          0          0         68   rt_memcpy_v6.o
       100          0          0          0          0         80   rt_memcpy_w.o
         2          0          0          0          0          0   rtexit.o
        10          0          0          0          0          0   rtexit2.o
       124          0          0          0          0         88   strcmpv7em.o
        12          4          0          0          0         68   sys_exit.o
        74          0          0          0          0         80   sys_stackheap_outer.o
         2          0          0          0          0         68   use_no_semi.o
        26          0          0          0          0        116   fpinit.o
         4          0          0          0          0        116   printf1.o
         0          0          0          0          0          0   usenofp.o
        48          0          0          0          0        124   fpclassify.o

    ----------------------------------------------------------------------
      5208        202        176          0         96       3232   Library Totals
        14          0          0          0          0          0   (incl. Padding)

    ----------------------------------------------------------------------

      Code (inc. data)   RO Data    RW Data    ZI Data      Debug   Library Name

      5116        202        176          0         96       2876   c_w.l
        30          0          0          0          0        232   fz_wm.l
        48          0          0          0          0        124   m_wm.l

    ----------------------------------------------------------------------
      5208        202        176          0         96       3232   Library Totals

    ----------------------------------------------------------------------

==============================================================================


      Code (inc. data)   RO Data    RW Data    ZI Data      Debug   

     26420        310       1032        184      37564     292176   Grand Totals
     26420        310       1032        184      37564     292176   ELF Image Totals
     26420        310       1032        184          0          0   ROM Totals

==============================================================================

    Total RO  Size (Code + RO Data)                27452 (  26.81kB)
    Total RW  Size (RW Data + ZI Data)             37748 (  36.86kB)
    Total ROM Size (Code + RO Data + RW Data)      27636 (  26.99kB)

==============================================================================

