Component: Arm Compiler for Embedded 6.21 Tool: armlink [5ec1fa00]

==============================================================================

Section Cross References

    btnint.o(.ARM.exidx.text.Init_LED) refers to btnint.o(.text.Init_LED) for [Anonymous Symbol]
    btnint.o(.text.Init_Switch) refers to btnint.o(.text.__NVIC_SetPriority) for __NVIC_SetPriority
    btnint.o(.text.Init_Switch) refers to btnint.o(.text.__NVIC_ClearPendingIRQ) for __NVIC_ClearPendingIRQ
    btnint.o(.text.Init_Switch) refers to btnint.o(.text.__NVIC_EnableIRQ) for __NVIC_EnableIRQ
    btnint.o(.ARM.exidx.text.Init_Switch) refers to btnint.o(.text.Init_Switch) for [Anonymous Symbol]
    btnint.o(.ARM.exidx.text.__NVIC_SetPriority) refers to btnint.o(.text.__NVIC_SetPriority) for [Anonymous Symbol]
    btnint.o(.ARM.exidx.text.__NVIC_ClearPendingIRQ) refers to btnint.o(.text.__NVIC_ClearPendingIRQ) for [Anonymous Symbol]
    btnint.o(.ARM.exidx.text.__NVIC_EnableIRQ) refers to btnint.o(.text.__NVIC_EnableIRQ) for [Anonymous Symbol]
    btnint.o(.text.EXTI15_10_IRQHandler) refers to btnint.o(.bss.Downcount_Delay) for Downcount_Delay
    btnint.o(.text.EXTI15_10_IRQHandler) refers to btnint.o(.data.Countup) for Countup
    btnint.o(.text.EXTI15_10_IRQHandler) refers to btnint.o(.text.__NVIC_ClearPendingIRQ) for __NVIC_ClearPendingIRQ
    btnint.o(.ARM.exidx.text.EXTI15_10_IRQHandler) refers to btnint.o(.text.EXTI15_10_IRQHandler) for [Anonymous Symbol]
    btnint.o(.text.Init_Timer6) refers to btnint.o(.text.__NVIC_SetPriority) for __NVIC_SetPriority
    btnint.o(.text.Init_Timer6) refers to btnint.o(.text.__NVIC_ClearPendingIRQ) for __NVIC_ClearPendingIRQ
    btnint.o(.text.Init_Timer6) refers to btnint.o(.text.__NVIC_EnableIRQ) for __NVIC_EnableIRQ
    btnint.o(.ARM.exidx.text.Init_Timer6) refers to btnint.o(.text.Init_Timer6) for [Anonymous Symbol]
    btnint.o(.text.TIM6_DAC_IRQHandler) refers to btnint.o(.text.__NVIC_ClearPendingIRQ) for __NVIC_ClearPendingIRQ
    btnint.o(.text.TIM6_DAC_IRQHandler) refers to btnint.o(.data.count) for count
    btnint.o(.text.TIM6_DAC_IRQHandler) refers to btnint.o(.data.Countup) for Countup
    btnint.o(.text.TIM6_DAC_IRQHandler) refers to btnint.o(.bss.Downcount_Delay) for Downcount_Delay
    btnint.o(.text.TIM6_DAC_IRQHandler) refers to btnint.o(.bss.Bit0) for Bit0
    btnint.o(.text.TIM6_DAC_IRQHandler) refers to btnint.o(.bss.Bit1) for Bit1
    btnint.o(.text.TIM6_DAC_IRQHandler) refers to btnint.o(.bss.Bit2) for Bit2
    btnint.o(.text.TIM6_DAC_IRQHandler) refers to btnint.o(.text.LED_On) for LED_On
    btnint.o(.text.TIM6_DAC_IRQHandler) refers to btnint.o(.text.LED_Off) for LED_Off
    btnint.o(.ARM.exidx.text.TIM6_DAC_IRQHandler) refers to btnint.o(.text.TIM6_DAC_IRQHandler) for [Anonymous Symbol]
    btnint.o(.ARM.exidx.text.LED_On) refers to btnint.o(.text.LED_On) for [Anonymous Symbol]
    btnint.o(.ARM.exidx.text.LED_Off) refers to btnint.o(.text.LED_Off) for [Anonymous Symbol]
    btnint.o(.ARM.exidx.text.LED_Toggle) refers to btnint.o(.text.LED_Toggle) for [Anonymous Symbol]
    btnint.o(.text.main) refers to btnint.o(.data.test1) for test1
    btnint.o(.text.main) refers to btnint.o(.bss.one1) for one1
    btnint.o(.text.main) refers to btnint.o(.bss.one2) for one2
    btnint.o(.text.main) refers to btnint.o(.bss.b0) for b0
    btnint.o(.text.main) refers to btnint.o(.bss.b1) for b1
    btnint.o(.text.main) refers to btnint.o(.bss.b2) for b2
    btnint.o(.text.main) refers to btnint.o(.bss.b3) for b3
    btnint.o(.text.main) refers to btnint.o(.text.Init_LED) for Init_LED
    btnint.o(.text.main) refers to btnint.o(.text.Init_Switch) for Init_Switch
    btnint.o(.text.main) refers to btnint.o(.text.Init_Timer6) for Init_Timer6
    btnint.o(.text.main) refers to lcd.o(.text.LCD_setup) for LCD_setup
    btnint.o(.text.main) refers to lcd.o(.text.LCD_clear) for LCD_clear
    btnint.o(.text.main) refers to btnint.o(.rodata.str1.1) for .L.str
    btnint.o(.text.main) refers to lcd.o(.text.LCD_send_String) for LCD_send_String
    btnint.o(.text.main) refers to lcd.o(.text.LCD_place_cursor) for LCD_place_cursor
    btnint.o(.text.main) refers to lcd.o(.text.LCD_send_intString) for LCD_send_intString
    btnint.o(.text.main) refers to lcd.o(.text.LCD_send_floatString) for LCD_send_floatString
    btnint.o(.ARM.exidx.text.main) refers to btnint.o(.text.main) for [Anonymous Symbol]
    lcd.o(.ARM.exidx.text.LCD_PIN_clear) refers to lcd.o(.text.LCD_PIN_clear) for [Anonymous Symbol]
    lcd.o(.ARM.exidx.text.LCD_PIN_set) refers to lcd.o(.text.LCD_PIN_set) for [Anonymous Symbol]
    lcd.o(.ARM.exidx.text.LCD_PIN_MODE) refers to lcd.o(.text.LCD_PIN_MODE) for [Anonymous Symbol]
    lcd.o(.text.LCD_BF_check) refers to lcd.o(.text.LCD_PIN_clear) for LCD_PIN_clear
    lcd.o(.text.LCD_BF_check) refers to lcd.o(.text.LCD_PIN_set) for LCD_PIN_set
    lcd.o(.text.LCD_BF_check) refers to lcd.o(.text.LCD_PIN_MODE) for LCD_PIN_MODE
[...]
    ../clib/printf.c                         0x00000000   Number         0  __printf_flags.o ABSOLUTE
    ../clib/printf.c                         0x00000000   Number         0  __printf_ss.o ABSOLUTE
    ../clib/printf.c                         0x00000000   Number         0  __printf_flags_ss.o ABSOLUTE
    ../clib/printf.c                         0x00000000   Number         0  __printf_wp.o ABSOLUTE
    ../clib/printf.c                         0x00000000   Number         0  __printf_flags_wp.o ABSOLUTE
    ../clib/printf.c                         0x00000000   Number         0  __printf_ss_wp.o ABSOLUTE
    ../clib/printf.c                         0x00000000   Number         0  __printf_flags_ss_wp.o ABSOLUTE
    ../clib/printf.c                         0x00000000   Number         0  _printf_intcommon.o ABSOLUTE
    ../clib/printf.c                         0x00000000   Number         0  _printf_fp_dec.o ABSOLUTE
    ../clib/printf.c                         0x00000000   Number         0  _printf_fp_dec_accurate.o ABSOLUTE
    ../clib/printf.c                         0x00000000   Number         0  _printf_fp_hex.o ABSOLUTE
    ../clib/printf.c                         0x00000000   Number         0  __printf_nopercent.o ABSOLUTE
    ../clib/printf.c                         0x00000000   Number         0  _printf_char.o ABSOLUTE
    ../clib/printf.c                         0x00000000   Number         0  _printf_wchar.o ABSOLUTE
    ../clib/printf.c                         0x00000000   Number         0  _printf_fp_infnan.o ABSOLUTE
    ../clib/printf_percent.s                 0x00000000   Number         0  _printf_c.o ABSOLUTE
    ../clib/printf_percent.s                 0x00000000   Number         0  _printf_s.o ABSOLUTE
    ../clib/printf_percent.s                 0x00000000   Number         0  _printf_n.o ABSOLUTE
    ../clib/printf_percent.s                 0x00000000   Number         0  _printf_x.o ABSOLUTE
    ../clib/printf_percent.s                 0x00000000   Number         0  _printf_p.o ABSOLUTE
    ../clib/printf_percent.s                 0x00000000   Number         0  _printf_o.o ABSOLUTE
    ../clib/printf_percent.s                 0x00000000   Number         0  _printf_i.o ABSOLUTE
    ../clib/printf_percent.s                 0x00000000   Number         0  _printf_d.o ABSOLUTE
    ../clib/printf_percent.s                 0x00000000   Number         0  _printf_u.o ABSOLUTE
    ../clib/printf_percent.s                 0x00000000   Number         0  _printf_f.o ABSOLUTE
    ../clib/printf_percent.s                 0x00000000   Number         0  _printf_e.o ABSOLUTE
    ../clib/printf_percent.s                 0x00000000   Number         0  _printf_g.o ABSOLUTE
    ../clib/printf_percent.s                 0x00000000   Number         0  _printf_a.o ABSOLUTE
    ../clib/printf_percent.s                 0x00000000   Number         0  _printf_percent.o ABSOLUTE
    ../clib/printf_percent.s                 0x00000000   Number         0  _printf_lli.o ABSOLUTE
    ../clib/printf_percent.s                 0x00000000   Number         0  _printf_lld.o ABSOLUTE
    ../clib/printf_percent.s                 0x00000000   Number         0  _printf_llu.o ABSOLUTE
    ../clib/printf_percent.s                 0x00000000   Number         0  _printf_ll.o ABSOLUTE
    ../clib/printf_percent.s                 0x00000000   Number         0  _printf_l.o ABSOLUTE
    ../clib/printf_percent.s                 0x00000000   Number         0  _printf_lc.o ABSOLUTE
    ../clib/printf_percent.s                 0x00000000   Number         0  _printf_ls.o ABSOLUTE
    ../clib/printf_percent.s                 0x00000000   Number         0  _printf_llo.o ABSOLUTE
    ../clib/printf_percent.s                 0x00000000   Number         0  _printf_llx.o ABSOLUTE
    ../clib/printf_percent.s                 0x00000000   Number         0  _printf_percent_end.o ABSOLUTE
    ../clib/signal.c                         0x00000000   Number         0  defsig_rtmem_outer.o ABSOLUTE
    ../clib/signal.c                         0x00000000   Number         0  defsig_rtmem_formal.o ABSOLUTE
    ../clib/signal.c                         0x00000000   Number         0  defsig_exit.o ABSOLUTE
    ../clib/signal.c                         0x00000000   Number         0  defsig_rtmem_inner.o ABSOLUTE
    ../clib/signal.c                         0x00000000   Number         0  __raise.o ABSOLUTE
    ../clib/signal.c                         0x00000000   Number         0  defsig_general.o ABSOLUTE
    ../clib/signal.c                         0x00000000   Number         0  defsig_abrt_inner.o ABSOLUTE
    ../clib/signal.c                         0x00000000   Number         0  defsig_fpe_inner.o ABSOLUTE
    ../clib/signal.c                         0x00000000   Number         0  defsig_rtred_inner.o ABSOLUTE
    ../clib/signal.c                         0x00000000   Number         0  defsig_stak_inner.o ABSOLUTE
    ../clib/signal.c                         0x00000000   Number         0  defsig_pvfn_inner.o ABSOLUTE
    ../clib/signal.c                         0x00000000   Number         0  defsig_cppl_inner.o ABSOLUTE
    ../clib/signal.c                         0x00000000   Number         0  defsig_segv_inner.o ABSOLUTE
    ../clib/signal.c                         0x00000000   Number         0  defsig_other.o ABSOLUTE
    ../clib/signal.s                         0x00000000   Number         0  defsig.o ABSOLUTE
    ../clib/stdlib.c                         0x00000000   Number         0  exit.o ABSOLUTE
    ../fplib/dretinf.s                       0x00000000   Number         0  dretinf.o ABSOLUTE
    ../fplib/f2d.s                           0x00000000   Number         0  f2d.o ABSOLUTE
    ../fplib/fnaninf.s                       0x00000000   Number         0  fnaninf.o ABSOLUTE
    ../fplib/fpinit.s                        0x00000000   Number         0  fpinit.o ABSOLUTE
    ../fplib/istatus.s                       0x00000000   Number         0  istatus.o ABSOLUTE
    ../fplib/printf1.s                       0x00000000   Number         0  printf1.o ABSOLUTE
    ../fplib/printf2.s                       0x00000000   Number         0  printf2.o ABSOLUTE
    ../fplib/printf2a.s                      0x00000000   Number         0  printf2a.o ABSOLUTE
    ../fplib/printf2b.s                      0x00000000   Number         0  printf2b.o ABSOLUTE
    ../fplib/usenofp.s                       0x00000000   Number         0  usenofp.o ABSOLUTE
    ../mathlib/fpclassify.c                  0x00000000   Number         0  fpclassify.o ABSOLUTE
    BTNINT.c                                 0x00000000   Number         0  btnint.o ABSOLUTE
    LCD.c                                    0x00000000   Number         0  lcd.o ABSOLUTE
    RTE/Device/STM32F429ZITx/startup_stm32f429xx.s 0x00000000   Number         0  startup_stm32f429xx.o ABSOLUTE
    dc.s                                     0x00000000   Number         0  dc.o ABSOLUTE
    system_stm32f4xx.c                       0x00000000   Number         0  system_stm32f4xx.o ABSOLUTE
    RESET                                    0x08000000   Section      428  startup_stm32f429xx.o(RESET)
    !!!main                                  0x080001ac   Section        8  __main.o(!!!main)
    !!!scatter                               0x080001b4   Section       92  __scatter.o(!!!scatter)
    !!handler_copy                           0x08000210   Section       26  __scatter_copy.o(!!handler_copy)
    !!handler_null                           0x0800022c   Section        2  __scatter.o(!!handler_null)
    !!handler_zi                             0x08000230   Section       28  __scatter_zi.o(!!handler_zi)
    .ARM.Collect$$_printf_percent$$00000000  0x0800024c   Section        0  _printf_percent.o(.ARM.Collect$$_printf_percent$$00000000)
    .ARM.Collect$$_printf_percent$$00000001  0x0800024c   Section        6  _printf_n.o(.ARM.Collect$$_printf_percent$$00000001)
    .ARM.Collect$$_printf_percent$$00000002  0x08000252   Section        6  _printf_p.o(.ARM.Collect$$_printf_percent$$00000002)
    .ARM.Collect$$_printf_percent$$00000003  0x08000258   Section        6  _printf_f.o(.ARM.Collect$$_printf_percent$$00000003)
    .ARM.Collect$$_printf_percent$$00000004  0x0800025e   Section        6  _printf_e.o(.ARM.Collect$$_printf_percent$$00000004)
    .ARM.Collect$$_printf_percent$$00000005  0x08000264   Section        6  _printf_g.o(.ARM.Collect$$_printf_percent$$00000005)
    .ARM.Collect$$_printf_percent$$00000006  0x0800026a   Section        6  _printf_a.o(.ARM.Collect$$_printf_percent$$00000006)
    .ARM.Collect$$_printf_percent$$00000007  0x08000270   Section       10  _printf_ll.o(.ARM.Collect$$_printf_percent$$00000007)
    .ARM.Collect$$_printf_percent$$00000008  0x0800027a   Section        6  _printf_i.o(.ARM.Collect$$_printf_percent$$00000008)
    .ARM.Collect$$_printf_percent$$00000009  0x08000280   Section        6  _printf_d.o(.ARM.Collect$$_printf_percent$$00000009)
    .ARM.Collect$$_printf_percent$$0000000A  0x08000286   Section        6  _printf_u.o(.ARM.Collect$$_printf_percent$$0000000A)
    .ARM.Collect$$_printf_percent$$0000000B  0x0800028c   Section        6  _printf_o.o(.ARM.Collect$$_printf_percent$$0000000B)
    .ARM.Collect$$_printf_percent$$0000000C  0x08000292   Section        6  _printf_x.o(.ARM.Collect$$_printf_percent$$0000000C)
    .ARM.Collect$$_printf_percent$$0000000D  0x08000298   Section        6  _printf_lli.o(.ARM.Collect$$_printf_percent$$0000000D)
    .ARM.Collect$$_printf_percent$$0000000E  0x0800029e   Section        6  _printf_lld.o(.ARM.Collect$$_printf_percent$$0000000E)
    .ARM.Collect$$_printf_percent$$0000000F  0x080002a4   Section        6  _printf_llu.o(.ARM.Collect$$_printf_percent$$0000000F)
    .ARM.Collect$$_printf_percent$$00000010  0x080002aa   Section        6  _printf_llo.o(.ARM.Collect$$_printf_percent$$00000010)
    .ARM.Collect$$_printf_percent$$00000011  0x080002b0   Section        6  _printf_llx.o(.ARM.Collect$$_printf_percent$$00000011)
    .ARM.Collect$$_printf_percent$$00000012  0x080002b6   Section       10  _printf_l.o(.ARM.Collect$$_printf_percent$$00000012)
    .ARM.Collect$$_printf_percent$$00000013  0x080002c0   Section        6  _printf_c.o(.ARM.Collect$$_printf_percent$$00000013)
    .ARM.Collect$$_printf_percent$$00000014  0x080002c6   Section        6  _printf_s.o(.ARM.Collect$$_printf_percent$$00000014)
    .ARM.Collect$$_printf_percent$$00000015  0x080002cc   Section        6  _printf_lc.o(.ARM.Collect$$_printf_percent$$00000015)
    .ARM.Collect$$_printf_percent$$00000016  0x080002d2   Section        6  _printf_ls.o(.ARM.Collect$$_printf_percent$$00000016)
    .ARM.Collect$$_printf_percent$$00000017  0x080002d8   Section        4  _printf_percent_end.o(.ARM.Collect$$_printf_percent$$00000017)
    .ARM.Collect$$libinit$$00000000          0x080002dc   Section        2  libinit.o(.ARM.Collect$$libinit$$00000000)
    .ARM.Collect$$libinit$$00000001          0x080002de   Section        4  libinit2.o(.ARM.Collect$$libinit$$00000001)
    .ARM.Collect$$libinit$$00000004          0x080002e2   Section        0  libinit2.o(.ARM.Collect$$libinit$$00000004)
    .ARM.Collect$$libinit$$00000006          0x080002e2   Section        0  libinit2.o(.ARM.Collect$$libinit$$00000006)
    .ARM.Collect$$libinit$$0000000C          0x080002e2   Section        0  libinit2.o(.ARM.Collect$$libinit$$0000000C)
    .ARM.Collect$$libinit$$0000000E          0x080002e2   Section        0  libinit2.o(.ARM.Collect$$libinit$$0000000E)
    .ARM.Collect$$libinit$$00000010          0x080002e2   Section        0  libinit2.o(.ARM.Collect$$libinit$$00000010)
    .ARM.Collect$$libinit$$00000011          0x080002e2   Section        6  libinit2.o(.ARM.Collect$$libinit$$00000011)
    .ARM.Collect$$libinit$$00000013          0x080002e8   Section        0  libinit2.o(.ARM.Collect$$libinit$$00000013)
    .ARM.Collect$$libinit$$00000014          0x080002e8   Section       12  libinit2.o(.ARM.Collect$$libinit$$00000014)
    .ARM.Collect$$libinit$$00000015          0x080002f4   Section        0  libinit2.o(.ARM.Collect$$libinit$$00000015)
    .ARM.Collect$$libinit$$00000017          0x080002f4   Section        0  libinit2.o(.ARM.Collect$$libinit$$00000017)
    .ARM.Collect$$libinit$$00000018          0x080002f4   Section       10  libinit2.o(.ARM.Collect$$libinit$$00000018)
    .ARM.Collect$$libinit$$00000019          0x080002fe   Section        0  libinit2.o(.ARM.Collect$$libinit$$00000019)
    .ARM.Collect$$libinit$$0000001B          0x080002fe   Section        0  libinit2.o(.ARM.Collect$$libinit$$0000001B)
    .ARM.Collect$$libinit$$0000001D          0x080002fe   Section        0  libinit2.o(.ARM.Collect$$libinit$$0000001D)
    .ARM.Collect$$libinit$$0000001F          0x080002fe   Section        0  libinit2.o(.ARM.Collect$$libinit$$0000001F)
    .ARM.Collect$$libinit$$00000021          0x080002fe   Section        0  libinit2.o(.ARM.Collect$$libinit$$00000021)
    .ARM.Collect$$libinit$$00000023          0x080002fe   Section        0  libinit2.o(.ARM.Collect$$libinit$$00000023)
    .ARM.Collect$$libinit$$00000025          0x080002fe   Section        0  libinit2.o(.ARM.Collect$$libinit$$00000025)
    .ARM.Collect$$libinit$$00000027          0x080002fe   Section        0  libinit2.o(.ARM.Collect$$libinit$$00000027)
    .ARM.Collect$$libinit$$0000002E          0x080002fe   Section        0  libinit2.o(.ARM.Collect$$libinit$$0000002E)
    .ARM.Collect$$libinit$$00000030          0x080002fe   Section        0  libinit2.o(.ARM.Collect$$libinit$$00000030)
    .ARM.Collect$$libinit$$00000032          0x080002fe   Section        0  libinit2.o(.ARM.Collect$$libinit$$00000032)
    .ARM.Collect$$libinit$$00000034          0x080002fe   Section        0  libinit2.o(.ARM.Collect$$libinit$$00000034)
    .ARM.Collect$$libinit$$00000035          0x080002fe   Section        2  libinit2.o(.ARM.Collect$$libinit$$00000035)
    .ARM.Collect$$libshutdown$$00000000      0x08000300   Section        2  libshutdown.o(.ARM.Collect$$libshutdown$$00000000)
    .ARM.Collect$$libshutdown$$00000002      0x08000302   Section        0  libshutdown2.o(.ARM.Collect$$libshutdown$$00000002)
    .ARM.Collect$$libshutdown$$00000004      0x08000302   Section        0  libshutdown2.o(.ARM.Collect$$libshutdown$$00000004)
    .ARM.Collect$$libshutdown$$00000007      0x08000302   Section        0  libshutdown2.o(.ARM.Collect$$libshutdown$$00000007)
    .ARM.Collect$$libshutdown$$0000000A      0x08000302   Section        0  libshutdown2.o(.ARM.Collect$$libshutdown$$0000000A)
    .ARM.Collect$$libshutdown$$0000000C      0x08000302   Section        0  libshutdown2.o(.ARM.Collect$$libshutdown$$0000000C)
    .ARM.Collect$$libshutdown$$0000000F      0x08000302   Section        0  libshutdown2.o(.ARM.Collect$$libshutdown$$0000000F)
    .ARM.Collect$$libshutdown$$00000010      0x08000302   Section        2  libshutdown2.o(.ARM.Collect$$libshutdown$$00000010)
    .ARM.Collect$$rtentry$$00000000          0x08000304   Section        0  __rtentry.o(.ARM.Collect$$rtentry$$00000000)
    .ARM.Collect$$rtentry$$00000002          0x08000304   Section        0  __rtentry2.o(.ARM.Collect$$rtentry$$00000002)
    .ARM.Collect$$rtentry$$00000004          0x08000304   Section        6  __rtentry4.o(.ARM.Collect$$rtentry$$00000004)
    .ARM.Collect$$rtentry$$00000009          0x0800030a   Section        0  __rtentry2.o(.ARM.Collect$$rtentry$$00000009)
    .ARM.Collect$$rtentry$$0000000A          0x0800030a   Section        4  __rtentry2.o(.ARM.Collect$$rtentry$$0000000A)
    .ARM.Collect$$rtentry$$0000000C          0x0800030e   Section        0  __rtentry2.o(.ARM.Collect$$rtentry$$0000000C)
    .ARM.Collect$$rtentry$$0000000D          0x0800030e   Section        8  __rtentry2.o(.ARM.Collect$$rtentry$$0000000D)
    .ARM.Collect$$rtexit$$00000000           0x08000316   Section        2  rtexit.o(.ARM.Collect$$rtexit$$00000000)
    .ARM.Collect$$rtexit$$00000002           0x08000318   Section        0  rtexit2.o(.ARM.Collect$$rtexit$$00000002)
    .ARM.Collect$$rtexit$$00000003           0x08000318   Section        4  rtexit2.o(.ARM.Collect$$rtexit$$00000003)
    .ARM.Collect$$rtexit$$00000004           0x0800031c   Section        6  rtexit2.o(.ARM.Collect$$rtexit$$00000004)
    $v0                                      0x08000324   Number         0  startup_stm32f429xx.o(.text)
    .text                                    0x08000324   Section       64  startup_stm32f429xx.o(.text)
    .text                                    0x08000364   Section        0  sprintf.o(.text)
    .text                                    0x08000390   Section        0  heapauxi.o(.text)
    .text                                    0x08000396   Section        0  _printf_pad.o(.text)
    .text                                    0x080003e4   Section        0  _printf_truncate.o(.text)
    .text                                    0x08000408   Section        0  _printf_str.o(.text)
    .text                                    0x0800045c   Section        0  _printf_dec.o(.text)
    .text                                    0x080004d4   Section        0  _printf_charcount.o(.text)
    _printf_input_char                       0x080004fd   Thumb Code    10  _printf_char_common.o(.text)
    .text                                    0x080004fc   Section        0  _printf_char_common.o(.text)
    .text                                    0x0800052c   Section        0  _sputc.o(.text)
    .text                                    0x08000538   Section        0  _printf_wctomb.o(.text)
    .text                                    0x080005f4   Section        0  _printf_longlong_dec.o(.text)
    _printf_longlong_oct_internal            0x08000671   Thumb Code     0  _printf_oct_int_ll.o(.text)
    .text                                    0x08000670   Section        0  _printf_oct_int_ll.o(.text)
    _printf_hex_common                       0x080006e1   Thumb Code     0  _printf_hex_int_ll_ptr.o(.text)
    .text                                    0x080006e0   Section        0  _printf_hex_int_ll_ptr.o(.text)
    .text                                    0x08000774   Section        0  __printf_flags_ss_wp.o(.text)
    .text                                    0x080008fc   Section      138  lludiv10.o(.text)
    .text                                    0x08000986   Section        0  _printf_intcommon.o(.text)
    _fp_digits                               0x08000a39   Thumb Code   432  _printf_fp_dec.o(.text)
    .text                                    0x08000a38   Section        0  _printf_fp_dec.o(.text)
    .text                                    0x08000e54   Section        0  _printf_fp_hex.o(.text)
    .text                                    0x08001150   Section        0  _printf_char.o(.text)
    .text                                    0x0800117c   Section        0  _printf_wchar.o(.text)
    .text                                    0x080011a8   Section        0  _c16rtomb.o(.text)
    .text                                    0x080011f0   Section       74  sys_stackheap_outer.o(.text)
    .text                                    0x0800123c   Section       16  rt_ctype_table.o(.text)
    .text                                    0x0800124c   Section        8  rt_locale_intlibspace.o(.text)
    .text                                    0x08001254   Section        0  _printf_fp_infnan.o(.text)
    .text                                    0x080012d4   Section        0  bigflt0.o(.text)
    .text                                    0x080013b8   Section        0  exit.o(.text)
    .text                                    0x080013cc   Section        8  libspace.o(.text)
    .text                                    0x080013d8   Section      124  strcmpv7em.o(.text)
    .text                                    0x08001454   Section        0  sys_exit.o(.text)
    .text                                    0x08001460   Section        2  use_no_semi.o(.text)
    .text                                    0x08001462   Section        0  indicate_semi.o(.text)
    [Anonymous Symbol]                       0x08001464   Section        0  btnint.o(.text.EXTI15_10_IRQHandler)
    [Anonymous Symbol]                       0x080014ac   Section        0  btnint.o(.text.Init_LED)
    [Anonymous Symbol]                       0x080014d4   Section        0  btnint.o(.text.Init_Switch)
    [Anonymous Symbol]                       0x0800154c   Section        0  btnint.o(.text.Init_Timer6)
    [Anonymous Symbol]                       0x080015c4   Section        0  lcd.o(.text.LCD_BF_check)
    [Anonymous Symbol]                       0x08001618   Section        0  lcd.o(.text.LCD_PIN_MODE)
    [Anonymous Symbol]                       0x080016dc   Section        0  lcd.o(.text.LCD_PIN_clear)
    [Anonymous Symbol]                       0x08001760   Section        0  lcd.o(.text.LCD_PIN_set)
    [Anonymous Symbol]                       0x080017e4   Section        0  lcd.o(.text.LCD_clear)
    [Anonymous Symbol]                       0x080017f4   Section        0  lcd.o(.text.LCD_init)
    [Anonymous Symbol]                       0x08001884   Section        0  lcd.o(.text.LCD_place_cursor)
    [Anonymous Symbol]                       0x080019c0   Section        0  lcd.o(.text.LCD_port_init)
    [Anonymous Symbol]                       0x08001a54   Section        0  lcd.o(.text.LCD_sendData)
    [Anonymous Symbol]                       0x08001b80   Section        0  lcd.o(.text.LCD_sendInstr)
    [Anonymous Symbol]                       0x08001c20   Section        0  lcd.o(.text.LCD_send_String)
    [Anonymous Symbol]                       0x08001c50   Section        0  lcd.o(.text.LCD_send_floatString)
    [Anonymous Symbol]                       0x08001cb0   Section        0  lcd.o(.text.LCD_send_intString)
    [Anonymous Symbol]                       0x08001cf8   Section        0  lcd.o(.text.LCD_setup)
    [Anonymous Symbol]                       0x08001d04   Section        0  btnint.o(.text.LED_Off)
    [Anonymous Symbol]                       0x08001d24   Section        0  btnint.o(.text.LED_On)
    [Anonymous Symbol]                       0x08001d44   Section        0  system_stm32f4xx.o(.text.SystemInit)
    [Anonymous Symbol]                       0x08001d58   Section        0  btnint.o(.text.TIM6_DAC_IRQHandler)
    __NVIC_ClearPendingIRQ                   0x08001f01   Thumb Code    48  btnint.o(.text.__NVIC_ClearPendingIRQ)
    [Anonymous Symbol]                       0x08001f00   Section        0  btnint.o(.text.__NVIC_ClearPendingIRQ)
    __NVIC_EnableIRQ                         0x08001f31   Thumb Code    48  btnint.o(.text.__NVIC_EnableIRQ)
    [Anonymous Symbol]                       0x08001f30   Section        0  btnint.o(.text.__NVIC_EnableIRQ)
    __NVIC_SetPriority                       0x08001f61   Thumb Code    66  btnint.o(.text.__NVIC_SetPriority)
    [Anonymous Symbol]                       0x08001f60   Section        0  btnint.o(.text.__NVIC_SetPriority)
    [Anonymous Symbol]                       0x08001fa4   Section        0  btnint.o(.text.main)
    CL$$btod_d2e                             0x080020cc   Section       62  btod.o(CL$$btod_d2e)
    CL$$btod_d2e_denorm_low                  0x0800210a   Section       70  btod.o(CL$$btod_d2e_denorm_low)
    CL$$btod_d2e_norm_op1                    0x08002150   Section       96  btod.o(CL$$btod_d2e_norm_op1)
    CL$$btod_div_common                      0x080021b0   Section      824  btod.o(CL$$btod_div_common)
    CL$$btod_e2e                             0x080024e8   Section      220  btod.o(CL$$btod_e2e)
    CL$$btod_ediv                            0x080025c4   Section       42  btod.o(CL$$btod_ediv)
    CL$$btod_emul                            0x080025ee   Section       42  btod.o(CL$$btod_emul)
    CL$$btod_mult_common                     0x08002618   Section      580  btod.o(CL$$btod_mult_common)
    i.__ARM_fpclassify                       0x0800285c   Section        0  fpclassify.o(i.__ARM_fpclassify)
    i._is_digit                              0x0800288c   Section        0  __printf_wp.o(i._is_digit)
    locale$$code                             0x0800289c   Section       44  lc_numeric_c.o(locale$$code)
    locale$$code                             0x080028c8   Section       44  lc_ctype_c.o(locale$$code)
    $v0                                      0x080028f4   Number         0  dretinf.o(x$fpl$dretinf)
    x$fpl$dretinf                            0x080028f4   Section       12  dretinf.o(x$fpl$dretinf)
    $v0                                      0x08002900   Number         0  f2d.o(x$fpl$f2d)
    x$fpl$f2d                                0x08002900   Section       86  f2d.o(x$fpl$f2d)
    $v0                                      0x08002956   Number         0  fnaninf.o(x$fpl$fnaninf)
    x$fpl$fnaninf                            0x08002956   Section      140  fnaninf.o(x$fpl$fnaninf)
    $v0                                      0x080029e2   Number         0  fpinit.o(x$fpl$fpinit)
    x$fpl$fpinit                             0x080029e2   Section       26  fpinit.o(x$fpl$fpinit)
    $v0                                      0x080029fc   Number         0  printf1.o(x$fpl$printf1)
    x$fpl$printf1                            0x080029fc   Section        4  printf1.o(x$fpl$printf1)
    $v0                                      0x08002a00   Number         0  printf2.o(x$fpl$printf2)
    x$fpl$printf2                            0x08002a00   Section        4  printf2.o(x$fpl$printf2)
    initial_mbstate                          0x08002a04   Data           8  _printf_wctomb.o(.constdata)
    .constdata                               0x08002a04   Section        8  _printf_wctomb.o(.constdata)
    x$fpl$usenofp                            0x08002a04   Section        0  usenofp.o(x$fpl$usenofp)
    uc_hextab                                0x08002a0c   Data          20  _printf_hex_int_ll_ptr.o(.constdata)
    .constdata                               0x08002a0c   Section       40  _printf_hex_int_ll_ptr.o(.constdata)
    lc_hextab                                0x08002a20   Data          20  _printf_hex_int_ll_ptr.o(.constdata)
    maptable                                 0x08002a34   Data          17  __printf_flags_ss_wp.o(.constdata)
    .constdata                               0x08002a34   Section       17  __printf_flags_ss_wp.o(.constdata)
    lc_hextab                                0x08002a45   Data          19  _printf_fp_hex.o(.constdata)
    .constdata                               0x08002a45   Section       38  _printf_fp_hex.o(.constdata)
    uc_hextab                                0x08002a58   Data          19  _printf_fp_hex.o(.constdata)
    tenpwrs_x                                0x08002a6c   Data          60  bigflt0.o(.constdata)
    .constdata                               0x08002a6c   Section      148  bigflt0.o(.constdata)
    tenpwrs_i                                0x08002aa8   Data          64  bigflt0.o(.constdata)
    .L.str                                   0x08002b00   Data          12  btnint.o(.rodata.str1.1)
    [Anonymous Symbol]                       0x08002b00   Section        0  btnint.o(.rodata.str1.1)
    .L.str                                   0x08002b0c   Data           3  lcd.o(.rodata.str1.1)
    [Anonymous Symbol]                       0x08002b0c   Section        0  lcd.o(.rodata.str1.1)
    .L.str.1                                 0x08002b0f   Data           3  lcd.o(.rodata.str1.1)
    locale$$data                             0x08002b34   Section       28  lc_numeric_c.o(locale$$data)
    __lcnum_c_name                           0x08002b38   Data           2  lc_numeric_c.o(locale$$data)
    __lcnum_c_start                          0x08002b40   Data           0  lc_numeric_c.o(locale$$data)
    __lcnum_c_point                          0x08002b4c   Data           0  lc_numeric_c.o(locale$$data)
    __lcnum_c_thousands                      0x08002b4e   Data           0  lc_numeric_c.o(locale$$data)
    __lcnum_c_grouping                       0x08002b4f   Data           0  lc_numeric_c.o(locale$$data)
    __lcnum_c_end                            0x08002b50   Data           0  lc_numeric_c.o(locale$$data)
    locale$$data                             0x08002b50   Section      272  lc_ctype_c.o(locale$$data)
    __lcctype_c_name                         0x08002b54   Data           2  lc_ctype_c.o(locale$$data)
    __lcctype_c_start                        0x08002b5c   Data           0  lc_ctype_c.o(locale$$data)
    __lcctype_c_end                          0x08002c60   Data           0  lc_ctype_c.o(locale$$data)
    .bss                                     0x20000010   Section       96  libspace.o(.bss)
    Heap_Mem                                 0x20000098   Data         512  startup_stm32f429xx.o(HEAP)
    HEAP                                     0x20000098   Section      512  startup_stm32f429xx.o(HEAP)
    Stack_Mem                                0x20000298   Data        1024  startup_stm32f429xx.o(STACK)
    STACK                                    0x20000298   Section     1024  startup_stm32f429xx.o(STACK)
    __initial_sp                             0x20000698   Data           0  startup_stm32f429xx.o(STACK)

    Global Symbols

    Symbol Name                              Value     Ov Type        Size  Object(Section)

    BuildAttributes$$THM_ISAv4$E$P$D$K$B$S$7EM$VFPi3$EXTD16$VFPS$VFMA$PE$A:L22UL41UL21$X:L11$S22US41US21$IEEE1$IW$~IW$USESV6$~STKCKD$USESV7$~SHL$OTIME$ROPI$IEEEJ$EBA8$UX$STANDARDLIB$REQ8$PRES8$EABIv2 0x00000000   Number         0  anon$$obj.o ABSOLUTE
    _printf_flags                            0x00000000   Number         0  printf_stubs.o ABSOLUTE
    _printf_return_value                     0x00000000   Number         0  printf_stubs.o ABSOLUTE
    _printf_sizespec                         0x00000000   Number         0  printf_stubs.o ABSOLUTE
    _printf_widthprec                        0x00000000   Number         0  printf_stubs.o ABSOLUTE
    __ARM_exceptions_init                     - Undefined Weak Reference
    __alloca_initialize                       - Undefined Weak Reference
    __arm_preinit_                            - Undefined Weak Reference
    __arm_relocate_pie_                       - Undefined Weak Reference
    __cpp_initialize__aeabi_                  - Undefined Weak Reference
    __cxa_finalize                            - Undefined Weak Reference
    __sigvec_lookup                           - Undefined Weak Reference
    _atexit_init                              - Undefined Weak Reference
    _call_atexit_fns                          - Undefined Weak Reference
    _clock_init                               - Undefined Weak Reference
    _fp_trap_init                             - Undefined Weak Reference
    _fp_trap_shutdown                         - Undefined Weak Reference
    _get_lc_collate                           - Undefined Weak Reference
    _get_lc_monetary                          - Undefined Weak Reference
    _get_lc_time                              - Undefined Weak Reference
    _getenv_init                              - Undefined Weak Reference
    _handle_redirection                       - Undefined Weak Reference
    _init_alloc                               - Undefined Weak Reference
    _init_user_alloc                          - Undefined Weak Reference
    _initio                                   - Undefined Weak Reference
    _printf_mbtowc                            - Undefined Weak Reference
    _printf_wc                                - Undefined Weak Reference
    _rand_init                                - Undefined Weak Reference
    _signal_finish                            - Undefined Weak Reference
    _signal_init                              - Undefined Weak Reference
    _terminate_alloc                          - Undefined Weak Reference
    _terminate_user_alloc                     - Undefined Weak Reference
    _terminateio                              - Undefined Weak Reference
    __Vectors_Size                           0x000001ac   Number         0  startup_stm32f429xx.o ABSOLUTE
    __Vectors                                0x08000000   Data           4  startup_stm32f429xx.o(RESET)
    __Vectors_End                            0x080001ac   Data           0  startup_stm32f429xx.o(RESET)
    __main                                   0x080001ad   Thumb Code     8  __main.o(!!!main)
    __scatterload                            0x080001b5   Thumb Code     0  __scatter.o(!!!scatter)
    __scatterload_rt2                        0x080001b5   Thumb Code    84  __scatter.o(!!!scatter)
    __scatterload_rt2_thumb_only             0x080001b5   Thumb Code     0  __scatter.o(!!!scatter)
    __scatterload_loop                       0x080001bf   Thumb Code     0  __scatter.o(!!!scatter)
    __scatterload_copy                       0x08000211   Thumb Code    26  __scatter_copy.o(!!handler_copy)
    __scatterload_null                       0x0800022d   Thumb Code     2  __scatter.o(!!handler_null)
    __scatterload_zeroinit                   0x08000231   Thumb Code    28  __scatter_zi.o(!!handler_zi)
    _printf_n                                0x0800024d   Thumb Code     0  _printf_n.o(.ARM.Collect$$_printf_percent$$00000001)
    _printf_percent                          0x0800024d   Thumb Code     0  _printf_percent.o(.ARM.Collect$$_printf_percent$$00000000)
    _printf_p                                0x08000253   Thumb Code     0  _printf_p.o(.ARM.Collect$$_printf_percent$$00000002)
    _printf_f                                0x08000259   Thumb Code     0  _printf_f.o(.ARM.Collect$$_printf_percent$$00000003)
    _printf_e                                0x0800025f   Thumb Code     0  _printf_e.o(.ARM.Collect$$_printf_percent$$00000004)
    _printf_g                                0x08000265   Thumb Code     0  _printf_g.o(.ARM.Collect$$_printf_percent$$00000005)
    _printf_a                                0x0800026b   Thumb Code     0  _printf_a.o(.ARM.Collect$$_printf_percent$$00000006)
    _printf_ll                               0x08000271   Thumb Code     0  _printf_ll.o(.ARM.Collect$$_printf_percent$$00000007)
    _printf_i                                0x0800027b   Thumb Code     0  _printf_i.o(.ARM.Collect$$_printf_percent$$00000008)
    _printf_d                                0x08000281   Thumb Code     0  _printf_d.o(.ARM.Collect$$_printf_percent$$00000009)
    _printf_u                                0x08000287   Thumb Code     0  _printf_u.o(.ARM.Collect$$_printf_percent$$0000000A)
    _printf_o                                0x0800028d   Thumb Code     0  _printf_o.o(.ARM.Collect$$_printf_percent$$0000000B)
    _printf_x                                0x08000293   Thumb Code     0  _printf_x.o(.ARM.Collect$$_printf_percent$$0000000C)
    _printf_lli                              0x08000299   Thumb Code     0  _printf_lli.o(.ARM.Collect$$_printf_percent$$0000000D)
    _printf_lld                              0x0800029f   Thumb Code     0  _printf_lld.o(.ARM.Collect$$_printf_percent$$0000000E)
    _printf_llu                              0x080002a5   Thumb Code     0  _printf_llu.o(.ARM.Collect$$_printf_percent$$0000000F)
    _printf_llo                              0x080002ab   Thumb Code     0  _printf_llo.o(.ARM.Collect$$_printf_percent$$00000010)
    _printf_llx                              0x080002b1   Thumb Code     0  _printf_llx.o(.ARM.Collect$$_printf_percent$$00000011)
    _printf_l                                0x080002b7   Thumb Code     0  _printf_l.o(.ARM.Collect$$_printf_percent$$00000012)
    _printf_c                                0x080002c1   Thumb Code     0  _printf_c.o(.ARM.Collect$$_printf_percent$$00000013)
    _printf_s                                0x080002c7   Thumb Code     0  _printf_s.o(.ARM.Collect$$_printf_percent$$00000014)
    _printf_lc                               0x080002cd   Thumb Code     0  _printf_lc.o(.ARM.Collect$$_printf_percent$$00000015)
    _printf_ls                               0x080002d3   Thumb Code     0  _printf_ls.o(.ARM.Collect$$_printf_percent$$00000016)
    _printf_percent_end                      0x080002d9   Thumb Code     0  _printf_percent_end.o(.ARM.Collect$$_printf_percent$$00000017)
    __rt_lib_init                            0x080002dd   Thumb Code     0  libinit.o(.ARM.Collect$$libinit$$00000000)
    __rt_lib_init_fp_1                       0x080002df   Thumb Code     0  libinit2.o(.ARM.Collect$$libinit$$00000001)
    __rt_lib_init_heap_1                     0x080002e3   Thumb Code     0  libinit2.o(.ARM.Collect$$libinit$$0000000C)
    __rt_lib_init_lc_common                  0x080002e3   Thumb Code     0  libinit2.o(.ARM.Collect$$libinit$$00000011)
    __rt_lib_init_preinit_1                  0x080002e3   Thumb Code     0  libinit2.o(.ARM.Collect$$libinit$$00000006)
    __rt_lib_init_rand_1                     0x080002e3   Thumb Code     0  libinit2.o(.ARM.Collect$$libinit$$00000010)
    __rt_lib_init_relocate_pie_1             0x080002e3   Thumb Code     0  libinit2.o(.ARM.Collect$$libinit$$00000004)
    __rt_lib_init_user_alloc_1               0x080002e3   Thumb Code     0  libinit2.o(.ARM.Collect$$libinit$$0000000E)
    __rt_lib_init_lc_collate_1               0x080002e9   Thumb Code     0  libinit2.o(.ARM.Collect$$libinit$$00000013)
    __rt_lib_init_lc_ctype_2                 0x080002e9   Thumb Code     0  libinit2.o(.ARM.Collect$$libinit$$00000014)
    __rt_lib_init_lc_ctype_1                 0x080002f5   Thumb Code     0  libinit2.o(.ARM.Collect$$libinit$$00000015)
    __rt_lib_init_lc_monetary_1              0x080002f5   Thumb Code     0  libinit2.o(.ARM.Collect$$libinit$$00000017)
    __rt_lib_init_lc_numeric_2               0x080002f5   Thumb Code     0  libinit2.o(.ARM.Collect$$libinit$$00000018)
    __rt_lib_init_alloca_1                   0x080002ff   Thumb Code     0  libinit2.o(.ARM.Collect$$libinit$$00000030)
    __rt_lib_init_argv_1                     0x080002ff   Thumb Code     0  libinit2.o(.ARM.Collect$$libinit$$0000002E)
    __rt_lib_init_atexit_1                   0x080002ff   Thumb Code     0  libinit2.o(.ARM.Collect$$libinit$$0000001D)
    __rt_lib_init_clock_1                    0x080002ff   Thumb Code     0  libinit2.o(.ARM.Collect$$libinit$$00000023)
    __rt_lib_init_cpp_1                      0x080002ff   Thumb Code     0  libinit2.o(.ARM.Collect$$libinit$$00000034)
    __rt_lib_init_exceptions_1               0x080002ff   Thumb Code     0  libinit2.o(.ARM.Collect$$libinit$$00000032)
    __rt_lib_init_fp_trap_1                  0x080002ff   Thumb Code     0  libinit2.o(.ARM.Collect$$libinit$$00000021)
    __rt_lib_init_getenv_1                   0x080002ff   Thumb Code     0  libinit2.o(.ARM.Collect$$libinit$$00000025)
    __rt_lib_init_lc_numeric_1               0x080002ff   Thumb Code     0  libinit2.o(.ARM.Collect$$libinit$$00000019)
    __rt_lib_init_lc_time_1                  0x080002ff   Thumb Code     0  libinit2.o(.ARM.Collect$$libinit$$0000001B)
    __rt_lib_init_return                     0x080002ff   Thumb Code     0  libinit2.o(.ARM.Collect$$libinit$$00000035)
    __rt_lib_init_signal_1                   0x080002ff   Thumb Code     0  libinit2.o(.ARM.Collect$$libinit$$0000001F)
    __rt_lib_init_stdio_1                    0x080002ff   Thumb Code     0  libinit2.o(.ARM.Collect$$libinit$$00000027)
    __rt_lib_shutdown                        0x08000301   Thumb Code     0  libshutdown.o(.ARM.Collect$$libshutdown$$00000000)
    __rt_lib_shutdown_cpp_1                  0x08000303   Thumb Code     0  libshutdown2.o(.ARM.Collect$$libshutdown$$00000002)
    __rt_lib_shutdown_fp_trap_1              0x08000303   Thumb Code     0  libshutdown2.o(.ARM.Collect$$libshutdown$$00000007)
    __rt_lib_shutdown_heap_1                 0x08000303   Thumb Code     0  libshutdown2.o(.ARM.Collect$$libshutdown$$0000000F)
    __rt_lib_shutdown_return                 0x08000303   Thumb Code     0  libshutdown2.o(.ARM.Collect$$libshutdown$$00000010)
    __rt_lib_shutdown_signal_1               0x08000303   Thumb Code     0  libshutdown2.o(.ARM.Collect$$libshutdown$$0000000A)
    __rt_lib_shutdown_stdio_1                0x08000303   Thumb Code     0  libshutdown2.o(.ARM.Collect$$libshutdown$$00000004)
    __rt_lib_shutdown_user_alloc_1           0x08000303   Thumb Code     0  libshutdown2.o(.ARM.Collect$$libshutdown$$0000000C)
    __rt_entry                               0x08000305   Thumb Code     0  __rtentry.o(.ARM.Collect$$rtentry$$00000000)
    __rt_entry_presh_1                       0x08000305   Thumb Code     0  __rtentry2.o(.ARM.Collect$$rtentry$$00000002)
    __rt_entry_sh                            0x08000305   Thumb Code     0  __rtentry4.o(.ARM.Collect$$rtentry$$00000004)
    __rt_entry_li                            0x0800030b   Thumb Code     0  __rtentry2.o(.ARM.Collect$$rtentry$$0000000A)
    __rt_entry_postsh_1                      0x0800030b   Thumb Code     0  __rtentry2.o(.ARM.Collect$$rtentry$$00000009)
    __rt_entry_main                          0x0800030f   Thumb Code     0  __rtentry2.o(.ARM.Collect$$rtentry$$0000000D)
    __rt_entry_postli_1                      0x0800030f   Thumb Code     0  __rtentry2.o(.ARM.Collect$$rtentry$$0000000C)
    __rt_exit                                0x08000317   Thumb Code     0  rtexit.o(.ARM.Collect$$rtexit$$00000000)
    __rt_exit_ls                             0x08000319   Thumb Code     0  rtexit2.o(.ARM.Collect$$rtexit$$00000003)
    __rt_exit_prels_1                        0x08000319   Thumb Code     0  rtexit2.o(.ARM.Collect$$rtexit$$00000002)
    __rt_exit_exit                           0x0800031d   Thumb Code     0  rtexit2.o(.ARM.Collect$$rtexit$$00000004)
    Reset_Handler                            0x08000325   Thumb Code     8  startup_stm32f429xx.o(.text)
    NMI_Handler                              0x0800032d   Thumb Code     2  startup_stm32f429xx.o(.text)
    HardFault_Handler                        0x0800032f   Thumb Code     2  startup_stm32f429xx.o(.text)
    MemManage_Handler                        0x08000331   Thumb Code     2  startup_stm32f429xx.o(.text)
    BusFault_Handler                         0x08000333   Thumb Code     2  startup_stm32f429xx.o(.text)
    UsageFault_Handler                       0x08000335   Thumb Code     2  startup_stm32f429xx.o(.text)
    SVC_Handler                              0x08000337   Thumb Code     2  startup_stm32f429xx.o(.text)
    DebugMon_Handler                         0x08000339   Thumb Code     2  startup_stm32f429xx.o(.text)
    PendSV_Handler                           0x0800033b   Thumb Code     2  startup_stm32f429xx.o(.text)
    SysTick_Handler                          0x0800033d   Thumb Code     2  startup_stm32f429xx.o(.text)
    ADC_IRQHandler                           0x0800033f   Thumb Code     0  startup_stm32f429xx.o(.text)
    CAN1_RX0_IRQHandler                      0x0800033f   Thumb Code     0  startup_stm32f429xx.o(.text)
    CAN1_RX1_IRQHandler                      0x0800033f   Thumb Code     0  startup_stm32f429xx.o(.text)
    CAN1_SCE_IRQHandler                      0x0800033f   Thumb Code     0  startup_stm32f429xx.o(.text)
    CAN1_TX_IRQHandler                       0x0800033f   Thumb Code     0  startup_stm32f429xx.o(.text)
    CAN2_RX0_IRQHandler                      0x0800033f   Thumb Code     0  startup_stm32f429xx.o(.text)
    CAN2_RX1_IRQHandler                      0x0800033f   Thumb Code     0  startup_stm32f429xx.o(.text)
    CAN2_SCE_IRQHandler                      0x0800033f   Thumb Code     0  startup_stm32f429xx.o(.text)
    CAN2_TX_IRQHandler                       0x0800033f   Thumb Code     0  startup_stm32f429xx.o(.text)
    DCMI_IRQHandler                          0x0800033f   Thumb Code     0  startup_stm32f429xx.o(.text)
    DMA1_Stream0_IRQHandler                  0x0800033f   Thumb Code     0  startup_stm32f429xx.o(.text)
    DMA1_Stream1_IRQHandler                  0x0800033f   Thumb Code     0  startup_stm32f429xx.o(.text)
    DMA1_Stream2_IRQHandler                  0x0800033f   Thumb Code     0  startup_stm32f429xx.o(.text)
    DMA1_Stream3_IRQHandler                  0x0800033f   Thumb Code     0  startup_stm32f429xx.o(.text)
    DMA1_Stream4_IRQHandler                  0x0800033f   Thumb Code     0  startup_stm32f429xx.o(.text)
    DMA1_Stream5_IRQHandler                  0x0800033f   Thumb Code     0  startup_stm32f429xx.o(.text)
    DMA1_Stream6_IRQHandler                  0x0800033f   Thumb Code     0  startup_stm32f429xx.o(.text)
    DMA1_Stream7_IRQHandler                  0x0800033f   Thumb Code     0  startup_stm32f429xx.o(.text)
    DMA2D_IRQHandler                         0x0800033f   Thumb Code     0  startup_stm32f429xx.o(.text)
    DMA2_Stream0_IRQHandler                  0x0800033f   Thumb Code     0  startup_stm32f429xx.o(.text)
    DMA2_Stream1_IRQHandler                  0x0800033f   Thumb Code     0  startup_stm32f429xx.o(.text)
    DMA2_Stream2_IRQHandler                  0x0800033f   Thumb Code     0  startup_stm32f429xx.o(.text)
    DMA2_Stream3_IRQHandler                  0x0800033f   Thumb Code     0  startup_stm32f429xx.o(.text)
    DMA2_Stream4_IRQHandler                  0x0800033f   Thumb Code     0  startup_stm32f429xx.o(.text)
    DMA2_Stream5_IRQHandler                  0x0800033f   Thumb Code     0  startup_stm32f429xx.o(.text)
    DMA2_Stream6_IRQHandler                  0x0800033f   Thumb Code     0  startup_stm32f429xx.o(.text)
    DMA2_Stream7_IRQHandler                  0x0800033f   Thumb Code     0  startup_stm32f429xx.o(.text)
    ETH_IRQHandler                           0x0800033f   Thumb Code     0  startup_stm32f429xx.o(.text)
    ETH_WKUP_IRQHandler                      0x0800033f   Thumb Code     0  startup_stm32f429xx.o(.text)
    EXTI0_IRQHandler                         0x0800033f   Thumb Code     0  startup_stm32f429xx.o(.text)
    EXTI1_IRQHandler                         0x0800033f   Thumb Code     0  startup_stm32f429xx.o(.text)
    EXTI2_IRQHandler                         0x0800033f   Thumb Code     0  startup_stm32f429xx.o(.text)
    EXTI3_IRQHandler                         0x0800033f   Thumb Code     0  startup_stm32f429xx.o(.text)
    EXTI4_IRQHandler                         0x0800033f   Thumb Code     0  startup_stm32f429xx.o(.text)
    EXTI9_5_IRQHandler                       0x0800033f   Thumb Code     0  startup_stm32f429xx.o(.text)
    FLASH_IRQHandler                         0x0800033f   Thumb Code     0  startup_stm32f429xx.o(.text)
    FMC_IRQHandler                           0x0800033f   Thumb Code     0  startup_stm32f429xx.o(.text)
    FPU_IRQHandler                           0x0800033f   Thumb Code     0  startup_stm32f429xx.o(.text)
    HASH_RNG_IRQHandler                      0x0800033f   Thumb Code     0  startup_stm32f429xx.o(.text)
    I2C1_ER_IRQHandler                       0x0800033f   Thumb Code     0  startup_stm32f429xx.o(.text)
    I2C1_EV_IRQHandler                       0x0800033f   Thumb Code     0  startup_stm32f429xx.o(.text)
    I2C2_ER_IRQHandler                       0x0800033f   Thumb Code     0  startup_stm32f429xx.o(.text)
    I2C2_EV_IRQHandler                       0x0800033f   Thumb Code     0  startup_stm32f429xx.o(.text)
    I2C3_ER_IRQHandler                       0x0800033f   Thumb Code     0  startup_stm32f429xx.o(.text)
    I2C3_EV_IRQHandler                       0x0800033f   Thumb Code     0  startup_stm32f429xx.o(.text)
    LTDC_ER_IRQHandler                       0x0800033f   Thumb Code     0  startup_stm32f429xx.o(.text)
    LTDC_IRQHandler                          0x0800033f   Thumb Code     0  startup_stm32f429xx.o(.text)
    OTG_FS_IRQHandler                        0x0800033f   Thumb Code     0  startup_stm32f429xx.o(.text)
    OTG_FS_WKUP_IRQHandler                   0x0800033f   Thumb Code     0  startup_stm32f429xx.o(.text)
    OTG_HS_EP1_IN_IRQHandler                 0x0800033f   Thumb Code     0  startup_stm32f429xx.o(.text)
    OTG_HS_EP1_OUT_IRQHandler                0x0800033f   Thumb Code     0  startup_stm32f429xx.o(.text)
    OTG_HS_IRQHandler                        0x0800033f   Thumb Code     0  startup_stm32f429xx.o(.text)
    OTG_HS_WKUP_IRQHandler                   0x0800033f   Thumb Code     0  startup_stm32f429xx.o(.text)
    PVD_IRQHandler                           0x0800033f   Thumb Code     0  startup_stm32f429xx.o(.text)
    RCC_IRQHandler                           0x0800033f   Thumb Code     0  startup_stm32f429xx.o(.text)
    RTC_Alarm_IRQHandler                     0x0800033f   Thumb Code     0  startup_stm32f429xx.o(.text)
    RTC_WKUP_IRQHandler                      0x0800033f   Thumb Code     0  startup_stm32f429xx.o(.text)
    SAI1_IRQHandler                          0x0800033f   Thumb Code     0  startup_stm32f429xx.o(.text)
    SDIO_IRQHandler                          0x0800033f   Thumb Code     0  startup_stm32f429xx.o(.text)
    SPI1_IRQHandler                          0x0800033f   Thumb Code     0  startup_stm32f429xx.o(.text)
    SPI2_IRQHandler                          0x0800033f   Thumb Code     0  startup_stm32f429xx.o(.text)
    SPI3_IRQHandler                          0x0800033f   Thumb Code     0  startup_stm32f429xx.o(.text)
    SPI4_IRQHandler                          0x0800033f   Thumb Code     0  startup_stm32f429xx.o(.text)
    SPI5_IRQHandler                          0x0800033f   Thumb Code     0  startup_stm32f429xx.o(.text)
    SPI6_IRQHandler                          0x0800033f   Thumb Code     0  startup_stm32f429xx.o(.text)
    TAMP_STAMP_IRQHandler                    0x0800033f   Thumb Code     0  startup_stm32f429xx.o(.text)
    TIM1_BRK_TIM9_IRQHandler                 0x0800033f   Thumb Code     0  startup_stm32f429xx.o(.text)
    TIM1_CC_IRQHandler                       0x0800033f   Thumb Code     0  startup_stm32f429xx.o(.text)
    TIM1_TRG_COM_TIM11_IRQHandler            0x0800033f   Thumb Code     0  startup_stm32f429xx.o(.text)
    TIM1_UP_TIM10_IRQHandler                 0x0800033f   Thumb Code     0  startup_stm32f429xx.o(.text)
    TIM2_IRQHandler                          0x0800033f   Thumb Code     0  startup_stm32f429xx.o(.text)
    TIM3_IRQHandler                          0x0800033f   Thumb Code     0  startup_stm32f429xx.o(.text)
    TIM4_IRQHandler                          0x0800033f   Thumb Code     0  startup_stm32f429xx.o(.text)
    TIM5_IRQHandler                          0x0800033f   Thumb Code     0  startup_stm32f429xx.o(.text)
    TIM7_IRQHandler                          0x0800033f   Thumb Code     0  startup_stm32f429xx.o(.text)
    TIM8_BRK_TIM12_IRQHandler                0x0800033f   Thumb Code     0  startup_stm32f429xx.o(.text)
    TIM8_CC_IRQHandler                       0x0800033f   Thumb Code     0  startup_stm32f429xx.o(.text)
    TIM8_TRG_COM_TIM14_IRQHandler            0x0800033f   Thumb Code     0  startup_stm32f429xx.o(.text)
    TIM8_UP_TIM13_IRQHandler                 0x0800033f   Thumb Code     0  startup_stm32f429xx.o(.text)
    UART4_IRQHandler                         0x0800033f   Thumb Code     0  startup_stm32f429xx.o(.text)
    UART5_IRQHandler                         0x0800033f   Thumb Code     0  startup_stm32f429xx.o(.text)
    UART7_IRQHandler                         0x0800033f   Thumb Code     0  startup_stm32f429xx.o(.text)
    UART8_IRQHandler                         0x0800033f   Thumb Code     0  startup_stm32f429xx.o(.text)
    USART1_IRQHandler                        0x0800033f   Thumb Code     0  startup_stm32f429xx.o(.text)
    USART2_IRQHandler                        0x0800033f   Thumb Code     0  startup_stm32f429xx.o(.text)
    USART3_IRQHandler                        0x0800033f   Thumb Code     0  startup_stm32f429xx.o(.text)
    USART6_IRQHandler                        0x0800033f   Thumb Code     0  startup_stm32f429xx.o(.text)
    WWDG_IRQHandler                          0x0800033f   Thumb Code     0  startup_stm32f429xx.o(.text)
    __user_initial_stackheap                 0x08000341   Thumb Code     0  startup_stm32f429xx.o(.text)
    sprintf                                  0x08000365   Thumb Code    38  sprintf.o(.text)
    __use_two_region_memory                  0x08000391   Thumb Code     2  heapauxi.o(.text)
    __rt_heap_escrow$2region                 0x08000393   Thumb Code     2  heapauxi.o(.text)
    __rt_heap_expand$2region                 0x08000395   Thumb Code     2  heapauxi.o(.text)
    _printf_pre_padding                      0x08000397   Thumb Code    44  _printf_pad.o(.text)
    _printf_post_padding                     0x080003c3   Thumb Code    34  _printf_pad.o(.text)
    _printf_truncate_signed                  0x080003e5   Thumb Code    18  _printf_truncate.o(.text)
    _printf_truncate_unsigned                0x080003f7   Thumb Code    18  _printf_truncate.o(.text)
    _printf_str                              0x08000409   Thumb Code    82  _printf_str.o(.text)
    _printf_int_dec                          0x0800045d   Thumb Code   104  _printf_dec.o(.text)
    _printf_charcount                        0x080004d5   Thumb Code    40  _printf_charcount.o(.text)
    _printf_char_common                      0x08000507   Thumb Code    32  _printf_char_common.o(.text)
    _sputc                                   0x0800052d   Thumb Code    10  _sputc.o(.text)
    _printf_wctomb                           0x08000539   Thumb Code   182  _printf_wctomb.o(.text)
    _printf_longlong_dec                     0x080005f5   Thumb Code   108  _printf_longlong_dec.o(.text)
    _printf_longlong_oct                     0x08000671   Thumb Code    68  _printf_oct_int_ll.o(.text)
    _printf_int_oct                          0x080006b5   Thumb Code    24  _printf_oct_int_ll.o(.text)
    _printf_ll_oct                           0x080006cd   Thumb Code    12  _printf_oct_int_ll.o(.text)
    _printf_longlong_hex                     0x080006e1   Thumb Code    86  _printf_hex_int_ll_ptr.o(.text)
    _printf_int_hex                          0x08000737   Thumb Code    28  _printf_hex_int_ll_ptr.o(.text)
    _printf_ll_hex                           0x08000753   Thumb Code    12  _printf_hex_int_ll_ptr.o(.text)
    _printf_hex_ptr                          0x0800075f   Thumb Code    18  _printf_hex_int_ll_ptr.o(.text)
    __printf                                 0x08000775   Thumb Code   388  __printf_flags_ss_wp.o(.text)
    _ll_udiv10                               0x080008fd   Thumb Code   138  lludiv10.o(.text)
    _printf_int_common                       0x08000987   Thumb Code   178  _printf_intcommon.o(.text)
    _printf_fp_dec_real                      0x08000be9   Thumb Code   620  _printf_fp_dec.o(.text)
    _printf_fp_hex_real                      0x08000e55   Thumb Code   756  _printf_fp_hex.o(.text)
    _printf_cs_common                        0x08001151   Thumb Code    20  _printf_char.o(.text)
    _printf_char                             0x08001165   Thumb Code    16  _printf_char.o(.text)
    _printf_string                           0x08001175   Thumb Code     8  _printf_char.o(.text)
    _printf_lcs_common                       0x0800117d   Thumb Code    20  _printf_wchar.o(.text)
    _printf_wchar                            0x08001191   Thumb Code    16  _printf_wchar.o(.text)
    _printf_wstring                          0x080011a1   Thumb Code     8  _printf_wchar.o(.text)
    _c16rtomb                                0x080011a9   Thumb Code    72  _c16rtomb.o(.text)
    _wcrtomb                                 0x080011a9   Thumb Code     0  _c16rtomb.o(.text)
    __user_setup_stackheap                   0x080011f1   Thumb Code    74  sys_stackheap_outer.o(.text)
    __rt_ctype_table                         0x0800123d   Thumb Code    16  rt_ctype_table.o(.text)
    __rt_locale                              0x0800124d   Thumb Code     8  rt_locale_intlibspace.o(.text)
    _printf_fp_infnan                        0x08001255   Thumb Code   112  _printf_fp_infnan.o(.text)
    _btod_etento                             0x080012d5   Thumb Code   224  bigflt0.o(.text)
    exit                                     0x080013b9   Thumb Code    18  exit.o(.text)
    __user_libspace                          0x080013cd   Thumb Code     8  libspace.o(.text)
    __user_perproc_libspace                  0x080013cd   Thumb Code     0  libspace.o(.text)
    __user_perthread_libspace                0x080013cd   Thumb Code     0  libspace.o(.text)
    strcmp                                   0x080013d9   Thumb Code   124  strcmpv7em.o(.text)
    _sys_exit                                0x08001455   Thumb Code     8  sys_exit.o(.text)
    __I$use$semihosting                      0x08001461   Thumb Code     0  use_no_semi.o(.text)
    __use_no_semihosting_swi                 0x08001461   Thumb Code     2  use_no_semi.o(.text)
    __semihosting_library_function           0x08001463   Thumb Code     0  indicate_semi.o(.text)
    EXTI15_10_IRQHandler                     0x08001465   Thumb Code    70  btnint.o(.text.EXTI15_10_IRQHandler)
    Init_LED                                 0x080014ad   Thumb Code    40  btnint.o(.text.Init_LED)
    Init_Switch                              0x080014d5   Thumb Code   120  btnint.o(.text.Init_Switch)
    Init_Timer6                              0x0800154d   Thumb Code   120  btnint.o(.text.Init_Timer6)
    LCD_BF_check                             0x080015c5   Thumb Code    82  lcd.o(.text.LCD_BF_check)
    LCD_PIN_MODE                             0x08001619   Thumb Code   194  lcd.o(.text.LCD_PIN_MODE)
    LCD_PIN_clear                            0x080016dd   Thumb Code   130  lcd.o(.text.LCD_PIN_clear)
    LCD_PIN_set                              0x08001761   Thumb Code   130  lcd.o(.text.LCD_PIN_set)
    LCD_clear                                0x080017e5   Thumb Code    16  lcd.o(.text.LCD_clear)
    LCD_init                                 0x080017f5   Thumb Code   142  lcd.o(.text.LCD_init)
    LCD_place_cursor                         0x08001885   Thumb Code   314  lcd.o(.text.LCD_place_cursor)
    LCD_port_init                            0x080019c1   Thumb Code   146  lcd.o(.text.LCD_port_init)
    LCD_sendData                             0x08001a55   Thumb Code   298  lcd.o(.text.LCD_sendData)
    LCD_sendInstr                            0x08001b81   Thumb Code   160  lcd.o(.text.LCD_sendInstr)
    LCD_send_String                          0x08001c21   Thumb Code    48  lcd.o(.text.LCD_send_String)
    LCD_send_floatString                     0x08001c51   Thumb Code    94  lcd.o(.text.LCD_send_floatString)
    LCD_send_intString                       0x08001cb1   Thumb Code    72  lcd.o(.text.LCD_send_intString)
    LCD_setup                                0x08001cf9   Thumb Code    12  lcd.o(.text.LCD_setup)
    LED_Off                                  0x08001d05   Thumb Code    30  btnint.o(.text.LED_Off)
    LED_On                                   0x08001d25   Thumb Code    30  btnint.o(.text.LED_On)
    SystemInit                               0x08001d45   Thumb Code    18  system_stm32f4xx.o(.text.SystemInit)
    TIM6_DAC_IRQHandler                      0x08001d59   Thumb Code   424  btnint.o(.text.TIM6_DAC_IRQHandler)
    main                                     0x08001fa5   Thumb Code   292  btnint.o(.text.main)
    _btod_d2e                                0x080020cd   Thumb Code    62  btod.o(CL$$btod_d2e)
    _d2e_denorm_low                          0x0800210b   Thumb Code    70  btod.o(CL$$btod_d2e_denorm_low)
    _d2e_norm_op1                            0x08002151   Thumb Code    96  btod.o(CL$$btod_d2e_norm_op1)
    __btod_div_common                        0x080021b1   Thumb Code   696  btod.o(CL$$btod_div_common)
    _e2e                                     0x080024e9   Thumb Code   220  btod.o(CL$$btod_e2e)
    _btod_ediv                               0x080025c5   Thumb Code    42  btod.o(CL$$btod_ediv)
    _btod_emul                               0x080025ef   Thumb Code    42  btod.o(CL$$btod_emul)
    __btod_mult_common                       0x08002619   Thumb Code   580  btod.o(CL$$btod_mult_common)
    __ARM_fpclassify                         0x0800285d   Thumb Code    48  fpclassify.o(i.__ARM_fpclassify)
    _is_digit                                0x0800288d   Thumb Code    14  __printf_wp.o(i._is_digit)
    _get_lc_numeric                          0x0800289d   Thumb Code    44  lc_numeric_c.o(locale$$code)
    _get_lc_ctype                            0x080028c9   Thumb Code    44  lc_ctype_c.o(locale$$code)
    __fpl_dretinf                            0x080028f5   Thumb Code    12  dretinf.o(x$fpl$dretinf)
    __aeabi_f2d                              0x08002901   Thumb Code     0  f2d.o(x$fpl$f2d)
    _f2d                                     0x08002901   Thumb Code    86  f2d.o(x$fpl$f2d)
    __fpl_fnaninf                            0x08002957   Thumb Code   140  fnaninf.o(x$fpl$fnaninf)
    _fp_init                                 0x080029e3   Thumb Code    26  fpinit.o(x$fpl$fpinit)
    __fplib_config_fpu_vfp                   0x080029fb   Thumb Code     0  fpinit.o(x$fpl$fpinit)
    __fplib_config_pureend_doubles           0x080029fb   Thumb Code     0  fpinit.o(x$fpl$fpinit)
    _printf_fp_dec                           0x080029fd   Thumb Code     4  printf1.o(x$fpl$printf1)
    _printf_fp_hex                           0x08002a01   Thumb Code     4  printf2.o(x$fpl$printf2)
    __I$use$fp                               0x08002a04   Number         0  usenofp.o(x$fpl$usenofp)
    Region$$Table$$Base                      0x08002b14   Number         0  anon$$obj.o(Region$$Table)
    Region$$Table$$Limit                     0x08002b34   Number         0  anon$$obj.o(Region$$Table)
    __ctype                                  0x08002b5d   Data           0  lc_ctype_c.o(locale$$data)
    Countup                                  0x20000000   Data           4  btnint.o(.data.Countup)
    count                                    0x20000004   Data           4  btnint.o(.data.count)
    test1                                    0x20000008   Data           1  btnint.o(.data.test1)
    __libspace_start                         0x20000010   Data          96  libspace.o(.bss)
    Bit0                                     0x20000070   Data           4  btnint.o(.bss.Bit0)
    __temporary_stack_top$libspace           0x20000070   Data           0  libspace.o(.bss)
    Bit1                                     0x20000074   Data           4  btnint.o(.bss.Bit1)
    Bit2                                     0x20000078   Data           4  btnint.o(.bss.Bit2)
    Downcount_Delay                          0x2000007c   Data           4  btnint.o(.bss.Downcount_Delay)
    b0                                       0x20000080   Data           4  btnint.o(.bss.b0)
    b1                                       0x20000084   Data           4  btnint.o(.bss.b1)
    b2                                       0x20000088   Data           4  btnint.o(.bss.b2)
    b3                                       0x2000008c   Data           4  btnint.o(.bss.b3)
    one1                                     0x20000090   Data           4  btnint.o(.bss.one1)
    one2                                     0x20000094   Data           4  btnint.o(.bss.one2)



==============================================================================

Memory Map of the image

  Image Entry point : 0x080001ad

  Load Region LR_IROM1 (Base: 0x08000000, Size: 0x00002c70, Max: 0x00200000, ABSOLUTE)

    Execution Region ER_IROM1 (Exec base: 0x08000000, Load base: 0x08000000, Size: 0x00002c60, Max: 0x00200000, ABSOLUTE)

    Exec Addr    Load Addr    Size         Type   Attr      Idx    E Section Name        Object

    0x08000000   0x08000000   0x000001ac   Data   RO           85    RESET               startup_stm32f429xx.o
    0x080001ac   0x080001ac   0x00000008   Code   RO          112  * !!!main             c_w.l(__main.o)
    0x080001b4   0x080001b4   0x0000005c   Code   RO          455    !!!scatter          c_w.l(__scatter.o)
    0x08000210   0x08000210   0x0000001a   Code   RO          459    !!handler_copy      c_w.l(__scatter_copy.o)
    0x0800022a   0x0800022a   0x00000002   PAD
    0x0800022c   0x0800022c   0x00000002   Code   RO          456    !!handler_null      c_w.l(__scatter.o)
    0x0800022e   0x0800022e   0x00000002   PAD
    0x08000230   0x08000230   0x0000001c   Code   RO          461    !!handler_zi        c_w.l(__scatter_zi.o)
    0x0800024c   0x0800024c   0x00000000   Code   RO          198    .ARM.Collect$$_printf_percent$$00000000  c_w.l(_printf_percent.o)
    0x0800024c   0x0800024c   0x00000006   Code   RO          187    .ARM.Collect$$_printf_percent$$00000001  c_w.l(_printf_n.o)
    0x08000252   0x08000252   0x00000006   Code   RO          189    .ARM.Collect$$_printf_percent$$00000002  c_w.l(_printf_p.o)
    0x08000258   0x08000258   0x00000006   Code   RO          194    .ARM.Collect$$_printf_percent$$00000003  c_w.l(_printf_f.o)
    0x0800025e   0x0800025e   0x00000006   Code   RO          195    .ARM.Collect$$_printf_percent$$00000004  c_w.l(_printf_e.o)
    0x08000264   0x08000264   0x00000006   Code   RO          196    .ARM.Collect$$_printf_percent$$00000005  c_w.l(_printf_g.o)
    0x0800026a   0x0800026a   0x00000006   Code   RO          197    .ARM.Collect$$_printf_percent$$00000006  c_w.l(_printf_a.o)
    0x08000270   0x08000270   0x0000000a   Code   RO          202    .ARM.Collect$$_printf_percent$$00000007  c_w.l(_printf_ll.o)
    0x0800027a   0x0800027a   0x00000006   Code   RO          191    .ARM.Collect$$_printf_percent$$00000008  c_w.l(_printf_i.o)
    0x08000280   0x08000280   0x00000006   Code   RO          192    .ARM.Collect$$_printf_percent$$00000009  c_w.l(_printf_d.o)
    0x08000286   0x08000286   0x00000006   Code   RO          193    .ARM.Collect$$_printf_percent$$0000000A  c_w.l(_printf_u.o)
    0x0800028c   0x0800028c   0x00000006   Code   RO          190    .ARM.Collect$$_printf_percent$$0000000B  c_w.l(_printf_o.o)
    0x08000292   0x08000292   0x00000006   Code   RO          188    .ARM.Collect$$_printf_percent$$0000000C  c_w.l(_printf_x.o)
    0x08000298   0x08000298   0x00000006   Code   RO          199    .ARM.Collect$$_printf_percent$$0000000D  c_w.l(_printf_lli.o)
    0x0800029e   0x0800029e   0x00000006   Code   RO          200    .ARM.Collect$$_printf_percent$$0000000E  c_w.l(_printf_lld.o)
    0x080002a4   0x080002a4   0x00000006   Code   RO          201    .ARM.Collect$$_printf_percent$$0000000F  c_w.l(_printf_llu.o)
    0x080002aa   0x080002aa   0x00000006   Code   RO          206    .ARM.Collect$$_printf_percent$$00000010  c_w.l(_printf_llo.o)
    0x080002b0   0x080002b0   0x00000006   Code   RO          207    .ARM.Collect$$_printf_percent$$00000011  c_w.l(_printf_llx.o)
    0x080002b6   0x080002b6   0x0000000a   Code   RO          203    .ARM.Collect$$_printf_percent$$00000012  c_w.l(_printf_l.o)
    0x080002c0   0x080002c0   0x00000006   Code   RO          185    .ARM.Collect$$_printf_percent$$00000013  c_w.l(_printf_c.o)
    0x080002c6   0x080002c6   0x00000006   Code   RO          186    .ARM.Collect$$_printf_percent$$00000014  c_w.l(_printf_s.o)
    0x080002cc   0x080002cc   0x00000006   Code   RO          204    .ARM.Collect$$_printf_percent$$00000015  c_w.l(_printf_lc.o)
    0x080002d2   0x080002d2   0x00000006   Code   RO          205    .ARM.Collect$$_printf_percent$$00000016  c_w.l(_printf_ls.o)
    0x080002d8   0x080002d8   0x00000004   Code   RO          253    .ARM.Collect$$_printf_percent$$00000017  c_w.l(_printf_percent_end.o)
    0x080002dc   0x080002dc   0x00000002   Code   RO          304    .ARM.Collect$$libinit$$00000000  c_w.l(libinit.o)
    0x080002de   0x080002de   0x00000004   Code   RO          321    .ARM.Collect$$libinit$$00000001  c_w.l(libinit2.o)
    0x080002e2   0x080002e2   0x00000000   Code   RO          324    .ARM.Collect$$libinit$$00000004  c_w.l(libinit2.o)
    0x080002e2   0x080002e2   0x00000000   Code   RO          326    .ARM.Collect$$libinit$$00000006  c_w.l(libinit2.o)
    0x080002e2   0x080002e2   0x00000000   Code   RO          329    .ARM.Collect$$libinit$$0000000C  c_w.l(libinit2.o)
    0x080002e2   0x080002e2   0x00000000   Code   RO          331    .ARM.Collect$$libinit$$0000000E  c_w.l(libinit2.o)
    0x080002e2   0x080002e2   0x00000000   Code   RO          333    .ARM.Collect$$libinit$$00000010  c_w.l(libinit2.o)
    0x080002e2   0x080002e2   0x00000006   Code   RO          334    .ARM.Collect$$libinit$$00000011  c_w.l(libinit2.o)
    0x080002e8   0x080002e8   0x00000000   Code   RO          336    .ARM.Collect$$libinit$$00000013  c_w.l(libinit2.o)
    0x080002e8   0x080002e8   0x0000000c   Code   RO          337    .ARM.Collect$$libinit$$00000014  c_w.l(libinit2.o)
    0x080002f4   0x080002f4   0x00000000   Code   RO          338    .ARM.Collect$$libinit$$00000015  c_w.l(libinit2.o)
    0x080002f4   0x080002f4   0x00000000   Code   RO          340    .ARM.Collect$$libinit$$00000017  c_w.l(libinit2.o)
    0x080002f4   0x080002f4   0x0000000a   Code   RO          341    .ARM.Collect$$libinit$$00000018  c_w.l(libinit2.o)
    0x080002fe   0x080002fe   0x00000000   Code   RO          342    .ARM.Collect$$libinit$$00000019  c_w.l(libinit2.o)
    0x080002fe   0x080002fe   0x00000000   Code   RO          344    .ARM.Collect$$libinit$$0000001B  c_w.l(libinit2.o)
    0x080002fe   0x080002fe   0x00000000   Code   RO          346    .ARM.Collect$$libinit$$0000001D  c_w.l(libinit2.o)
    0x080002fe   0x080002fe   0x00000000   Code   RO          348    .ARM.Collect$$libinit$$0000001F  c_w.l(libinit2.o)
    0x080002fe   0x080002fe   0x00000000   Code   RO          350    .ARM.Collect$$libinit$$00000021  c_w.l(libinit2.o)
    0x080002fe   0x080002fe   0x00000000   Code   RO          352    .ARM.Collect$$libinit$$00000023  c_w.l(libinit2.o)
    0x080002fe   0x080002fe   0x00000000   Code   RO          354    .ARM.Collect$$libinit$$00000025  c_w.l(libinit2.o)
    0x080002fe   0x080002fe   0x00000000   Code   RO          356    .ARM.Collect$$libinit$$00000027  c_w.l(libinit2.o)
    0x080002fe   0x080002fe   0x00000000   Code   RO          360    .ARM.Collect$$libinit$$0000002E  c_w.l(libinit2.o)
    0x080002fe   0x080002fe   0x00000000   Code   RO          362    .ARM.Collect$$libinit$$00000030  c_w.l(libinit2.o)
    0x080002fe   0x080002fe   0x00000000   Code   RO          364    .ARM.Collect$$libinit$$00000032  c_w.l(libinit2.o)
    0x080002fe   0x080002fe   0x00000000   Code   RO          366    .ARM.Collect$$libinit$$00000034  c_w.l(libinit2.o)
    0x080002fe   0x080002fe   0x00000002   Code   RO          367    .ARM.Collect$$libinit$$00000035  c_w.l(libinit2.o)
    0x08000300   0x08000300   0x00000002   Code   RO          391    .ARM.Collect$$libshutdown$$00000000  c_w.l(libshutdown.o)
    0x08000302   0x08000302   0x00000000   Code   RO          406    .ARM.Collect$$libshutdown$$00000002  c_w.l(libshutdown2.o)
    0x08000302   0x08000302   0x00000000   Code   RO          408    .ARM.Collect$$libshutdown$$00000004  c_w.l(libshutdown2.o)
    0x08000302   0x08000302   0x00000000   Code   RO          411    .ARM.Collect$$libshutdown$$00000007  c_w.l(libshutdown2.o)
    0x08000302   0x08000302   0x00000000   Code   RO          414    .ARM.Collect$$libshutdown$$0000000A  c_w.l(libshutdown2.o)
    0x08000302   0x08000302   0x00000000   Code   RO          416    .ARM.Collect$$libshutdown$$0000000C  c_w.l(libshutdown2.o)
    0x08000302   0x08000302   0x00000000   Code   RO          419    .ARM.Collect$$libshutdown$$0000000F  c_w.l(libshutdown2.o)
    0x08000302   0x08000302   0x00000002   Code   RO          420    .ARM.Collect$$libshutdown$$00000010  c_w.l(libshutdown2.o)
    0x08000304   0x08000304   0x00000000   Code   RO          116    .ARM.Collect$$rtentry$$00000000  c_w.l(__rtentry.o)
    0x08000304   0x08000304   0x00000000   Code   RO          222    .ARM.Collect$$rtentry$$00000002  c_w.l(__rtentry2.o)
    0x08000304   0x08000304   0x00000006   Code   RO          234    .ARM.Collect$$rtentry$$00000004  c_w.l(__rtentry4.o)
    0x0800030a   0x0800030a   0x00000000   Code   RO          224    .ARM.Collect$$rtentry$$00000009  c_w.l(__rtentry2.o)
    0x0800030a   0x0800030a   0x00000004   Code   RO          225    .ARM.Collect$$rtentry$$0000000A  c_w.l(__rtentry2.o)
    0x0800030e   0x0800030e   0x00000000   Code   RO          227    .ARM.Collect$$rtentry$$0000000C  c_w.l(__rtentry2.o)
    0x0800030e   0x0800030e   0x00000008   Code   RO          228    .ARM.Collect$$rtentry$$0000000D  c_w.l(__rtentry2.o)
    0x08000316   0x08000316   0x00000002   Code   RO          312    .ARM.Collect$$rtexit$$00000000  c_w.l(rtexit.o)
    0x08000318   0x08000318   0x00000000   Code   RO          369    .ARM.Collect$$rtexit$$00000002  c_w.l(rtexit2.o)
    0x08000318   0x08000318   0x00000004   Code   RO          370    .ARM.Collect$$rtexit$$00000003  c_w.l(rtexit2.o)
    0x0800031c   0x0800031c   0x00000006   Code   RO          371    .ARM.Collect$$rtexit$$00000004  c_w.l(rtexit2.o)
    0x08000322   0x08000322   0x00000002   PAD
    0x08000324   0x08000324   0x00000040   Code   RO           86    .text               startup_stm32f429xx.o
    0x08000364   0x08000364   0x0000002c   Code   RO          108    .text               c_w.l(sprintf.o)
    0x08000390   0x08000390   0x00000006   Code   RO          110    .text               c_w.l(heapauxi.o)
    0x08000396   0x08000396   0x0000004e   Code   RO          119    .text               c_w.l(_printf_pad.o)
    0x080003e4   0x080003e4   0x00000024   Code   RO          121    .text               c_w.l(_printf_truncate.o)
    0x08000408   0x08000408   0x00000052   Code   RO          123    .text               c_w.l(_printf_str.o)
    0x0800045a   0x0800045a   0x00000002   PAD
    0x0800045c   0x0800045c   0x00000078   Code   RO          125    .text               c_w.l(_printf_dec.o)
    0x080004d4   0x080004d4   0x00000028   Code   RO          127    .text               c_w.l(_printf_charcount.o)
    0x080004fc   0x080004fc   0x00000030   Code   RO          129    .text               c_w.l(_printf_char_common.o)
    0x0800052c   0x0800052c   0x0000000a   Code   RO          131    .text               c_w.l(_sputc.o)
    0x08000536   0x08000536   0x00000002   PAD
    0x08000538   0x08000538   0x000000bc   Code   RO          133    .text               c_w.l(_printf_wctomb.o)
    0x080005f4   0x080005f4   0x0000007c   Code   RO          136    .text               c_w.l(_printf_longlong_dec.o)
    0x08000670   0x08000670   0x00000070   Code   RO          142    .text               c_w.l(_printf_oct_int_ll.o)
    0x080006e0   0x080006e0   0x00000094   Code   RO          162    .text               c_w.l(_printf_hex_int_ll_ptr.o)
    0x08000774   0x08000774   0x00000188   Code   RO          182    .text               c_w.l(__printf_flags_ss_wp.o)
    0x080008fc   0x080008fc   0x0000008a   Code   RO          236    .text               c_w.l(lludiv10.o)
    0x08000986   0x08000986   0x000000b2   Code   RO          238    .text               c_w.l(_printf_intcommon.o)
    0x08000a38   0x08000a38   0x0000041c   Code   RO          240    .text               c_w.l(_printf_fp_dec.o)
    0x08000e54   0x08000e54   0x000002fc   Code   RO          244    .text               c_w.l(_printf_fp_hex.o)
    0x08001150   0x08001150   0x0000002c   Code   RO          249    .text               c_w.l(_printf_char.o)
    0x0800117c   0x0800117c   0x0000002c   Code   RO          251    .text               c_w.l(_printf_wchar.o)
    0x080011a8   0x080011a8   0x00000048   Code   RO          254    .text               c_w.l(_c16rtomb.o)
    0x080011f0   0x080011f0   0x0000004a   Code   RO          256    .text               c_w.l(sys_stackheap_outer.o)
    0x0800123a   0x0800123a   0x00000002   PAD
    0x0800123c   0x0800123c   0x00000010   Code   RO          258    .text               c_w.l(rt_ctype_table.o)
    0x0800124c   0x0800124c   0x00000008   Code   RO          263    .text               c_w.l(rt_locale_intlibspace.o)
    0x08001254   0x08001254   0x00000080   Code   RO          265    .text               c_w.l(_printf_fp_infnan.o)
    0x080012d4   0x080012d4   0x000000e4   Code   RO          267    .text               c_w.l(bigflt0.o)
    0x080013b8   0x080013b8   0x00000012   Code   RO          297    .text               c_w.l(exit.o)
    0x080013ca   0x080013ca   0x00000002   PAD
    0x080013cc   0x080013cc   0x00000008   Code   RO          309    .text               c_w.l(libspace.o)
    0x080013d4   0x080013d4   0x00000004   PAD
    0x080013d8   0x080013d8   0x0000007c   Code   RO          319    .text               c_w.l(strcmpv7em.o)
    0x08001454   0x08001454   0x0000000c   Code   RO          381    .text               c_w.l(sys_exit.o)
    0x08001460   0x08001460   0x00000002   Code   RO          396    .text               c_w.l(use_no_semi.o)
    0x08001462   0x08001462   0x00000000   Code   RO          398    .text               c_w.l(indicate_semi.o)
    0x08001462   0x08001462   0x00000002   PAD
    0x08001464   0x08001464   0x00000046   Code   RO           12    .text.EXTI15_10_IRQHandler  btnint.o
    0x080014aa   0x080014aa   0x00000002   PAD
    0x080014ac   0x080014ac   0x00000028   Code   RO            2    .text.Init_LED      btnint.o
    0x080014d4   0x080014d4   0x00000078   Code   RO            4    .text.Init_Switch   btnint.o
    0x0800154c   0x0800154c   0x00000078   Code   RO           14    .text.Init_Timer6   btnint.o
    0x080015c4   0x080015c4   0x00000052   Code   RO           54    .text.LCD_BF_check  lcd.o
    0x08001616   0x08001616   0x00000002   PAD
    0x08001618   0x08001618   0x000000c2   Code   RO           52    .text.LCD_PIN_MODE  lcd.o
    0x080016da   0x080016da   0x00000002   PAD
    0x080016dc   0x080016dc   0x00000082   Code   RO           48    .text.LCD_PIN_clear  lcd.o
    0x0800175e   0x0800175e   0x00000002   PAD
    0x08001760   0x08001760   0x00000082   Code   RO           50    .text.LCD_PIN_set   lcd.o
    0x080017e2   0x080017e2   0x00000002   PAD
    0x080017e4   0x080017e4   0x00000010   Code   RO           66    .text.LCD_clear     lcd.o
    0x080017f4   0x080017f4   0x0000008e   Code   RO           60    .text.LCD_init      lcd.o
    0x08001882   0x08001882   0x00000002   PAD
    0x08001884   0x08001884   0x0000013a   Code   RO           74    .text.LCD_place_cursor  lcd.o
    0x080019be   0x080019be   0x00000002   PAD
    0x080019c0   0x080019c0   0x00000092   Code   RO           58    .text.LCD_port_init  lcd.o
    0x08001a52   0x08001a52   0x00000002   PAD
    0x08001a54   0x08001a54   0x0000012a   Code   RO           64    .text.LCD_sendData  lcd.o
    0x08001b7e   0x08001b7e   0x00000002   PAD
    0x08001b80   0x08001b80   0x000000a0   Code   RO           62    .text.LCD_sendInstr  lcd.o
    0x08001c20   0x08001c20   0x00000030   Code   RO           68    .text.LCD_send_String  lcd.o
    0x08001c50   0x08001c50   0x0000005e   Code   RO           72    .text.LCD_send_floatString  lcd.o
    0x08001cae   0x08001cae   0x00000002   PAD
    0x08001cb0   0x08001cb0   0x00000048   Code   RO           70    .text.LCD_send_intString  lcd.o
    0x08001cf8   0x08001cf8   0x0000000c   Code   RO           56    .text.LCD_setup     lcd.o
    0x08001d04   0x08001d04   0x0000001e   Code   RO           20    .text.LED_Off       btnint.o
    0x08001d22   0x08001d22   0x00000002   PAD
    0x08001d24   0x08001d24   0x0000001e   Code   RO           18    .text.LED_On        btnint.o
    0x08001d42   0x08001d42   0x00000002   PAD
    0x08001d44   0x08001d44   0x00000012   Code   RO           93    .text.SystemInit    system_stm32f4xx.o
    0x08001d56   0x08001d56   0x00000002   PAD
    0x08001d58   0x08001d58   0x000001a8   Code   RO           16    .text.TIM6_DAC_IRQHandler  btnint.o
    0x08001f00   0x08001f00   0x00000030   Code   RO            8    .text.__NVIC_ClearPendingIRQ  btnint.o
    0x08001f30   0x08001f30   0x00000030   Code   RO           10    .text.__NVIC_EnableIRQ  btnint.o
    0x08001f60   0x08001f60   0x00000042   Code   RO            6    .text.__NVIC_SetPriority  btnint.o
    0x08001fa2   0x08001fa2   0x00000002   PAD
    0x08001fa4   0x08001fa4   0x00000128   Code   RO           24    .text.main          btnint.o
    0x080020cc   0x080020cc   0x0000003e   Code   RO          270    CL$$btod_d2e        c_w.l(btod.o)
    0x0800210a   0x0800210a   0x00000046   Code   RO          272    CL$$btod_d2e_denorm_low  c_w.l(btod.o)
    0x08002150   0x08002150   0x00000060   Code   RO          271    CL$$btod_d2e_norm_op1  c_w.l(btod.o)
    0x080021b0   0x080021b0   0x00000338   Code   RO          280    CL$$btod_div_common  c_w.l(btod.o)
    0x080024e8   0x080024e8   0x000000dc   Code   RO          277    CL$$btod_e2e        c_w.l(btod.o)
    0x080025c4   0x080025c4   0x0000002a   Code   RO          274    CL$$btod_ediv       c_w.l(btod.o)
    0x080025ee   0x080025ee   0x0000002a   Code   RO          273    CL$$btod_emul       c_w.l(btod.o)
    0x08002618   0x08002618   0x00000244   Code   RO          279    CL$$btod_mult_common  c_w.l(btod.o)
    0x0800285c   0x0800285c   0x00000030   Code   RO          307    i.__ARM_fpclassify  m_wm.l(fpclassify.o)
    0x0800288c   0x0800288c   0x0000000e   Code   RO          175    i._is_digit         c_w.l(__printf_wp.o)
    0x0800289a   0x0800289a   0x00000002   PAD
    0x0800289c   0x0800289c   0x0000002c   Code   RO          295    locale$$code        c_w.l(lc_numeric_c.o)
    0x080028c8   0x080028c8   0x0000002c   Code   RO          317    locale$$code        c_w.l(lc_ctype_c.o)
    0x080028f4   0x080028f4   0x0000000c   Code   RO          208    x$fpl$dretinf       fz_wm.l(dretinf.o)
    0x08002900   0x08002900   0x00000056   Code   RO          114    x$fpl$f2d           fz_wm.l(f2d.o)
    0x08002956   0x08002956   0x0000008c   Code   RO          210    x$fpl$fnaninf       fz_wm.l(fnaninf.o)
    0x080029e2   0x080029e2   0x0000001a   Code   RO          379    x$fpl$fpinit        fz_wm.l(fpinit.o)
    0x080029fc   0x080029fc   0x00000004   Code   RO          212    x$fpl$printf1       fz_wm.l(printf1.o)
    0x08002a00   0x08002a00   0x00000004   Code   RO          214    x$fpl$printf2       fz_wm.l(printf2.o)
    0x08002a04   0x08002a04   0x00000000   Code   RO          220    x$fpl$usenofp       fz_wm.l(usenofp.o)
    0x08002a04   0x08002a04   0x00000008   Data   RO          134    .constdata          c_w.l(_printf_wctomb.o)
    0x08002a0c   0x08002a0c   0x00000028   Data   RO          163    .constdata          c_w.l(_printf_hex_int_ll_ptr.o)
    0x08002a34   0x08002a34   0x00000011   Data   RO          183    .constdata          c_w.l(__printf_flags_ss_wp.o)
    0x08002a45   0x08002a45   0x00000026   Data   RO          245    .constdata          c_w.l(_printf_fp_hex.o)
    0x08002a6b   0x08002a6b   0x00000001   PAD
    0x08002a6c   0x08002a6c   0x00000094   Data   RO          268    .constdata          c_w.l(bigflt0.o)
    0x08002b00   0x08002b00   0x0000000c   Data   RO           39    .rodata.str1.1      btnint.o
    0x08002b0c   0x08002b0c   0x00000006   Data   RO           76    .rodata.str1.1      lcd.o
    0x08002b12   0x08002b12   0x00000002   PAD
    0x08002b14   0x08002b14   0x00000020   Data   RO          454    Region$$Table       anon$$obj.o
    0x08002b34   0x08002b34   0x0000001c   Data   RO          294    locale$$data        c_w.l(lc_numeric_c.o)
    0x08002b50   0x08002b50   0x00000110   Data   RO          316    locale$$data        c_w.l(lc_ctype_c.o)


    Execution Region RW_IRAM1 (Exec base: 0x20000000, Load base: 0x08002c60, Size: 0x00000698, Max: 0x00030000, ABSOLUTE)

    Exec Addr    Load Addr    Size         Type   Attr      Idx    E Section Name        Object

    0x20000000   0x08002c60   0x00000004   Data   RW           27    .data.Countup       btnint.o
    0x20000004   0x08002c64   0x00000004   Data   RW           26    .data.count         btnint.o
    0x20000008   0x08002c68   0x00000001   Data   RW           32    .data.test1         btnint.o
    0x20000009   0x08002c69   0x00000007   PAD
    0x20000010        -       0x00000060   Zero   RW          310    .bss                c_w.l(libspace.o)
    0x20000070        -       0x00000004   Zero   RW           29    .bss.Bit0           btnint.o
    0x20000074        -       0x00000004   Zero   RW           30    .bss.Bit1           btnint.o
    0x20000078        -       0x00000004   Zero   RW           31    .bss.Bit2           btnint.o
    0x2000007c        -       0x00000004   Zero   RW           28    .bss.Downcount_Delay  btnint.o
    0x20000080        -       0x00000004   Zero   RW           35    .bss.b0             btnint.o
    0x20000084        -       0x00000004   Zero   RW           36    .bss.b1             btnint.o
    0x20000088        -       0x00000004   Zero   RW           37    .bss.b2             btnint.o
    0x2000008c        -       0x00000004   Zero   RW           38    .bss.b3             btnint.o
    0x20000090        -       0x00000004   Zero   RW           33    .bss.one1           btnint.o
    0x20000094        -       0x00000004   Zero   RW           34    .bss.one2           btnint.o
    0x20000098        -       0x00000200   Zero   RW           84    HEAP                startup_stm32f429xx.o
    0x20000298        -       0x00000400   Zero   RW           83    STACK               startup_stm32f429xx.o


==============================================================================

Image component sizes


      Code (inc. data)   RO Data    RW Data    ZI Data      Debug   Object Name

      1292          4         12          9         40       7675   btnint.o
      1838          0          6          0          0       4385   lcd.o
        64         26        428          0       1536        880   startup_stm32f429xx.o
        18          0          0          0          0       2686   system_stm32f4xx.o

    ----------------------------------------------------------------------
      3240         30        480         12       1580      15626   Object Totals
         0          0         32          0          0          0   (incl. Generated)
        28          0          2          3          4          0   (incl. Padding)

    ----------------------------------------------------------------------

      Code (inc. data)   RO Data    RW Data    ZI Data      Debug   Library Member Name

         8          0          0          0          0         68   __main.o
       392          4         17          0          0         92   __printf_flags_ss_wp.o
        14          0          0          0          0         68   __printf_wp.o
         0          0          0          0          0          0   __rtentry.o
        12          0          0          0          0          0   __rtentry2.o
         6          0          0          0          0          0   __rtentry4.o
        94          8          0          0          0          0   __scatter.o
        26          0          0          0          0          0   __scatter_copy.o
        28          0          0          0          0          0   __scatter_zi.o
        72          0          0          0          0         96   _c16rtomb.o
         6          0          0          0          0          0   _printf_a.o
         6          0          0          0          0          0   _printf_c.o
        44          0          0          0          0        108   _printf_char.o
        48          6          0          0          0         96   _printf_char_common.o
        40          0          0          0          0         68   _printf_charcount.o
         6          0          0          0          0          0   _printf_d.o
       120         16          0          0          0         92   _printf_dec.o
         6          0          0          0          0          0   _printf_e.o
         6          0          0          0          0          0   _printf_f.o
      1052          0          0          0          0        148   _printf_fp_dec.o
       764          8         38          0          0        100   _printf_fp_hex.o
       128         16          0          0          0         84   _printf_fp_infnan.o
         6          0          0          0          0          0   _printf_g.o
       148          4         40          0          0        160   _printf_hex_int_ll_ptr.o
         6          0          0          0          0          0   _printf_i.o
       178          0          0          0          0         88   _printf_intcommon.o
        10          0          0          0          0          0   _printf_l.o
         6          0          0          0          0          0   _printf_lc.o
        10          0          0          0          0          0   _printf_ll.o
         6          0          0          0          0          0   _printf_lld.o
         6          0          0          0          0          0   _printf_lli.o
         6          0          0          0          0          0   _printf_llo.o
         6          0          0          0          0          0   _printf_llu.o
         6          0          0          0          0          0   _printf_llx.o
       124         16          0          0          0         92   _printf_longlong_dec.o
         6          0          0          0          0          0   _printf_ls.o
         6          0          0          0          0          0   _printf_n.o
         6          0          0          0          0          0   _printf_o.o
       112          8          0          0          0        124   _printf_oct_int_ll.o
         6          0          0          0          0          0   _printf_p.o
        78          0          0          0          0        108   _printf_pad.o
         0          0          0          0          0          0   _printf_percent.o
         4          0          0          0          0          0   _printf_percent_end.o
         6          0          0          0          0          0   _printf_s.o
        82          0          0          0          0         80   _printf_str.o
        36          0          0          0          0         84   _printf_truncate.o
         6          0          0          0          0          0   _printf_u.o
        44          0          0          0          0        108   _printf_wchar.o
       188          6          8          0          0         92   _printf_wctomb.o
         6          0          0          0          0          0   _printf_x.o
        10          0          0          0          0         68   _sputc.o
       228          4        148          0          0         96   bigflt0.o
      1936        128          0          0          0        668   btod.o
        18          0          0          0          0         80   exit.o
         6          0          0          0          0        152   heapauxi.o
         0          0          0          0          0          0   indicate_semi.o
        44         10        272          0          0         76   lc_ctype_c.o
        44         10         28          0          0         76   lc_numeric_c.o
         2          0          0          0          0          0   libinit.o
        34          0          0          0          0          0   libinit2.o
         2          0          0          0          0          0   libshutdown.o
         2          0          0          0          0          0   libshutdown2.o
         8          4          0          0         96         68   libspace.o
       138          0          0          0          0         80   lludiv10.o
        16          4          0          0          0         76   rt_ctype_table.o
         8          4          0          0          0         68   rt_locale_intlibspace.o
         2          0          0          0          0          0   rtexit.o
        10          0          0          0          0          0   rtexit2.o
        44          6          0          0          0         84   sprintf.o
       124          0          0          0          0         88   strcmpv7em.o
        12          4          0          0          0         68   sys_exit.o
        74          0          0          0          0         80   sys_stackheap_outer.o
         2          0          0          0          0         68   use_no_semi.o
        12          0          0          0          0        116   dretinf.o
        86          4          0          0          0        132   f2d.o
       140          4          0          0          0        132   fnaninf.o
        26          0          0          0          0        116   fpinit.o
         4          0          0          0          0        116   printf1.o
         4          0          0          0          0        116   printf2.o
         0          0          0          0          0          0   usenofp.o
        48          0          0          0          0        124   fpclassify.o

    ----------------------------------------------------------------------
      7088        278        552          0         96       4704   Library Totals
        22          4          1          0          0          0   (incl. Padding)

    ----------------------------------------------------------------------

      Code (inc. data)   RO Data    RW Data    ZI Data      Debug   Library Name

      6746        266        551          0         96       3852   c_w.l
       272          8          0          0          0        728   fz_wm.l
        48          0          0          0          0        124   m_wm.l

    ----------------------------------------------------------------------
      7088        278        552          0         96       4704   Library Totals

    ----------------------------------------------------------------------

==============================================================================


      Code (inc. data)   RO Data    RW Data    ZI Data      Debug   

     10328        308       1032         12       1676      17830   Grand Totals
     10328        308       1032         12       1676      17830   ELF Image Totals
     10328        308       1032         12          0          0   ROM Totals

==============================================================================

    Total RO  Size (Code + RO Data)                11360 (  11.09kB)
    Total RW  Size (RW Data + ZI Data)              1688 (   1.65kB)
    Total ROM Size (Code + RO Data + RW Data)      11372 (  11.11kB)

==============================================================================

